<html>
<body>
<pre>
<h1>µVision Build Log</h1>
<h2>Tool Versions:</h2>
IDE-Version: ¦ÌVision V5.36.0.0
Copyright (C) 2021 ARM Ltd and ARM Germany GmbH. All rights reserved.
License Information: shuo liu, sdu, LIC=KRMW3-AVM5U-FW92N-YWPKL-SK4DH-9NB83
 
Tool Versions:
Toolchain:       MDK-ARM Plus  Version: 5.36.0.0
Toolchain Path:  D:\MDK5.36\ARM\ARMCC\Bin
C Compiler:      Armcc.exe V5.06 update 7 (build 960)
Assembler:       Armasm.exe V5.06 update 7 (build 960)
Linker/Locator:  ArmLink.exe V5.06 update 7 (build 960)
Library Manager: ArmAr.exe V5.06 update 7 (build 960)
Hex Converter:   FromElf.exe V5.06 update 7 (build 960)
CPU DLL:         SARMCM3.DLL V5.36.0.0
Dialog DLL:      DCM.DLL V1.17.3.0
Target DLL:      STLink\ST-LINKIII-KEIL_SWO.dll V3.0.9.0
Dialog DLL:      TCM.DLL V1.53.0.0
 
<h2>Project:</h2>
C:\Users\LiuShuo\Desktop\ThresholdCrypto\USER\ThresholdCrypto.uvprojx
Project File Date:  10/27/2024

<h2>Output:</h2>
*** Using Compiler 'V5.06 update 7 (build 960)', folder: 'D:\MDK5.36\ARM\ARMCC\Bin'
*** Warning: You are compiling one or more files of source type C++ and have selected 'use MicroLIB'. MicroLIB does not support C++!
  
Build target 'Target 1'
compiling tendermint2.c...
..\APPLICATION\tendermint2.h(116): warning:  #1295-D: Deprecated declaration tendermint2 - give arg types
  void tendermint2();
..\signature\BN158\bls_BN158.h(51): warning:  #1295-D: Deprecated declaration BLS_BN158_INIT - give arg types
  int BLS_BN158_INIT();
..\APPLICATION\tendermint2.c(45): warning:  #223-D: function "LoRa_Init" declared implicitly
  	while(LoRa_Init())//³õÊ¼»¯LORAÄ£¿é
..\APPLICATION\tendermint2.c(55): warning:  #223-D: function "LoRa_Set" declared implicitly
  	LoRa_Set();
..\APPLICATION\tendermint2.c(104): warning:  #1295-D: Deprecated declaration testdemo - give arg types
  void testdemo();
..\APPLICATION\tendermint2.c(211): warning:  #223-D: function "RNG_Get_RandomNum" declared implicitly
  	u32 ran = RNG_Get_RandomNum();	
..\APPLICATION\tendermint2.c(214): warning:  #223-D: function "CREATE_CSPRNG" declared implicitly
      CREATE_CSPRNG(&RNGx, &RAW);  // initialise strong RNG
..\APPLICATION\tendermint2.c(315): warning:  #223-D: function "RNG_Get_RandomNum" declared implicitly
  	u32 ran = RNG_Get_RandomNum();
..\APPLICATION\tendermint2.c(318): warning:  #223-D: function "CREATE_CSPRNG" declared implicitly
      CREATE_CSPRNG(&RNGx, &RAW);  // initialise strong RNG
..\APPLICATION\tendermint2.c(526): warning:  #177-D: variable "sk_num"  was declared but never referenced
  	BIG_160_28 sk_num;
..\APPLICATION\tendermint2.c(661): warning:  #223-D: function "LoRa_SendData" declared implicitly
  		LoRa_SendData(Send_Data_buff);
..\APPLICATION\tendermint2.c(664): warning:  #223-D: function "LoRa_SendData" declared implicitly
  		LoRa_SendData(Send_Data_buff);
..\APPLICATION\tendermint2.c(760): warning:  #223-D: function "LoRa_SendData" declared implicitly
  		LoRa_SendData(Send_Data_buff);
..\APPLICATION\tendermint2.c(763): warning:  #223-D: function "LoRa_SendData" declared implicitly
  		LoRa_SendData(Send_Data_buff);
..\APPLICATION\tendermint2.c(815): warning:  #223-D: function "init_public_key" declared implicitly
  	init_public_key();
..\APPLICATION\tendermint2.c(823): warning:  #223-D: function "LoRa_SendData" declared implicitly
  		sprintf((char*)Send_Data_buff,"***Threshold_Encryption***");LoRa_SendData(Send_Data_buff);
..\APPLICATION\tendermint2.c(825): warning:  #223-D: function "LoRa_SendData" declared implicitly
  		sprintf((char*)Send_Data_buff,"***Threshold_Signature***");LoRa_SendData(Send_Data_buff);
..\APPLICATION\tendermint2.c(849): warning:  #223-D: function "LoRa_SendData" declared implicitly
  		LoRa_SendData(Send_Data_buff);
..\APPLICATION\tendermint2.c(858): warning:  #223-D: function "LoRa_SendData" declared implicitly
  		LoRa_SendData(Send_Data_buff);
..\APPLICATION\tendermint2.c(871): warning:  #223-D: function "LoRa_Set" declared implicitly
  		LoRa_Set();
..\APPLICATION\tendermint2.c(872): warning:  #223-D: function "LoRa_SendData" declared implicitly
  		sprintf((char*)Send_Data_buff,"SKs::");LoRa_SendData(Send_Data_buff);
..\APPLICATION\tendermint2.c(868): warning:  #177-D: variable "sks"  was declared but never referenced
  	BIG_160_28 sks[6];
..\APPLICATION\tendermint2.c(913): warning:  #177-D: variable "M_FP"  was declared but never referenced
  	FP_BN158 M_FP;
..\APPLICATION\tendermint2.c(937): warning:  #223-D: function "LoRa_SendData" declared implicitly
  	sprintf((char*)Send_Data_buff,"Dealer Time:");LoRa_SendData(Send_Data_buff);
..\APPLICATION\tendermint2.c(61): warning:  #177-D: variable "message"  was declared but never referenced
  static char message[] = "This is a test message";
..\APPLICATION\tendermint2.c: 25 warnings, 0 errors
linking...
Program Size: Code=57436 RO-data=3704 RW-data=5460 ZI-data=291732  
".\Objects\ThresholdCrypto.axf" - 0 Error(s), 25 Warning(s).

<h2>Software Packages used:</h2>

Package Vendor: Keil
                https://www.keil.com/pack/Keil.STM32F7xx_DFP.2.15.2.pack
                Keil.STM32F7xx_DFP.2.15.2
                STMicroelectronics STM32F7 Series Device Support, Drivers and Examples

<h2>Collection of Component include folders:</h2>
  D:\MDK5.36\Packs\Keil\STM32F7xx_DFP\2.15.2\Drivers\CMSIS\Device\ST\STM32F7xx\Include

<h2>Collection of Component Files used:</h2>
Build Time Elapsed:  00:00:03
</pre>
</body>
</html>
