<html>
<body>
<pre>
<h1>礦ision Build Log</h1>
<h2>Tool Versions:</h2>
IDE-Version: μVision V5.36.0.0
Copyright (C) 2021 ARM Ltd and ARM Germany GmbH. All rights reserved.
License Information: shuo liu, sdu, LIC=KRMW3-AVM5U-FW92N-YWPKL-SK4DH-9NB83
 
Tool Versions:
Toolchain:       MDK-ARM Plus  Version: 5.36.0.0
Toolchain Path:  D:\MDK5.36\ARM\ARMCC\Bin
C Compiler:      Armcc.exe V5.06 update 7 (build 960)
Assembler:       Armasm.exe V5.06 update 7 (build 960)
Linker/Locator:  ArmLink.exe V5.06 update 7 (build 960)
Library Manager: ArmAr.exe V5.06 update 7 (build 960)
Hex Converter:   FromElf.exe V5.06 update 7 (build 960)
CPU DLL:         SARMCM3.DLL V5.36.0.0
Dialog DLL:      DCM.DLL V1.17.3.0
Target DLL:      STLink\ST-LINKIII-KEIL_SWO.dll V3.0.9.0
Dialog DLL:      TCM.DLL V1.53.0.0
 
<h2>Project:</h2>
C:\Users\LiuShuo\Desktop\HoneyBadgerBFT_local coin_Multi-hop\USER\HoneyBadgerBFT.uvprojx
Project File Date:  10/31/2024

<h2>Output:</h2>
*** Using Compiler 'V5.06 update 7 (build 960)', folder: 'D:\MDK5.36\ARM\ARMCC\Bin'
*** Warning: You are compiling one or more files of source type C++ and have selected 'use MicroLIB'. MicroLIB does not support C++!
  
Build target 'Target 1'
Note: source file 'D:\MDK5.36\Packs\ARM\mbedTLS\3.1.0\library\aes.c' - object file renamed from '.\Objects\aes.o' to '.\Objects\aes_1.o'.
compiling usart3.c...
..\APPLICATION\tendermint2.h(116): warning:  #1295-D: Deprecated declaration tendermint2 - give arg types
  void tendermint2();
..\BN158\bls_BN158.h(51): warning:  #1295-D: Deprecated declaration BLS_BN158_INIT - give arg types
  int BLS_BN158_INIT();
..\APPLICATION\ABA_Shared.h(127): warning:  #1-D: last line of file ends without a newline
  #endif /* ABA_SHARED_H */
..\USER\utility.h(17): warning:  #1295-D: Deprecated declaration init_public_key - give arg types
  void init_public_key();
..\USER\utility.h(23): warning:  #1-D: last line of file ends without a newline
  #endif /* UTILITY_H */
..\Threshold_Signature\Thres_Sig.h(65): warning:  #1-D: last line of file ends without a newline
  #endif /* THRES_SIG_H */
..\Threshold_Enc\Thres_Enc.h(50): warning:  #1295-D: Deprecated declaration init_thres_enc - give arg types
  void init_thres_enc();
..\Threshold_Enc\Thres_Enc.h(53): warning:  #1295-D: Deprecated declaration Tx_PK_verify_ciphertext - give arg types
  void Tx_PK_verify_ciphertext();
..\Threshold_Enc\Thres_Enc.h(72): warning:  #1-D: last line of file ends without a newline
  #endif /* THRES_SIG_H */
..\APPLICATION\ABA_Shared.h(127): warning:  #1-D: last line of file ends without a newline
  #endif /* ABA_SHARED_H */
..\HARDWARE\USART3\usart3.c: 10 warnings, 0 errors
compiling dma.c...
..\BN158\bls_BN158.h(51): warning:  #1295-D: Deprecated declaration BLS_BN158_INIT - give arg types
  int BLS_BN158_INIT();
..\APPLICATION\tendermint2.h(116): warning:  #1295-D: Deprecated declaration tendermint2 - give arg types
  void tendermint2();
..\APPLICATION\ABA_Shared.h(127): warning:  #1-D: last line of file ends without a newline
  #endif /* ABA_SHARED_H */
..\USER\utility.h(17): warning:  #1295-D: Deprecated declaration init_public_key - give arg types
  void init_public_key();
..\USER\utility.h(23): warning:  #1-D: last line of file ends without a newline
  #endif /* UTILITY_H */
..\Threshold_Signature\Thres_Sig.h(65): warning:  #1-D: last line of file ends without a newline
  #endif /* THRES_SIG_H */
..\Threshold_Enc\Thres_Enc.h(50): warning:  #1295-D: Deprecated declaration init_thres_enc - give arg types
  void init_thres_enc();
..\Threshold_Enc\Thres_Enc.h(53): warning:  #1295-D: Deprecated declaration Tx_PK_verify_ciphertext - give arg types
  void Tx_PK_verify_ciphertext();
..\Threshold_Enc\Thres_Enc.h(72): warning:  #1-D: last line of file ends without a newline
  #endif /* THRES_SIG_H */
..\APPLICATION\ABA_Shared.h(127): warning:  #1-D: last line of file ends without a newline
  #endif /* ABA_SHARED_H */
..\HARDWARE\DMA\dma.c: 10 warnings, 0 errors
compiling tendermint2.c...
..\APPLICATION\tendermint2.h(116): warning:  #1295-D: Deprecated declaration tendermint2 - give arg types
  void tendermint2();
..\BN158\bls_BN158.h(51): warning:  #1295-D: Deprecated declaration BLS_BN158_INIT - give arg types
  int BLS_BN158_INIT();
..\APPLICATION\ABA_Shared.h(127): warning:  #1-D: last line of file ends without a newline
  #endif /* ABA_SHARED_H */
..\USER\utility.h(17): warning:  #1295-D: Deprecated declaration init_public_key - give arg types
  void init_public_key();
..\USER\utility.h(23): warning:  #1-D: last line of file ends without a newline
  #endif /* UTILITY_H */
..\Threshold_Signature\Thres_Sig.h(65): warning:  #1-D: last line of file ends without a newline
  #endif /* THRES_SIG_H */
..\Threshold_Enc\Thres_Enc.h(50): warning:  #1295-D: Deprecated declaration init_thres_enc - give arg types
  void init_thres_enc();
..\Threshold_Enc\Thres_Enc.h(53): warning:  #1295-D: Deprecated declaration Tx_PK_verify_ciphertext - give arg types
  void Tx_PK_verify_ciphertext();
..\Threshold_Enc\Thres_Enc.h(72): warning:  #1-D: last line of file ends without a newline
  #endif /* THRES_SIG_H */
..\APPLICATION\ABA_Shared.h(127): warning:  #1-D: last line of file ends without a newline
  #endif /* ABA_SHARED_H */
..\APPLICATION\tendermint2.c(41): warning:  #223-D: function "init" declared implicitly
  	init();
..\APPLICATION\tendermint2.c(118): warning:  #128-D: loop is not reachable
  	for(u32 i=0;i<RECE_BUF_SIZE;i++)ReceBuff[i]=NULL;
..\APPLICATION\tendermint2.c(130): warning:  #223-D: function "GPIO_Pin_Set" declared implicitly
  	LED0(1);LED1(1);LED2(1);
..\APPLICATION\tendermint2.c: 13 warnings, 0 errors
compiling Thres_Sig.c...
..\APPLICATION\tendermint2.h(116): warning:  #1295-D: Deprecated declaration tendermint2 - give arg types
  void tendermint2();
..\BN158\bls_BN158.h(51): warning:  #1295-D: Deprecated declaration BLS_BN158_INIT - give arg types
  int BLS_BN158_INIT();
..\Threshold_Signature\Thres_Sig.h(65): warning:  #1-D: last line of file ends without a newline
  #endif /* THRES_SIG_H */
..\APPLICATION\ABA_Shared.h(127): warning:  #1-D: last line of file ends without a newline
  #endif /* ABA_SHARED_H */
..\USER\utility.h(17): warning:  #1295-D: Deprecated declaration init_public_key - give arg types
  void init_public_key();
..\USER\utility.h(23): warning:  #1-D: last line of file ends without a newline
  #endif /* UTILITY_H */
..\Threshold_Enc\Thres_Enc.h(50): warning:  #1295-D: Deprecated declaration init_thres_enc - give arg types
  void init_thres_enc();
..\Threshold_Enc\Thres_Enc.h(53): warning:  #1295-D: Deprecated declaration Tx_PK_verify_ciphertext - give arg types
  void Tx_PK_verify_ciphertext();
..\Threshold_Enc\Thres_Enc.h(72): warning:  #1-D: last line of file ends without a newline
  #endif /* THRES_SIG_H */
..\APPLICATION\ABA_Shared.h(127): warning:  #1-D: last line of file ends without a newline
  #endif /* ABA_SHARED_H */
..\Threshold_Signature\Thres_Sig.h(65): warning:  #1-D: last line of file ends without a newline
  #endif /* THRES_SIG_H */
..\Threshold_Signature\Thres_Sig.c(49): warning:  #223-D: function "LoRa_SendData" declared implicitly
  			LoRa_SendData(Send_Data_buff);// id 0 "Hello LoRa"
..\Threshold_Signature\Thres_Sig.c: 12 warnings, 0 errors
compiling btim.c...
..\APPLICATION\tendermint2.h(116): warning:  #1295-D: Deprecated declaration tendermint2 - give arg types
  void tendermint2();
..\BN158\bls_BN158.h(51): warning:  #1295-D: Deprecated declaration BLS_BN158_INIT - give arg types
  int BLS_BN158_INIT();
..\APPLICATION\ABA_Shared.h(127): warning:  #1-D: last line of file ends without a newline
  #endif /* ABA_SHARED_H */
..\USER\utility.h(17): warning:  #1295-D: Deprecated declaration init_public_key - give arg types
  void init_public_key();
..\USER\utility.h(23): warning:  #1-D: last line of file ends without a newline
  #endif /* UTILITY_H */
..\Threshold_Signature\Thres_Sig.h(65): warning:  #1-D: last line of file ends without a newline
  #endif /* THRES_SIG_H */
..\Threshold_Enc\Thres_Enc.h(50): warning:  #1295-D: Deprecated declaration init_thres_enc - give arg types
  void init_thres_enc();
..\Threshold_Enc\Thres_Enc.h(53): warning:  #1295-D: Deprecated declaration Tx_PK_verify_ciphertext - give arg types
  void Tx_PK_verify_ciphertext();
..\Threshold_Enc\Thres_Enc.h(72): warning:  #1-D: last line of file ends without a newline
  #endif /* THRES_SIG_H */
..\APPLICATION\ABA_Shared.h(127): warning:  #1-D: last line of file ends without a newline
  #endif /* ABA_SHARED_H */
..\HARDWARE\TIMER\btim.c(557): warning:  #223-D: function "GPIO_Set" declared implicitly
  	GPIO_Set(GPIOD,PIN14|PIN15,GPIO_MODE_AF,GPIO_OTYPE_PP,GPIO_SPEED_100M,GPIO_PUPD_PU);//复用功能,上拉输出
..\HARDWARE\TIMER\btim.c(558): warning:  #223-D: function "GPIO_AF_Set" declared implicitly
  	GPIO_AF_Set(GPIOD,14,2);	//PD14,AF2 
..\HARDWARE\TIMER\btim.c: 12 warnings, 0 errors
compiling Thres_Enc.c...
..\APPLICATION\tendermint2.h(116): warning:  #1295-D: Deprecated declaration tendermint2 - give arg types
  void tendermint2();
..\BN158\bls_BN158.h(51): warning:  #1295-D: Deprecated declaration BLS_BN158_INIT - give arg types
  int BLS_BN158_INIT();
..\APPLICATION\ABA_Shared.h(127): warning:  #1-D: last line of file ends without a newline
  #endif /* ABA_SHARED_H */
..\USER\utility.h(17): warning:  #1295-D: Deprecated declaration init_public_key - give arg types
  void init_public_key();
..\USER\utility.h(23): warning:  #1-D: last line of file ends without a newline
  #endif /* UTILITY_H */
..\Threshold_Signature\Thres_Sig.h(65): warning:  #1-D: last line of file ends without a newline
  #endif /* THRES_SIG_H */
..\Threshold_Enc\Thres_Enc.h(72): warning:  #1-D: last line of file ends without a newline
  #endif /* THRES_SIG_H */
..\APPLICATION\ABA_Shared.h(127): warning:  #1-D: last line of file ends without a newline
  #endif /* ABA_SHARED_H */
..\Threshold_Enc\Thres_Enc.h(50): warning:  #1295-D: Deprecated declaration init_thres_enc - give arg types
  void init_thres_enc();
..\Threshold_Enc\Thres_Enc.h(53): warning:  #1295-D: Deprecated declaration Tx_PK_verify_ciphertext - give arg types
  void Tx_PK_verify_ciphertext();
..\Threshold_Enc\Thres_Enc.h(72): warning:  #1-D: last line of file ends without a newline
  #endif /* THRES_SIG_H */
..\Threshold_Enc\Thres_Enc.c(103): warning:  #1295-D: Deprecated declaration PK_verify_ciphertext - give arg types
  void PK_verify_ciphertext();
..\Threshold_Enc\Thres_Enc.c(104): warning:  #1295-D: Deprecated declaration SK_decrypt_share - give arg types
  void SK_decrypt_share();
..\Threshold_Enc\Thres_Enc.c(105): warning:  #1295-D: Deprecated declaration PK_verify_share - give arg types
  void PK_verify_share();
..\Threshold_Enc\Thres_Enc.c(106): warning:  #1295-D: Deprecated declaration PK_combine_share - give arg types
  void PK_combine_share();
..\Threshold_Enc\Thres_Enc.c(107): warning:  #1295-D: Deprecated declaration testdemo - give arg types
  void testdemo();
..\Threshold_Enc\Thres_Enc.c(110): warning:  #1295-D: Deprecated declaration Enc_dealer - give arg types
  void Enc_dealer();
..\Threshold_Enc\Thres_Enc.c(116): warning:  #1295-D: Deprecated declaration Tx_PK_verify_ciphertext - give arg types
  void Tx_PK_verify_ciphertext();
..\Threshold_Enc\Thres_Enc.c(145): warning:  #223-D: function "LoRa_SendData" declared implicitly
  		LoRa_SendData(Send_Data_buff);
..\Threshold_Enc\Thres_Enc.c(154): warning:  #223-D: function "LoRa_SendData" declared implicitly
  		LoRa_SendData(Send_Data_buff);
..\Threshold_Enc\Thres_Enc.c(174): warning:  #550-D: variable "private_key_idx"  was set but never used
  	u16 private_key_idx;
..\Threshold_Enc\Thres_Enc.c(293): warning:  #223-D: function "CREATE_CSPRNG" declared implicitly
      CREATE_CSPRNG(&RNGx, &RAW);  // initialise strong RNG
..\Threshold_Enc\Thres_Enc.c(517): warning:  #223-D: function "LoRa_SendData" declared implicitly
  			LoRa_SendData(Send_Data_buff);
..\Threshold_Enc\Thres_Enc.c(520): warning:  #111-D: statement is unreachable
  		return 0;
..\Threshold_Enc\Thres_Enc.c(608): warning:  #550-D: variable "m_"  was set but never used
  	char m_[100];for(int i=0;i<100;i++)m_[i]=NULL;
..\Threshold_Enc\Thres_Enc.c(737): warning:  #1295-D: Deprecated declaration Global_Tx_PK_verify_ciphertext - give arg types
  void Global_Tx_PK_verify_ciphertext();
..\Threshold_Enc\Thres_Enc.c(749): warning:  #177-D: variable "digest"  was declared but never referenced
  	char digest[50];
..\Threshold_Enc\Thres_Enc.c(750): warning:  #177-D: variable "sh256"  was declared but never referenced
  	hash256 sh256;
..\Threshold_Enc\Thres_Enc.c(751): warning:  #177-D: variable "i"  was declared but never referenced
  	int i;
..\Threshold_Enc\Thres_Enc.c(756): warning:  #177-D: variable "mc"  was declared but never referenced
  	char mc[] = "geng1";
..\Threshold_Enc\Thres_Enc.c(770): warning:  #550-D: variable "private_key_idx"  was set but never used
  	u16 private_key_idx;
..\Threshold_Enc\Thres_Enc.c(889): warning:  #223-D: function "CREATE_CSPRNG" declared implicitly
      CREATE_CSPRNG(&RNGx, &RAW);  // initialise strong RNG
..\Threshold_Enc\Thres_Enc.c(1064): warning:  #223-D: function "LoRa_SendData" declared implicitly
  			LoRa_SendData(Send_Data_buff);
..\Threshold_Enc\Thres_Enc.c(1067): warning:  #111-D: statement is unreachable
  		return 0;
..\Threshold_Enc\Thres_Enc.c(1156): warning:  #550-D: variable "m_"  was set but never used
  	char m_[100];for(int i=0;i<100;i++)m_[i]=NULL;
..\Threshold_Enc\Thres_Enc.c: 35 warnings, 0 errors
compiling main.c...
utility.h(17): warning:  #1295-D: Deprecated declaration init_public_key - give arg types
  void init_public_key();
utility.h(23): warning:  #1-D: last line of file ends without a newline
  #endif /* UTILITY_H */
..\APPLICATION\tendermint2.h(116): warning:  #1295-D: Deprecated declaration tendermint2 - give arg types
  void tendermint2();
..\BN158\bls_BN158.h(51): warning:  #1295-D: Deprecated declaration BLS_BN158_INIT - give arg types
  int BLS_BN158_INIT();
..\APPLICATION\ABA_Shared.h(127): warning:  #1-D: last line of file ends without a newline
  #endif /* ABA_SHARED_H */
..\Threshold_Signature\Thres_Sig.h(65): warning:  #1-D: last line of file ends without a newline
  #endif /* THRES_SIG_H */
..\Threshold_Enc\Thres_Enc.h(50): warning:  #1295-D: Deprecated declaration init_thres_enc - give arg types
  void init_thres_enc();
..\Threshold_Enc\Thres_Enc.h(53): warning:  #1295-D: Deprecated declaration Tx_PK_verify_ciphertext - give arg types
  void Tx_PK_verify_ciphertext();
..\Threshold_Enc\Thres_Enc.h(72): warning:  #1-D: last line of file ends without a newline
  #endif /* THRES_SIG_H */
..\APPLICATION\ABA_Shared.h(127): warning:  #1-D: last line of file ends without a newline
  #endif /* ABA_SHARED_H */
main.c(156): warning:  #1295-D: Deprecated declaration ENC_handler - give arg types
  void ENC_handler();
main.c(157): warning:  #1295-D: Deprecated declaration Tx_init - give arg types
  void Tx_init();
main.c(180): warning:  #1295-D: Deprecated declaration Global_TX_init - give arg types
  void Global_TX_init();
main.c(181): warning:  #1295-D: Deprecated declaration Global_RBC_init - give arg types
  void Global_RBC_init();
main.c(182): warning:  #1295-D: Deprecated declaration Global_ABA_init - give arg types
  void Global_ABA_init();
main.c(184): warning:  #1295-D: Deprecated declaration Global_Consensus_Init - give arg types
  void Global_Consensus_Init();
main.c(185): warning:  #1295-D: Deprecated declaration SIG_handler - give arg types
  void SIG_handler();
main.c(186): warning:  #1295-D: Deprecated declaration Global_RBC_INIT_handler - give arg types
  void Global_RBC_INIT_handler();
main.c(187): warning:  #1295-D: Deprecated declaration test_global_init - give arg types
  void test_global_init();
main.c(249): warning:  #223-D: function "LoRa_Init" declared implicitly
  	while(LoRa_Init())//?????LORA???
main.c(259): warning:  #223-D: function "LoRa_Set" declared implicitly
  	LoRa_Set();
main.c(262): warning:  #1295-D: Deprecated declaration RBC_init - give arg types
  void RBC_init();
main.c(265): warning:  #1295-D: Deprecated declaration ABA_init - give arg types
  void ABA_init();
main.c(266): warning:  #1295-D: Deprecated declaration ABA_STATE_handler - give arg types
  void ABA_STATE_handler();
main.c(267): warning:  #1295-D: Deprecated declaration ABA_NACK_handler - give arg types
  void ABA_NACK_handler();
main.c(268): warning:  #1295-D: Deprecated declaration RBC_INIT_handler - give arg types
  void RBC_INIT_handler();
main.c(269): warning:  #1295-D: Deprecated declaration RBC_ER_handler - give arg types
  void RBC_ER_handler();
main.c(270): warning:  #1295-D: Deprecated declaration PACKET_handler - give arg types
  void PACKET_handler();
main.c(465): warning:  #177-D: variable "enc_flag"  was declared but never referenced
  				u8 enc_flag = 0;
main.c(510): warning:  #223-D: function "LoRa_SendData" declared implicitly
  			LoRa_SendData(Send_Data_buff);	
main.c(398): warning:  #177-D: variable "num"  was declared but never referenced
  	u8 num=0,enevtvalue;
main.c(398): warning:  #177-D: variable "enevtvalue"  was declared but never referenced
  	u8 num=0,enevtvalue;
main.c(399): warning:  #177-D: variable "event0flag"  was declared but never referenced
  	static u8 event0flag,event1flag,event2flag;
main.c(399): warning:  #177-D: variable "event1flag"  was declared but never referenced
  	static u8 event0flag,event1flag,event2flag;
main.c(399): warning:  #177-D: variable "event2flag"  was declared but never referenced
  	static u8 event0flag,event1flag,event2flag;
main.c(586): warning:  #167-D: argument of type "u8 *" is incompatible with parameter of type "char *"
  	Tx_PK_encrypt(tx_passwd,enc_tx_passwd[ID]);
main.c(586): warning:  #167-D: argument of type "u8 *" is incompatible with parameter of type "char *"
  	Tx_PK_encrypt(tx_passwd,enc_tx_passwd[ID]);
main.c(633): warning:  #223-D: function "LoRa_Set" declared implicitly
  	LoRa_Set();
main.c(638): warning:  #223-D: function "Global_init_thres_enc" declared implicitly
  	Global_init_thres_enc();
main.c(662): warning:  #223-D: function "Global_Tx_PK_encrypt" declared implicitly
  	Global_Tx_PK_encrypt(tx_passwd,enc_tx_passwd[Group_ID]);
main.c(663): warning:  #223-D: function "Global_Tx_SK_decrypt_share" declared implicitly
  	Global_Tx_SK_decrypt_share(Group_ID, Group_ID);
main.c(775): warning:  #167-D: argument of type "u8 *" is incompatible with parameter of type "char *"
      HASH256_hash(&sh256,hash_v[Group_ID]);
main.c(900): warning:  #167-D: argument of type "uint8_t *" is incompatible with parameter of type "char *"
  		HASH256_hash(&sh256,hash);
main.c(902): warning:  #223-D: function "sign_data" declared implicitly
  		sign_data(hash,sig);
main.c(950): warning:  #167-D: argument of type "u8 *" is incompatible with parameter of type "char *"
      HASH256_hash(&sh256,hash_v[ID]);
main.c(1051): warning:  #940-D: missing return statement at end of non-void function "subset_or_not" 
  }
main.c(1116): warning:  #223-D: function "sign_data" declared implicitly
  		sign_data(hash,sig);
main.c(1170): warning:  #167-D: argument of type "uint8_t *" is incompatible with parameter of type "char *"
  		HASH256_hash(&sh256,hash);
main.c(1172): warning:  #223-D: function "sign_data" declared implicitly
  		sign_data(hash,sig);
main.c(1243): warning:  #167-D: argument of type "uint8_t *" is incompatible with parameter of type "char *"
  		HASH256_hash(&sh256,hash);
main.c(1245): warning:  #223-D: function "sign_data" declared implicitly
  		sign_data(hash,sig);
main.c(1297): warning:  #167-D: argument of type "uint8_t *" is incompatible with parameter of type "char *"
  		HASH256_hash(&sh256,hash);
main.c(1299): warning:  #223-D: function "sign_data" declared implicitly
  		sign_data(hash,sig);
main.c(1338): warning:  #167-D: argument of type "uint8_t *" is incompatible with parameter of type "char *"
  		HASH256_hash(&sh256,hash);
main.c(1340): warning:  #223-D: function "sign_data" declared implicitly
  		sign_data(hash,sig);
main.c(1394): warning:  #167-D: argument of type "uint8_t *" is incompatible with parameter of type "char *"
  	HASH256_hash(&sh256,hash);
main.c(1571): warning:  #223-D: function "Global_Tx_SK_decrypt_share" declared implicitly
  														Global_Tx_SK_decrypt_share(a, IDX);
main.c(1579): warning:  #177-D: variable "flag_a"  was declared but never referenced
  												u8 flag_a = 1;
main.c(1668): warning:  #223-D: function "Global_Tx_SK_decrypt_share" declared implicitly
  														Global_Tx_SK_decrypt_share(a, IDX);
main.c(1676): warning:  #177-D: variable "flag_a"  was declared but never referenced
  												u8 flag_a = 1;
main.c(1772): warning:  #167-D: argument of type "u8 *" is incompatible with parameter of type "char *"
  				HASH256_hash(&sh256,hash_v[s_id]);
main.c(1889): warning:  #223-D: function "LoRa_SendData" declared implicitly
  									LoRa_SendData(Send_Data_buff);
main.c(1955): warning:  #167-D: argument of type "u8 *" is incompatible with parameter of type "char *"
  						Tx_PK_combine_share(k,enc_tx_passwd[k],dec_tx_passwd[k]);
main.c(1955): warning:  #167-D: argument of type "u8 *" is incompatible with parameter of type "char *"
  						Tx_PK_combine_share(k,enc_tx_passwd[k],dec_tx_passwd[k]);
main.c(1992): warning:  #167-D: argument of type "u8 *" is incompatible with parameter of type "char *"
  								HASH256_hash(&sh256,Global_hash_tx[Group_ID]);
main.c(1994): warning:  #223-D: function "sign_data" declared implicitly
  								sign_data(Global_hash_tx[Group_ID],Global_Sig_hash[Global_ID]);
main.c(2002): warning:  #223-D: function "Global_Tx_PK_verify_share" declared implicitly
  				else if(start_Global_Consensus && Global_Tx_PK_verify_share(k, s_id)){
main.c(2007): warning:  #223-D: function "Global_Tx_PK_combine_share" declared implicitly
  						Global_Tx_PK_combine_share(k,enc_tx_passwd[k],dec_tx_passwd[k]);
main.c(2030): warning:  #223-D: function "LoRa_Set" declared implicitly
  								LoRa_Set();	
main.c(2037): warning:  #223-D: function "LoRa_SendData" declared implicitly
  								LoRa_SendData(Send_Data_buff);
main.c(2084): warning:  #223-D: function "LoRa_SendData" declared implicitly
  					LoRa_SendData(Send_Data_buff);
main.c(2134): warning:  #167-D: argument of type "u8 *" is incompatible with parameter of type "char *"
  				HASH256_hash(&sh256,hash_v[s_id]);
main.c(2163): warning:  #223-D: function "LoRa_SendData" declared implicitly
  						LoRa_SendData(Send_Data_buff);
main.c(2170): warning:  #223-D: function "LoRa_SendData" declared implicitly
  						LoRa_SendData(Send_Data_buff);
main.c: 74 warnings, 0 errors
linking...
Program Size: Code=103984 RO-data=12508 RW-data=7144 ZI-data=341536  
".\Objects\HoneyBadgerBFT.axf" - 0 Error(s), 166 Warning(s).

<h2>Software Packages used:</h2>

Package Vendor: ARM
                https://www.keil.com/pack/ARM.mbedTLS.3.1.0.pack
                ARM.mbedTLS.3.1.0
                ARM mbed Cryptographic and SSL/TLS library
   * Component: mbed TLS Version: 3.1.0

Package Vendor: Keil
                https://www.keil.com/pack/Keil.STM32F7xx_DFP.2.15.2.pack
                Keil.STM32F7xx_DFP.2.15.2
                STMicroelectronics STM32F7 Series Device Support, Drivers and Examples

<h2>Collection of Component include folders:</h2>
  .\RTE\Security
  .\RTE\_Target_1
  D:\MDK5.36\Packs\ARM\mbedTLS\3.1.0\RTE\include
  D:\MDK5.36\Packs\ARM\mbedTLS\3.1.0\include
  D:\MDK5.36\Packs\Keil\STM32F7xx_DFP\2.15.2\Drivers\CMSIS\Device\ST\STM32F7xx\Include

<h2>Collection of Component Files used:</h2>

   * Component: ARM::Security:mbed TLS:3.1.0
      Source file:   library\aes.c
      Source file:   library\asn1parse.c
      Source file:   library\asn1write.c
      Source file:   library\base64.c
      Source file:   library\bignum.c
      Include file:  RTE\configs\mbedTLS_config.h
      Source file:   library\aria.c
      Include file:  RTE\configs\mbedTLS_crypto_config.h
      Source file:   library\debug.c
      Source file:   library\md.c
      Source file:   library\chacha20.c
      Source file:   library\md5.c
      Source file:   library\mps_reader.c
      Source file:   library\mps_trace.c
      Source file:   library\cipher_wrap.c
      Source file:   library\net_sockets.c
      Source file:   library\entropy.c
      Source file:   library\ctr_drbg.c
      Source file:   library\ecdh.c
      Source file:   library\cmac.c
      Source file:   library\ecp.c
      Source file:   library\ecp_curves.c
      Source file:   library\des.c
      Source file:   library\ecdsa.c
      Source file:   library\constant_time.c
      Source file:   library\hmac_drbg.c
      Source file:   library\memory_buffer_alloc.c
      Source file:   library\cipher.c
      Source file:   library\ecjpake.c
      Source file:   library\camellia.c
      Source file:   library\ccm.c
      Source file:   library\dhm.c
      Source file:   library\chachapoly.c
      Source file:   library\entropy_poll.c
      Source file:   library\error.c
      Source file:   library\gcm.c
      Source file:   library\hkdf.c
      Source file:   library\oid.c
      Source file:   library\pem.c
      Source file:   library\pkcs12.c
      Source file:   library\pkcs5.c
      Source file:   library\pk.c
      Source file:   library\platform_util.c
      Source file:   library\pkwrite.c
      Source file:   library\psa_crypto_aead.c
      Source file:   library\poly1305.c
      Source file:   library\pkparse.c
      Source file:   library\psa_crypto.c
      Source file:   library\psa_crypto_cipher.c
      Source file:   library\platform.c
      Source file:   library\nist_kw.c
      Source file:   library\pk_wrap.c
      Source file:   library\psa_crypto_client.c
      Source file:   library\sha256.c
      Source file:   library\ssl_cache.c
      Source file:   library\ssl_ciphersuites.c
      Source file:   library\rsa_alt_helpers.c
      Source file:   library\sha512.c
      Source file:   library\ssl_tls13_generic.c
      Source file:   library\psa_crypto_hash.c
      Source file:   library\ssl_tls13_keys.c
      Source file:   library\psa_crypto_slot_management.c
      Source file:   library\psa_crypto_ecp.c
      Source file:   library\psa_crypto_storage.c
      Source file:   library\ssl_ticket.c
      Source file:   library\sha1.c
      Source file:   library\ssl_debug_helpers_generated.c
      Source file:   library\psa_its_file.c
      Source file:   library\ripemd160.c
      Source file:   library\ssl_cookie.c
      Source file:   library\ssl_tls13_server.c
      Source file:   library\threading.c
      Source file:   library\ssl_cli.c
      Source file:   library\ssl_tls13_client.c
      Source file:   library\psa_crypto_driver_wrappers.c
      Source file:   library\psa_crypto_mac.c
      Source file:   library\ssl_tls.c
      Source file:   library\rsa.c
      Source file:   library\ssl_msg.c
      Source file:   library\ssl_srv.c
      Source file:   library\timing.c
      Source file:   library\version.c
      Source file:   library\version_features.c
      Source file:   library\psa_crypto_rsa.c
      Source file:   library\psa_crypto_se.c
      Source file:   library\x509_crt.c
      Source file:   library\x509_create.c
      Source file:   library\x509.c
      Source file:   library\x509write_crt.c
      Source file:   library\x509_crl.c
      Source file:   library\x509_csr.c
      Source file:   library\x509write_csr.c
Build Time Elapsed:  00:00:09
</pre>
</body>
</html>
