Component: ARM Compiler 5.06 update 7 (build 960) Tool: armlink [4d3601]

==============================================================================

Section Cross References

    main.o(i.ABA_AUX_handler) refers to memseta.o(.text) for __aeabi_memclr4
    main.o(i.ABA_AUX_handler) refers to hash.o(i.HASH256_init) for HASH256_init
    main.o(i.ABA_AUX_handler) refers to hash.o(i.HASH256_process) for HASH256_process
    main.o(i.ABA_AUX_handler) refers to hash.o(i.HASH256_hash) for HASH256_hash
    main.o(i.ABA_AUX_handler) refers to thres_sig.o(i.sign_data) for sign_data
    main.o(i.ABA_AUX_handler) refers to stm32f7xx_hal_uart.o(i.HAL_UART_Transmit) for HAL_UART_Transmit
    main.o(i.ABA_AUX_handler) refers to main.o(.data) for start_Global_Consensus
    main.o(i.ABA_AUX_handler) refers to main.o(.bss) for AUX
    main.o(i.ABA_AUX_handler) refers to tendermint2.o(.bss) for Send_Data_buff
    main.o(i.ABA_AUX_handler) refers to usart3.o(.bss) for uart3_handler
    main.o(i.ABA_BVAL_handler) refers to memseta.o(.text) for __aeabi_memclr4
    main.o(i.ABA_BVAL_handler) refers to hash.o(i.HASH256_init) for HASH256_init
    main.o(i.ABA_BVAL_handler) refers to hash.o(i.HASH256_process) for HASH256_process
    main.o(i.ABA_BVAL_handler) refers to hash.o(i.HASH256_hash) for HASH256_hash
    main.o(i.ABA_BVAL_handler) refers to thres_sig.o(i.sign_data) for sign_data
    main.o(i.ABA_BVAL_handler) refers to stm32f7xx_hal_uart.o(i.HAL_UART_Transmit) for HAL_UART_Transmit
    main.o(i.ABA_BVAL_handler) refers to main.o(.data) for start_Global_Consensus
    main.o(i.ABA_BVAL_handler) refers to main.o(.bss) for BVAL
    main.o(i.ABA_BVAL_handler) refers to tendermint2.o(.bss) for Send_Data_buff
    main.o(i.ABA_BVAL_handler) refers to usart3.o(.bss) for uart3_handler
    main.o(i.ABA_NACK_handler) refers to memseta.o(.text) for __aeabi_memclr4
    main.o(i.ABA_NACK_handler) refers to hash.o(i.HASH256_init) for HASH256_init
    main.o(i.ABA_NACK_handler) refers to hash.o(i.HASH256_process) for HASH256_process
    main.o(i.ABA_NACK_handler) refers to hash.o(i.HASH256_hash) for HASH256_hash
    main.o(i.ABA_NACK_handler) refers to thres_sig.o(i.sign_data) for sign_data
    main.o(i.ABA_NACK_handler) refers to stm32f7xx_hal_uart.o(i.HAL_UART_Transmit) for HAL_UART_Transmit
    main.o(i.ABA_NACK_handler) refers to main.o(.data) for start_Global_Consensus
    main.o(i.ABA_NACK_handler) refers to tendermint2.o(.bss) for Send_Data_buff
    main.o(i.ABA_NACK_handler) refers to main.o(.bss) for ACK_BVAL
    main.o(i.ABA_NACK_handler) refers to usart3.o(.bss) for uart3_handler
    main.o(i.ABA_SHARE_handler) refers to thres_sig.o(i.Coin_SK_sign) for Coin_SK_sign
    main.o(i.ABA_SHARE_handler) refers to memseta.o(.text) for __aeabi_memclr4
    main.o(i.ABA_SHARE_handler) refers to hash.o(i.HASH256_init) for HASH256_init
    main.o(i.ABA_SHARE_handler) refers to hash.o(i.HASH256_process) for HASH256_process
    main.o(i.ABA_SHARE_handler) refers to hash.o(i.HASH256_hash) for HASH256_hash
    main.o(i.ABA_SHARE_handler) refers to thres_sig.o(i.sign_data) for sign_data
    main.o(i.ABA_SHARE_handler) refers to stm32f7xx_hal_uart.o(i.HAL_UART_Transmit) for HAL_UART_Transmit
    main.o(i.ABA_SHARE_handler) refers to main.o(.data) for start_Global_Consensus
    main.o(i.ABA_SHARE_handler) refers to tendermint2.o(.bss) for Send_Data_buff
    main.o(i.ABA_SHARE_handler) refers to main.o(.bss) for ACK_ABA_share
    main.o(i.ABA_SHARE_handler) refers to usart3.o(.bss) for uart3_handler
    main.o(i.ABA_STATE_handler) refers to thres_sig.o(i.Coin_SK_sign) for Coin_SK_sign
    main.o(i.ABA_STATE_handler) refers to memseta.o(.text) for __aeabi_memclr4
    main.o(i.ABA_STATE_handler) refers to hash.o(i.HASH256_init) for HASH256_init
    main.o(i.ABA_STATE_handler) refers to hash.o(i.HASH256_process) for HASH256_process
    main.o(i.ABA_STATE_handler) refers to hash.o(i.HASH256_hash) for HASH256_hash
    main.o(i.ABA_STATE_handler) refers to thres_sig.o(i.sign_data) for sign_data
    main.o(i.ABA_STATE_handler) refers to stm32f7xx_hal_uart.o(i.HAL_UART_Transmit) for HAL_UART_Transmit
    main.o(i.ABA_STATE_handler) refers to main.o(.data) for start_Global_Consensus
    main.o(i.ABA_STATE_handler) refers to tendermint2.o(.bss) for Send_Data_buff
    main.o(i.ABA_STATE_handler) refers to main.o(.bss) for BVAL
    main.o(i.ABA_STATE_handler) refers to usart3.o(.bss) for uart3_handler
    main.o(i.ABA_init) refers to main.o(.data) for cur_aba_id
    main.o(i.ABA_init) refers to main.o(.bss) for ABA_share_Number
    main.o(i.CBC_ECHO_handler) refers to memseta.o(.text) for __aeabi_memclr4
    main.o(i.CBC_ECHO_handler) refers to hash.o(i.HASH256_init) for HASH256_init
    main.o(i.CBC_ECHO_handler) refers to hash.o(i.HASH256_process) for HASH256_process
    main.o(i.CBC_ECHO_handler) refers to hash.o(i.HASH256_hash) for HASH256_hash
    main.o(i.CBC_ECHO_handler) refers to thres_sig.o(i.sign_data) for sign_data
[...]
    uwTickPrio                               0x2000000c   Data           4  stm32f7xx_hal.o(.data)
    uwTickFreq                               0x20000010   Data           1  stm32f7xx_hal.o(.data)
    pxCurrentTCB                             0x20000014   Data           4  tasks.o(.data)
    tmp_1                                    0x20000064   Data           4  port.o(.data)
    tmp_times                                0x20000068   Data           4  port.o(.data)
    LoRa_CFG                                 0x20000084   Data          14  mw1268_app.o(.data)
    Lora_Device_Sta                          0x20000092   Data           1  mw1268_app.o(.data)
    Lora_Int_Sta                             0x20000093   Data           1  mw1268_app.o(.data)
    Dire_Date                                0x20000094   Data           5  mw1268_app.o(.data)
    SystemCoreClock                          0x2000009c   Data           4  system_stm32f7xx.o(.data)
    thres_private_key_string                 0x200000a0   Data         476  thres_sig.o(.data)
    thres_public_key_string                  0x2000027c   Data         610  thres_sig.o(.data)
    players                                  0x200004de   Data           1  thres_sig.o(.data)
    Thres_k                                  0x200004df   Data           1  thres_sig.o(.data)
    thres_enc_private_key_string             0x200004e0   Data         476  thres_enc.o(.data)
    thres_enc_public_key_string              0x200006bc   Data         610  thres_enc.o(.data)
    Global_thres_enc_private_key_string      0x2000091e   Data         476  thres_enc.o(.data)
    Global_thres_enc_public_key_string       0x20000afa   Data         610  thres_enc.o(.data)
    Enc_players                              0x20000d5c   Data           1  thres_enc.o(.data)
    Enc_Thres_k                              0x20000d5d   Data           1  thres_enc.o(.data)
    USART_RX_BUF                             0x20000d64   Data         200  usart.o(.bss)
    UART1_Handler                            0x20000e2c   Data         136  usart.o(.bss)
    UART3RxDMA_Handler                       0x20000eb4   Data          96  dma.o(.bss)
    UART3TxDMA_Handler                       0x20000f14   Data          96  dma.o(.bss)
    ReceBuff                                 0x20000f74   Data         400  dma.o(.bss)
    DMA_buffer                               0x20001104   Data       30000  dma.o(.bss)
    xQueueRegistry                           0x20008634   Data          64  queue.o(.bss)
    date                                     0x20008980   Data          30  mw1268_app.o(.bss)
    Tran_Data                                0x2000899e   Data         800  mw1268_app.o(.bss)
    M                                        0x20008cc0   Data          50  thres_sig.o(.bss)
    G1                                       0x20008cf4   Data          84  thres_sig.o(.bss)
    G2                                       0x20008d48   Data         168  thres_sig.o(.bss)
    g1                                       0x20008df0   Data          84  thres_sig.o(.bss)
    g2                                       0x20008e44   Data         168  thres_sig.o(.bss)
    a                                        0x20008eec   Data         240  thres_sig.o(.bss)
    S                                        0x20008fdc   Data          20  thres_sig.o(.bss)
    SECRET                                   0x20008ff0   Data          24  thres_sig.o(.bss)
    SKs                                      0x20009008   Data         480  thres_sig.o(.bss)
    VK                                       0x200091e8   Data         168  thres_sig.o(.bss)
    VKs                                      0x20009290   Data        3360  thres_sig.o(.bss)
    M_point                                  0x20009fb0   Data          84  thres_sig.o(.bss)
    Sigs                                     0x2000a004   Data        1680  thres_sig.o(.bss)
    SIG                                      0x2000a694   Data          84  thres_sig.o(.bss)
    g1_num                                   0x2000a6e8   Data          24  thres_sig.o(.bss)
    random_sleep_flag                        0x20020000   Data           1  main.o(.data)
    Total_low_time                           0x20020004   Data           4  main.o(.data)
    low_flag                                 0x20020008   Data           1  main.o(.data)
    low_IDX                                  0x2002000c   Data           4  main.o(.data)
    Packet_len                               0x20020010   Data           4  main.o(.data)
    MY_TIME                                  0x20020014   Data           4  main.o(.data)
    MY_Consensus_TIME                        0x20020018   Data           4  main.o(.data)
    cur_aba_id                               0x2002001c   Data           1  main.o(.data)
    state_aba                                0x2002001d   Data           1  main.o(.data)
    TIM5_Exceed_Times                        0x20020020   Data           4  main.o(.data)
    TIM2_Exceed_Times                        0x20020024   Data           4  main.o(.data)
    STATE_Set                                0x20020028   Data           8  main.o(.data)
    STATE_Set_Number                         0x20020030   Data           1  main.o(.data)
    NACK_Set                                 0x20020031   Data           8  main.o(.data)
    NACK_Set_Number                          0x20020039   Data           1  main.o(.data)
    ABA_decided                              0x2002003a   Data           8  main.o(.data)
    ABA_round                                0x20020042   Data           8  main.o(.data)
    ABA_R                                    0x2002004a   Data           8  main.o(.data)
    Block_each_Size                          0x20020052   Data           8  main.o(.data)
    RBC_Block                                0x2002005a   Data           8  main.o(.data)
    RBC_Block_Number                         0x20020062   Data           8  main.o(.data)
    RBC_Init                                 0x2002006a   Data           8  main.o(.data)
    RBC_Echo                                 0x20020072   Data           8  main.o(.data)
    RBC_Echo_Number                          0x2002007a   Data           8  main.o(.data)
    RBC_Ready                                0x20020082   Data           8  main.o(.data)
    RBC_Ready_Number                         0x2002008a   Data           8  main.o(.data)
    RBC_done                                 0x20020092   Data           8  main.o(.data)
    RBC_done_Number                          0x2002009a   Data           1  main.o(.data)
    ACK_PRBC_share_Number                    0x2002009b   Data           8  main.o(.data)
    PRBC_done_Number                         0x200200a3   Data           1  main.o(.data)
    need_EVENT_RBC_ER                        0x200200a4   Data           1  main.o(.data)
    ACK_CBC_Echo                             0x200200a5   Data           8  main.o(.data)
    CBC_Echo                                 0x200200ad   Data           8  main.o(.data)
    My_CBC_Echo_Number                       0x200200b5   Data           1  main.o(.data)
    ACK_CBC_Finish                           0x200200b6   Data           8  main.o(.data)
    CBC_done_Number                          0x200200be   Data           1  main.o(.data)
    ACK_VAL_CBC_Number                       0x200200bf   Data           8  main.o(.data)
    ACK_VAL_CBC_Echo                         0x200200c7   Data           8  main.o(.data)
    VAL_CBC_Echo                             0x200200cf   Data           8  main.o(.data)
    My_VAL_CBC_Echo_Number                   0x200200d7   Data           1  main.o(.data)
    ACK_VAL_CBC_Finish                       0x200200d8   Data           8  main.o(.data)
    VAL_CBC_done_Number                      0x200200e0   Data           1  main.o(.data)
    W_arr                                    0x200200e1   Data           2  main.o(.data)
    Proposal_Packet_Size                     0x200200e4   Data           4  main.o(.data)
    Tx_shares_Number                         0x200200e8   Data           8  main.o(.data)
    dec_tx_flag                              0x200200f0   Data           8  main.o(.data)
    dec_tx_number                            0x200200f8   Data           1  main.o(.data)
    dec_done_number                          0x200200f9   Data           1  main.o(.data)
    RBC_init_Number                          0x200200fa   Data           1  main.o(.data)
    CBC_v_number                             0x200200fb   Data           1  main.o(.data)
    start_Global_Consensus                   0x200200fc   Data           1  main.o(.data)
    Global_Sig_hash_Number                   0x200200fd   Data           1  main.o(.data)
    Global_Proposal_Packet_Size              0x20020100   Data           4  main.o(.data)
    Global_Group_Block_Num                   0x20020104   Data           5  main.o(.data)
    Global_RBC_Block_Number                  0x20020109   Data           5  main.o(.data)
    StartTask_Handler                        0x20020110   Data           4  main.o(.data)
    CSMACA_PBFT_Task_Handler                 0x20020114   Data           4  main.o(.data)
    EventSetBit_Handler                      0x20020118   Data           4  main.o(.data)
    EventGroupTask_Handler                   0x2002011c   Data           4  main.o(.data)
    decidd_flag                              0x20020120   Data           1  main.o(.data)
    ttt                                      0x20020121   Data           1  main.o(.data)
    xxx                                      0x20020122   Data           1  main.o(.data)
    mmm                                      0x20020123   Data           1  main.o(.data)
    nnn                                      0x20020124   Data           1  main.o(.data)
    public_key_string                        0x20020128   Data        3072  utility.o(.data)
    private_key_string                       0x20020d28   Data        1536  utility.o(.data)
    led2sta                                  0x2002132e   Data           1  led.o(.data)
    led1sta                                  0x2002132f   Data           1  led.o(.data)
    led0sta                                  0x20021330   Data           1  led.o(.data)
    USART3_RX_STA                            0x20021348   Data           2  usart3.o(.data)
    low_time                                 0x2002136c   Data        1600  main.o(.bss)
    wfi_time                                 0x200219ac   Data        1600  main.o(.bss)
    ABA_share                                0x20021fec   Data       26880  main.o(.bss)
    ACK_ABA_share                            0x200288ec   Data        1280  main.o(.bss)
    ABA_share_Number                         0x20028dec   Data         160  main.o(.bss)
    Shared_Coin                              0x20028e8c   Data         160  main.o(.bss)
    COIN                                     0x20028f2c   Data          21  main.o(.bss)
    est                                      0x20028f41   Data         160  main.o(.bss)
    bin_values                               0x20028fe1   Data         320  main.o(.bss)
    BVAL                                     0x20029121   Data         320  main.o(.bss)
    ACK_BVAL                                 0x20029261   Data        2560  main.o(.bss)
    ACK_BVAL_Number                          0x20029c61   Data         320  main.o(.bss)
    AUX                                      0x20029da1   Data         320  main.o(.bss)
    vals                                     0x20029ee1   Data         320  main.o(.bss)
    ACK_AUX                                  0x2002a021   Data        2560  main.o(.bss)
    ACK_AUX_Number                           0x2002aa21   Data         320  main.o(.bss)
    ABA_time                                 0x2002ab64   Data          32  main.o(.bss)
    ABA_round_time                           0x2002ab84   Data         160  main.o(.bss)
    Block                                    0x2002ac24   Data        1520  main.o(.bss)
    hash_v                                   0x2002b214   Data         256  main.o(.bss)
    ACK_RBC_Echo                             0x2002b314   Data          64  main.o(.bss)
    ACK_RBC_Ready                            0x2002b354   Data          64  main.o(.bss)
    ACK_PRBC_share                           0x2002b394   Data          64  main.o(.bss)
    PRBC_share                               0x2002b3d4   Data        1344  main.o(.bss)
    PRBC_sig                                 0x2002b914   Data         168  main.o(.bss)
    tmp_block                                0x2002b9bc   Data         190  main.o(.bss)
    tmp_hash                                 0x2002ba7a   Data          32  main.o(.bss)
    CBC_v                                    0x2002ba9a   Data          24  main.o(.bss)
    CBC_Echo_Share                           0x2002bab2   Data         168  main.o(.bss)
    My_CBC_Echo_Share                        0x2002bb5a   Data         168  main.o(.bss)
    CBC_Finish_Share                         0x2002bc02   Data         168  main.o(.bss)
    VAL_CBC_v                                0x2002bcaa   Data        1344  main.o(.bss)
    ACK_VAL_CBC                              0x2002c1ea   Data          64  main.o(.bss)
    VAL_CBC_Echo_Share                       0x2002c22a   Data         168  main.o(.bss)
    My_VAL_CBC_Echo_Share                    0x2002c2d2   Data         168  main.o(.bss)
    VAL_CBC_Finish_Share                     0x2002c37a   Data         168  main.o(.bss)
    Transaction                              0x2002c422   Data        1024  main.o(.bss)
    tx_passwd                                0x2002c822   Data          16  main.o(.bss)
    enc_tx_passwd                            0x2002c832   Data         128  main.o(.bss)
    dec_tx_passwd                            0x2002c8b2   Data         128  main.o(.bss)
    tmp_tx_buff                              0x2002c932   Data         900  main.o(.bss)
    tmp_enc_tx_buff                          0x2002ccb6   Data         900  main.o(.bss)
    tmp_dec_tx_buff                          0x2002d03a   Data         900  main.o(.bss)
    ACK_Share                                0x2002d3be   Data          64  main.o(.bss)
    Tx_Share                                 0x2002d3fe   Data        1344  main.o(.bss)
    Tx_U                                     0x2002d940   Data         672  main.o(.bss)
    Tx_U_str                                 0x2002dbe0   Data         168  main.o(.bss)
    Tx_W                                     0x2002dc88   Data        1344  main.o(.bss)
    Tx_H                                     0x2002e1c8   Data        1344  main.o(.bss)
    Tx_shares                                0x2002e708   Data       13440  main.o(.bss)
    Tx_shares_str                            0x20031b88   Data        3360  main.o(.bss)
    tmp_buff                                 0x200328a8   Data        3000  main.o(.bss)
    Global_Transaction                       0x20033460   Data        2560  main.o(.bss)
    Global_Proposal_Size                     0x20033e60   Data          20  main.o(.bss)
    Global_hash_tx                           0x20033e74   Data         160  main.o(.bss)
    Global_Sig_hash                          0x20033f14   Data         680  main.o(.bss)
    ACK_Global_Sig_hash                      0x200341bc   Data          17  main.o(.bss)
    Global_tmp_tx_buff                       0x200341cd   Data        4000  main.o(.bss)
    Global_Block                             0x2003516d   Data        8550  main.o(.bss)
    Global_Block_each_Size                   0x200372d3   Data          45  main.o(.bss)
    Global_RBC_Block                         0x20037300   Data         100  main.o(.bss)
    buff                                     0x20037364   Data         300  main.o(.bss)
    private_key                              0x20037490   Data         544  utility.o(.bss)
    public_key                               0x200376b0   Data        1088  utility.o(.bss)
    RNG_Handler                              0x20037af0   Data          16  rng.o(.bss)
    timx_handler                             0x20037b00   Data          76  btim.o(.bss)
    tim5_handler                             0x20037b4c   Data          76  btim.o(.bss)
    tim2_handler                             0x20037b98   Data          76  btim.o(.bss)
    tim9_handler                             0x20037be4   Data          76  btim.o(.bss)
    tim10_handler                            0x20037c30   Data          76  btim.o(.bss)
    hlptim1                                  0x20037c7c   Data          48  btim.o(.bss)
    uart3RxBuffer                            0x20037cac   Data        1024  usart3.o(.bss)
    uart3TxBuffer                            0x200380ac   Data        1024  usart3.o(.bss)
    uart3_handler                            0x200384ac   Data         136  usart3.o(.bss)
    curves                                   0x2004755c   Data          20  tendermint2.o(.bss)
    Send_Data_buff                           0x20047570   Data         800  tendermint2.o(.bss)
    Enc_SKs                                  0x20047890   Data         480  thres_enc.o(.bss)
    Enc_VK                                   0x20047a70   Data         168  thres_enc.o(.bss)
    Enc_VKs                                  0x20047b18   Data        3360  thres_enc.o(.bss)
    Enc_G1                                   0x20048838   Data          84  thres_enc.o(.bss)
    Enc_G2                                   0x2004888c   Data         168  thres_enc.o(.bss)
    Enc_g1                                   0x20048934   Data          84  thres_enc.o(.bss)
    Enc_g2                                   0x20048988   Data         168  thres_enc.o(.bss)
    Enc_S                                    0x20048a30   Data          20  thres_enc.o(.bss)
    R_num                                    0x20048a44   Data          24  thres_enc.o(.bss)
    R                                        0x20048a5c   Data          28  thres_enc.o(.bss)
    RES                                      0x20048a78   Data          84  thres_enc.o(.bss)
    g12                                      0x20048acc   Data         168  thres_enc.o(.bss)
    pair1                                    0x20048b74   Data         340  thres_enc.o(.bss)
    g21                                      0x20048cc8   Data          84  thres_enc.o(.bss)
    pair2                                    0x20048d1c   Data         340  thres_enc.o(.bss)
    U                                        0x20048e70   Data          84  thres_enc.o(.bss)
    shares                                   0x20048ec4   Data        1680  thres_enc.o(.bss)
    V                                        0x20049554   Data          50  thres_enc.o(.bss)
    W                                        0x20049588   Data         168  thres_enc.o(.bss)
    H                                        0x20049630   Data         168  thres_enc.o(.bss)
    Enc_M                                    0x200496d8   Data          50  thres_enc.o(.bss)
    Enc_M_                                   0x2004970a   Data          50  thres_enc.o(.bss)
    Enc_g1_num                               0x2004973c   Data          24  thres_enc.o(.bss)
    Global_Enc_SKs                           0x20049754   Data         480  thres_enc.o(.bss)
    Global_Enc_VK                            0x20049934   Data         168  thres_enc.o(.bss)
    Global_Enc_VKs                           0x200499dc   Data        3360  thres_enc.o(.bss)
    __initial_sp                             0x2006a700   Data           0  startup_stm32f767xx.o(STACK)



==============================================================================

Memory Map of the image

  Image Entry point : 0x080001f9

  Load Region LR_IROM1 (Base: 0x08000000, Size: 0x0001af3c, Max: 0x00200000, ABSOLUTE, COMPRESSED[0x0001a040])

    Execution Region ER_IROM1 (Exec base: 0x08000000, Load base: 0x08000000, Size: 0x00018e6c, Max: 0x00200000, ABSOLUTE)

    Exec Addr    Load Addr    Size         Type   Attr      Idx    E Section Name        Object

    0x08000000   0x08000000   0x000001f8   Data   RO         4590    RESET               startup_stm32f767xx.o
    0x080001f8   0x080001f8   0x00000000   Code   RO        10638  * .ARM.Collect$$$$00000000  mc_w.l(entry.o)
    0x080001f8   0x080001f8   0x00000004   Code   RO        10930    .ARM.Collect$$$$00000001  mc_w.l(entry2.o)
    0x080001fc   0x080001fc   0x00000004   Code   RO        10933    .ARM.Collect$$$$00000004  mc_w.l(entry5.o)
    0x08000200   0x08000200   0x00000000   Code   RO        10935    .ARM.Collect$$$$00000008  mc_w.l(entry7b.o)
    0x08000200   0x08000200   0x00000000   Code   RO        10937    .ARM.Collect$$$$0000000A  mc_w.l(entry8b.o)
    0x08000200   0x08000200   0x00000008   Code   RO        10938    .ARM.Collect$$$$0000000B  mc_w.l(entry9a.o)
    0x08000208   0x08000208   0x00000004   Code   RO        10945    .ARM.Collect$$$$0000000E  mc_w.l(entry12b.o)
    0x0800020c   0x0800020c   0x00000000   Code   RO        10940    .ARM.Collect$$$$0000000F  mc_w.l(entry10a.o)
    0x0800020c   0x0800020c   0x00000000   Code   RO        10942    .ARM.Collect$$$$00000011  mc_w.l(entry11a.o)
    0x0800020c   0x0800020c   0x00000004   Code   RO        10931    .ARM.Collect$$$$00002712  mc_w.l(entry2.o)
    0x08000210   0x08000210   0x000000ba   Code   RO         6048    .emb_text           port.o
    0x080002ca   0x080002ca   0x00000002   PAD
    0x080002cc   0x080002cc   0x00000024   Code   RO         4591    .text               startup_stm32f767xx.o
    0x080002f0   0x080002f0   0x00000062   Code   RO        10649    .text               mc_w.l(uldiv.o)
    0x08000352   0x08000352   0x0000001e   Code   RO        10651    .text               mc_w.l(llshl.o)
    0x08000370   0x08000370   0x00000020   Code   RO        10653    .text               mc_w.l(llushr.o)
    0x08000390   0x08000390   0x00000024   Code   RO        10655    .text               mc_w.l(memcpya.o)
    0x080003b4   0x080003b4   0x00000024   Code   RO        10659    .text               mc_w.l(memseta.o)
    0x080003d8   0x080003d8   0x00000024   Code   RO        10661    .text               mc_w.l(strstr.o)
    0x080003fc   0x080003fc   0x0000000e   Code   RO        10663    .text               mc_w.l(strlen.o)
    0x0800040a   0x0800040a   0x0000002c   Code   RO        10957    .text               mc_w.l(uidiv.o)
    0x08000436   0x08000436   0x00000000   Code   RO        10959    .text               mc_w.l(iusefp.o)
    0x08000436   0x08000436   0x0000014e   Code   RO        10960    .text               mf_w.l(dadd.o)
    0x08000584   0x08000584   0x000000e4   Code   RO        10962    .text               mf_w.l(dmul.o)
    0x08000668   0x08000668   0x000000de   Code   RO        10964    .text               mf_w.l(ddiv.o)
    0x08000746   0x08000746   0x00000030   Code   RO        10966    .text               mf_w.l(dfixul.o)
    0x08000776   0x08000776   0x00000002   PAD
    0x08000778   0x08000778   0x00000030   Code   RO        10968    .text               mf_w.l(cdrcmple.o)
    0x080007a8   0x080007a8   0x00000024   Code   RO        10970    .text               mc_w.l(init.o)
    0x080007cc   0x080007cc   0x00000024   Code   RO        10973    .text               mc_w.l(llsshr.o)
    0x080007f0   0x080007f0   0x000000ba   Code   RO        10976    .text               mf_w.l(depilogue.o)
    0x080008aa   0x080008aa   0x0000005e   Code   RO        10986    .text               mc_w.l(__dclz77c.o)
    0x08000908   0x08000908   0x000000e4   Code   RO            4    i.ABA_AUX_handler   main.o
    0x080009ec   0x080009ec   0x000000e4   Code   RO            5    i.ABA_BVAL_handler  main.o
    0x08000ad0   0x08000ad0   0x000001a8   Code   RO            6    i.ABA_NACK_handler  main.o
    0x08000c78   0x08000c78   0x00000124   Code   RO            7    i.ABA_SHARE_handler  main.o
    0x08000d9c   0x08000d9c   0x00000228   Code   RO            9    i.ABA_init          main.o
    0x08000fc4   0x08000fc4   0x00000048   Code   RO         6145    i.Aux_Int           mw1268_app.o
    0x0800100c   0x0800100c   0x0000001e   Code   RO         8789    i.BIG_160_28_add    big_160_28.o
    0x0800102a   0x0800102a   0x0000002c   Code   RO         8790    i.BIG_160_28_bit    big_160_28.o
    0x08001056   0x08001056   0x00000054   Code   RO         8791    i.BIG_160_28_cmove  big_160_28.o
    0x080010aa   0x080010aa   0x0000003c   Code   RO         8792    i.BIG_160_28_comp   big_160_28.o
    0x080010e6   0x080010e6   0x00000016   Code   RO         8793    i.BIG_160_28_copy   big_160_28.o
    0x080010fc   0x080010fc   0x000000a0   Code   RO         8795    i.BIG_160_28_ctddiv  big_160_28.o
    0x0800119c   0x0800119c   0x00000068   Code   RO         8796    i.BIG_160_28_ctdmod  big_160_28.o
    0x08001204   0x08001204   0x0000005a   Code   RO         8797    i.BIG_160_28_ctmod  big_160_28.o
    0x0800125e   0x0800125e   0x0000001e   Code   RO         8799    i.BIG_160_28_dadd   big_160_28.o
    0x0800127c   0x0800127c   0x00000054   Code   RO         8800    i.BIG_160_28_dcmove  big_160_28.o
    0x080012d0   0x080012d0   0x00000016   Code   RO         8802    i.BIG_160_28_dcopy  big_160_28.o
    0x080012e6   0x080012e6   0x00000014   Code   RO         8804    i.BIG_160_28_dec    big_160_28.o
    0x080012fa   0x080012fa   0x00000032   Code   RO         8808    i.BIG_160_28_dmod   big_160_28.o
    0x0800132c   0x0800132c   0x0000004e   Code   RO         8809    i.BIG_160_28_dnbits  big_160_28.o
    0x0800137a   0x0800137a   0x00000030   Code   RO         8810    i.BIG_160_28_dnorm  big_160_28.o
    0x080013aa   0x080013aa   0x00000034   Code   RO         8813    i.BIG_160_28_dscopy  big_160_28.o
    0x080013de   0x080013de   0x00000076   Code   RO         8814    i.BIG_160_28_dshl   big_160_28.o
    0x08001454   0x08001454   0x00000062   Code   RO         8815    i.BIG_160_28_dshr   big_160_28.o
    0x080014b6   0x080014b6   0x0000001e   Code   RO         8816    i.BIG_160_28_dsub   big_160_28.o
    0x080014d4   0x080014d4   0x00000028   Code   RO         8817    i.BIG_160_28_dsucopy  big_160_28.o
    0x080014fc   0x080014fc   0x00000014   Code   RO         8818    i.BIG_160_28_dzero  big_160_28.o
    0x08001510   0x08001510   0x00000028   Code   RO         8819    i.BIG_160_28_fromBytes  big_160_28.o
    0x08001538   0x08001538   0x0000004a   Code   RO         8821    i.BIG_160_28_fshl   big_160_28.o
    0x08001582   0x08001582   0x0000003e   Code   RO         8822    i.BIG_160_28_fshr   big_160_28.o
    0x080015c0   0x080015c0   0x00000014   Code   RO         8824    i.BIG_160_28_inc    big_160_28.o
    0x080015d4   0x080015d4   0x0000018e   Code   RO         8826    i.BIG_160_28_invmodp  big_160_28.o
    0x08001762   0x08001762   0x0000002c   Code   RO         8827    i.BIG_160_28_isunity  big_160_28.o
    0x0800178e   0x0800178e   0x00000020   Code   RO         8828    i.BIG_160_28_iszilch  big_160_28.o
    0x080017ae   0x080017ae   0x00000018   Code   RO         8830    i.BIG_160_28_lastbits  big_160_28.o
    0x080017c6   0x080017c6   0x00000028   Code   RO         8831    i.BIG_160_28_mod    big_160_28.o
    0x080017ee   0x080017ee   0x0000004a   Code   RO         8833    i.BIG_160_28_modadd  big_160_28.o
    0x08001838   0x08001838   0x00000054   Code   RO         8834    i.BIG_160_28_moddiv  big_160_28.o
    0x0800188c   0x0800188c   0x00000052   Code   RO         8835    i.BIG_160_28_modmul  big_160_28.o
    0x080018de   0x080018de   0x0000002e   Code   RO         8836    i.BIG_160_28_modneg  big_160_28.o
    0x0800190c   0x0800190c   0x0000043a   Code   RO         8838    i.BIG_160_28_monty  big_160_28.o
    0x08001d46   0x08001d46   0x000003b8   Code   RO         8839    i.BIG_160_28_mul    big_160_28.o
    0x080020fe   0x080020fe   0x0000004e   Code   RO         8840    i.BIG_160_28_nbits  big_160_28.o
    0x0800214c   0x0800214c   0x00000036   Code   RO         8841    i.BIG_160_28_norm   big_160_28.o
    0x08002182   0x08002182   0x00000016   Code   RO         8842    i.BIG_160_28_one    big_160_28.o
    0x08002198   0x08002198   0x0000002e   Code   RO         8843    i.BIG_160_28_or     big_160_28.o
    0x080021c6   0x080021c6   0x00000010   Code   RO         8845    i.BIG_160_28_parity  big_160_28.o
    0x080021d6   0x080021d6   0x00000038   Code   RO         8846    i.BIG_160_28_pmul   big_160_28.o
    0x0800220e   0x0800220e   0x00000062   Code   RO         8849    i.BIG_160_28_randomnum  big_160_28.o
    0x08002270   0x08002270   0x00000016   Code   RO         8852    i.BIG_160_28_rcopy  big_160_28.o
    0x08002286   0x08002286   0x00000016   Code   RO         8853    i.BIG_160_28_sdcopy  big_160_28.o
    0x0800229c   0x0800229c   0x00000080   Code   RO         8856    i.BIG_160_28_shl    big_160_28.o
    0x0800231c   0x0800231c   0x00000066   Code   RO         8857    i.BIG_160_28_shr    big_160_28.o
    0x08002382   0x08002382   0x000001e0   Code   RO         8860    i.BIG_160_28_sqr    big_160_28.o
    0x08002562   0x08002562   0x0000009a   Code   RO         8861    i.BIG_160_28_ssn    big_160_28.o
    0x080025fc   0x080025fc   0x0000001e   Code   RO         8862    i.BIG_160_28_sub    big_160_28.o
    0x0800261a   0x0800261a   0x00000030   Code   RO         8863    i.BIG_160_28_toBytes  big_160_28.o
    0x0800264a   0x0800264a   0x00000014   Code   RO         8864    i.BIG_160_28_zero   big_160_28.o
    0x0800265e   0x0800265e   0x00000004   Code   RO          618    i.BusFault_Handler  stm32f7xx_it.o
    0x08002662   0x08002662   0x00000002   PAD
    0x08002664   0x08002664   0x000000e4   Code   RO           10    i.CBC_ECHO_handler  main.o
    0x08002748   0x08002748   0x00000158   Code   RO           11    i.CBC_FINISH_handler  main.o
    0x080028a0   0x080028a0   0x000000c4   Code   RO           12    i.CBC_INIT_handler  main.o
    0x08002964   0x08002964   0x0000013c   Code   RO           13    i.CBC_NACK_handler  main.o
    0x08002aa0   0x08002aa0   0x0000024c   Code   RO         6907    i.CBC_PK_sig_combine_share  thres_sig.o
    0x08002cec   0x08002cec   0x000000f0   Code   RO         6908    i.CBC_PK_verify_sig_share  thres_sig.o
    0x08002ddc   0x08002ddc   0x00000170   Code   RO         6909    i.CBC_SK_sign       thres_sig.o
    0x08002f4c   0x08002f4c   0x0000008c   Code   RO           15    i.CBC_init          main.o
    0x08002fd8   0x08002fd8   0x000000d8   Code   RO         6911    i.CBC_verify_sig    thres_sig.o
    0x080030b0   0x080030b0   0x00000012   Code   RO         9825    i.CREATE_CSPRNG     randapi.o
    0x080030c2   0x080030c2   0x00000002   PAD
    0x080030c4   0x080030c4   0x000002cc   Code   RO         6912    i.Coin_PK_sig_combine_share  thres_sig.o
    0x08003390   0x08003390   0x0000013c   Code   RO         6913    i.Coin_PK_verify_sig_share  thres_sig.o
    0x080034cc   0x080034cc   0x000001bc   Code   RO         6914    i.Coin_SK_sign      thres_sig.o
    0x08003688   0x08003688   0x00000140   Code   RO         4598    i.DMA1_Stream1_IRQHandler  dma.o
    0x080037c8   0x080037c8   0x0000014c   Code   RO         4599    i.DMA1_Stream3_IRQHandler  dma.o
    0x08003914   0x08003914   0x00000002   Code   RO          619    i.DebugMon_Handler  stm32f7xx_it.o
    0x08003916   0x08003916   0x00000002   PAD
    0x08003918   0x08003918   0x000001f8   Code   RO         7483    i.ECP2_BN158_add    ecp2_bn158.o
    0x08003b10   0x08003b10   0x00000070   Code   RO         7484    i.ECP2_BN158_affine  ecp2_bn158.o
    0x08003b80   0x08003b80   0x00000030   Code   RO         7486    i.ECP2_BN158_cmove  ecp2_bn158.o
    0x08003bb0   0x08003bb0   0x00000028   Code   RO         7487    i.ECP2_BN158_copy   ecp2_bn158.o
    0x08003bd8   0x08003bd8   0x00000124   Code   RO         7488    i.ECP2_BN158_dbl    ecp2_bn158.o
    0x08003cfc   0x08003cfc   0x0000005a   Code   RO         7490    i.ECP2_BN158_frob   ecp2_bn158.o
    0x08003d56   0x08003d56   0x000000ce   Code   RO         7491    i.ECP2_BN158_fromOctet  ecp2_bn158.o
    0x08003e24   0x08003e24   0x00000038   Code   RO         7492    i.ECP2_BN158_generator  ecp2_bn158.o
    0x08003e5c   0x08003e5c   0x0000001c   Code   RO         7494    i.ECP2_BN158_inf    ecp2_bn158.o
    0x08003e78   0x08003e78   0x00000018   Code   RO         7495    i.ECP2_BN158_isinf  ecp2_bn158.o
    0x08003e90   0x08003e90   0x00000218   Code   RO         7498    i.ECP2_BN158_mul4   ecp2_bn158.o
    0x080040a8   0x080040a8   0x00000020   Code   RO         7499    i.ECP2_BN158_neg    ecp2_bn158.o
    0x080040c8   0x080040c8   0x00000054   Code   RO         7502    i.ECP2_BN158_rhs    ecp2_bn158.o
    0x0800411c   0x0800411c   0x000000f0   Code   RO         7503    i.ECP2_BN158_select  ecp2_bn158.o
    0x0800420c   0x0800420c   0x0000004e   Code   RO         7504    i.ECP2_BN158_set    ecp2_bn158.o
    0x0800425a   0x0800425a   0x0000006e   Code   RO         7505    i.ECP2_BN158_setx   ecp2_bn158.o
    0x080042c8   0x080042c8   0x00000022   Code   RO         7506    i.ECP2_BN158_sub    ecp2_bn158.o
    0x080042ea   0x080042ea   0x00000002   PAD
    0x080042ec   0x080042ec   0x000001dc   Code   RO         7301    i.ECP_BN158_add     ecp_bn158.o
    0x080044c8   0x080044c8   0x00000064   Code   RO         7302    i.ECP_BN158_affine  ecp_bn158.o
    0x0800452c   0x0800452c   0x00000030   Code   RO         7305    i.ECP_BN158_cmove   ecp_bn158.o
    0x0800455c   0x0800455c   0x00000028   Code   RO         7306    i.ECP_BN158_copy    ecp_bn158.o
    0x08004584   0x08004584   0x00000114   Code   RO         7308    i.ECP_BN158_dbl     ecp_bn158.o
    0x08004698   0x08004698   0x000000d6   Code   RO         7310    i.ECP_BN158_fromOctet  ecp_bn158.o
    0x0800476e   0x0800476e   0x00000002   PAD
    0x08004770   0x08004770   0x0000002c   Code   RO         7311    i.ECP_BN158_generator  ecp_bn158.o
    0x0800479c   0x0800479c   0x00000040   Code   RO         7312    i.ECP_BN158_get     ecp_bn158.o
    0x080047dc   0x080047dc   0x0000001c   Code   RO         7313    i.ECP_BN158_inf     ecp_bn158.o
    0x080047f8   0x080047f8   0x0000001e   Code   RO         7314    i.ECP_BN158_isinf   ecp_bn158.o
    0x08004816   0x08004816   0x00000272   Code   RO         7317    i.ECP_BN158_mul2    ecp_bn158.o
    0x08004a88   0x08004a88   0x00000018   Code   RO         7319    i.ECP_BN158_neg     ecp_bn158.o
    0x08004aa0   0x08004aa0   0x00000044   Code   RO         7324    i.ECP_BN158_rhs     ecp_bn158.o
    0x08004ae4   0x08004ae4   0x000000f0   Code   RO         7325    i.ECP_BN158_select  ecp_bn158.o
    0x08004bd4   0x08004bd4   0x00000064   Code   RO         7326    i.ECP_BN158_set     ecp_bn158.o
    0x08004c38   0x08004c38   0x0000006e   Code   RO         7327    i.ECP_BN158_setx    ecp_bn158.o
    0x08004ca6   0x08004ca6   0x00000022   Code   RO         7328    i.ECP_BN158_sub     ecp_bn158.o
    0x08004cc8   0x08004cc8   0x000000a8   Code   RO         7329    i.ECP_BN158_toOctet  ecp_bn158.o
    0x08004d70   0x08004d70   0x00000148   Code   RO           17    i.ENC_NACK_handler  main.o
    0x08004eb8   0x08004eb8   0x00000118   Code   RO           18    i.ENC_handler       main.o
    0x08004fd0   0x08004fd0   0x00000140   Code   RO         6146    i.EXTI15_10_IRQHandler  mw1268_app.o
    0x08005110   0x08005110   0x00000120   Code   RO         7060    i.Enc_lagrange      thres_enc.o
    0x08005230   0x08005230   0x0000002c   Code   RO         8357    i.FP12_BN158_conj   fp12_bn158.o
    0x0800525c   0x0800525c   0x00000038   Code   RO         8358    i.FP12_BN158_copy   fp12_bn158.o
    0x08005294   0x08005294   0x00000058   Code   RO         8360    i.FP12_BN158_frob   fp12_bn158.o
    0x080052ec   0x080052ec   0x00000032   Code   RO         8363    i.FP12_BN158_from_FP4s  fp12_bn158.o
    0x0800531e   0x0800531e   0x0000010a   Code   RO         8364    i.FP12_BN158_inv    fp12_bn158.o
    0x08005428   0x08005428   0x00000028   Code   RO         8365    i.FP12_BN158_isunity  fp12_bn158.o
    0x08005450   0x08005450   0x0000015a   Code   RO         8367    i.FP12_BN158_mul    fp12_bn158.o
    0x080055aa   0x080055aa   0x0000001c   Code   RO         8368    i.FP12_BN158_norm   fp12_bn158.o
    0x080055c6   0x080055c6   0x00000022   Code   RO         8369    i.FP12_BN158_one    fp12_bn158.o
    0x080055e8   0x080055e8   0x000000c2   Code   RO         8372    i.FP12_BN158_pow    fp12_bn158.o
    0x080056aa   0x080056aa   0x0000001c   Code   RO         8374    i.FP12_BN158_reduce  fp12_bn158.o
    0x080056c6   0x080056c6   0x000001d4   Code   RO         8376    i.FP12_BN158_smul   fp12_bn158.o
    0x0800589a   0x0800589a   0x00000120   Code   RO         8377    i.FP12_BN158_sqr    fp12_bn158.o
    0x080059ba   0x080059ba   0x00000328   Code   RO         8378    i.FP12_BN158_ssmul  fp12_bn158.o
    0x08005ce2   0x08005ce2   0x00000030   Code   RO         8379    i.FP12_BN158_toOctet  fp12_bn158.o
    0x08005d12   0x08005d12   0x000000f4   Code   RO         8381    i.FP12_BN158_usqr   fp12_bn158.o
    0x08005e06   0x08005e06   0x00000024   Code   RO         7887    i.FP2_BN158_add     fp2_bn158.o
    0x08005e2a   0x08005e2a   0x00000022   Code   RO         7888    i.FP2_BN158_cmove   fp2_bn158.o
    0x08005e4c   0x08005e4c   0x00000024   Code   RO         7889    i.FP2_BN158_conj    fp2_bn158.o
    0x08005e70   0x08005e70   0x00000024   Code   RO         7890    i.FP2_BN158_copy    fp2_bn158.o
    0x08005e94   0x08005e94   0x00000020   Code   RO         7893    i.FP2_BN158_equals  fp2_bn158.o
    0x08005eb4   0x08005eb4   0x0000001c   Code   RO         7894    i.FP2_BN158_fromBytes  fp2_bn158.o
    0x08005ed0   0x08005ed0   0x00000018   Code   RO         7895    i.FP2_BN158_from_BIG  fp2_bn158.o
    0x08005ee8   0x08005ee8   0x00000018   Code   RO         7897    i.FP2_BN158_from_FP  fp2_bn158.o
    0x08005f00   0x08005f00   0x0000001c   Code   RO         7898    i.FP2_BN158_from_FPs  fp2_bn158.o
    0x08005f1c   0x08005f1c   0x00000022   Code   RO         7900    i.FP2_BN158_imul    fp2_bn158.o
    0x08005f3e   0x08005f3e   0x00000060   Code   RO         7901    i.FP2_BN158_inv     fp2_bn158.o
    0x08005f9e   0x08005f9e   0x00000028   Code   RO         7902    i.FP2_BN158_islarger  fp2_bn158.o
    0x08005fc6   0x08005fc6   0x00000024   Code   RO         7903    i.FP2_BN158_isunity  fp2_bn158.o
    0x08005fea   0x08005fea   0x00000018   Code   RO         7904    i.FP2_BN158_iszilch  fp2_bn158.o
    0x08006002   0x08006002   0x00000002   PAD
    0x08006004   0x08006004   0x000000ec   Code   RO         7905    i.FP2_BN158_mul     fp2_bn158.o
    0x080060f0   0x080060f0   0x0000003c   Code   RO         7906    i.FP2_BN158_mul_ip  fp2_bn158.o
    0x0800612c   0x0800612c   0x00000040   Code   RO         7907    i.FP2_BN158_neg     fp2_bn158.o
    0x0800616c   0x0800616c   0x00000014   Code   RO         7908    i.FP2_BN158_norm    fp2_bn158.o
    0x08006180   0x08006180   0x00000018   Code   RO         7909    i.FP2_BN158_one     fp2_bn158.o
    0x08006198   0x08006198   0x00000022   Code   RO         7911    i.FP2_BN158_pmul    fp2_bn158.o
    0x080061ba   0x080061ba   0x00000026   Code   RO         7912    i.FP2_BN158_qr      fp2_bn158.o
    0x080061e0   0x080061e0   0x0000001c   Code   RO         7915    i.FP2_BN158_rcopy   fp2_bn158.o
    0x080061fc   0x080061fc   0x00000014   Code   RO         7916    i.FP2_BN158_reduce  fp2_bn158.o
    0x08006210   0x08006210   0x00000028   Code   RO         7917    i.FP2_BN158_sign    fp2_bn158.o
    0x08006238   0x08006238   0x00000060   Code   RO         7918    i.FP2_BN158_sqr     fp2_bn158.o
    0x08006298   0x08006298   0x00000120   Code   RO         7919    i.FP2_BN158_sqrt    fp2_bn158.o
    0x080063b8   0x080063b8   0x00000020   Code   RO         7920    i.FP2_BN158_sub     fp2_bn158.o
    0x080063d8   0x080063d8   0x00000026   Code   RO         7921    i.FP2_BN158_times_i  fp2_bn158.o
    0x080063fe   0x080063fe   0x0000001c   Code   RO         7922    i.FP2_BN158_toBytes  fp2_bn158.o
    0x0800641a   0x0800641a   0x00000014   Code   RO         7923    i.FP2_BN158_zero    fp2_bn158.o
    0x0800642e   0x0800642e   0x00000024   Code   RO         8115    i.FP4_BN158_add     fp4_bn158.o
    0x08006452   0x08006452   0x00000022   Code   RO         8117    i.FP4_BN158_conj    fp4_bn158.o
    0x08006474   0x08006474   0x00000024   Code   RO         8118    i.FP4_BN158_copy    fp4_bn158.o
    0x08006498   0x08006498   0x00000026   Code   RO         8121    i.FP4_BN158_frob    fp4_bn158.o
    0x080064be   0x080064be   0x00000018   Code   RO         8125    i.FP4_BN158_from_FP2H  fp4_bn158.o
    0x080064d6   0x080064d6   0x0000001c   Code   RO         8126    i.FP4_BN158_from_FP2s  fp4_bn158.o
    0x080064f2   0x080064f2   0x00000066   Code   RO         8128    i.FP4_BN158_inv     fp4_bn158.o
    0x08006558   0x08006558   0x00000018   Code   RO         8131    i.FP4_BN158_isunity  fp4_bn158.o
    0x08006570   0x08006570   0x00000018   Code   RO         8132    i.FP4_BN158_iszilch  fp4_bn158.o
    0x08006588   0x08006588   0x00000096   Code   RO         8133    i.FP4_BN158_mul     fp4_bn158.o
    0x0800661e   0x0800661e   0x00000022   Code   RO         8134    i.FP4_BN158_nconj   fp4_bn158.o
    0x08006640   0x08006640   0x0000004c   Code   RO         8135    i.FP4_BN158_neg     fp4_bn158.o
    0x0800668c   0x0800668c   0x00000014   Code   RO         8136    i.FP4_BN158_norm    fp4_bn158.o
    0x080066a0   0x080066a0   0x00000014   Code   RO         8137    i.FP4_BN158_one     fp4_bn158.o
    0x080066b4   0x080066b4   0x00000022   Code   RO         8139    i.FP4_BN158_pmul    fp4_bn158.o
    0x080066d6   0x080066d6   0x00000022   Code   RO         8140    i.FP4_BN158_qmul    fp4_bn158.o
    0x080066f8   0x080066f8   0x00000014   Code   RO         8143    i.FP4_BN158_reduce  fp4_bn158.o
    0x0800670c   0x0800670c   0x00000096   Code   RO         8145    i.FP4_BN158_sqr     fp4_bn158.o
    0x080067a2   0x080067a2   0x00000020   Code   RO         8146    i.FP4_BN158_sub     fp4_bn158.o
    0x080067c2   0x080067c2   0x00000032   Code   RO         8147    i.FP4_BN158_times_i  fp4_bn158.o
    0x080067f4   0x080067f4   0x0000001c   Code   RO         8148    i.FP4_BN158_toBytes  fp4_bn158.o
    0x08006810   0x08006810   0x00000014   Code   RO         8153    i.FP4_BN158_zero    fp4_bn158.o
    0x08006824   0x08006824   0x0000002a   Code   RO         7655    i.FP_BN158_add      fp_bn158.o
    0x0800684e   0x0800684e   0x00000028   Code   RO         7656    i.FP_BN158_cmove    fp_bn158.o
    0x08006876   0x08006876   0x00000014   Code   RO         7657    i.FP_BN158_copy     fp_bn158.o
    0x0800688a   0x0800688a   0x00000002   PAD
    0x0800688c   0x0800688c   0x0000005c   Code   RO         7659    i.FP_BN158_div2     fp_bn158.o
    0x080068e8   0x080068e8   0x00000038   Code   RO         7660    i.FP_BN158_equals   fp_bn158.o
    0x08006920   0x08006920   0x0000001c   Code   RO         7661    i.FP_BN158_fromBytes  fp_bn158.o
    0x0800693c   0x0800693c   0x0000006a   Code   RO         7663    i.FP_BN158_imul     fp_bn158.o
    0x080069a6   0x080069a6   0x00000076   Code   RO         7664    i.FP_BN158_inv      fp_bn158.o
    0x08006a1c   0x08006a1c   0x00000044   Code   RO         7666    i.FP_BN158_islarger  fp_bn158.o
    0x08006a60   0x08006a60   0x00000026   Code   RO         7667    i.FP_BN158_isunity  fp_bn158.o
    0x08006a86   0x08006a86   0x00000026   Code   RO         7668    i.FP_BN158_iszilch  fp_bn158.o
    0x08006aac   0x08006aac   0x0000002c   Code   RO         7669    i.FP_BN158_mod      fp_bn158.o
    0x08006ad8   0x08006ad8   0x0000003e   Code   RO         7670    i.FP_BN158_mul      fp_bn158.o
    0x08006b16   0x08006b16   0x00000002   PAD
    0x08006b18   0x08006b18   0x0000004c   Code   RO         7671    i.FP_BN158_neg      fp_bn158.o
    0x08006b64   0x08006b64   0x0000000c   Code   RO         7672    i.FP_BN158_norm     fp_bn158.o
    0x08006b70   0x08006b70   0x00000030   Code   RO         7673    i.FP_BN158_nres     fp_bn158.o
    0x08006ba0   0x08006ba0   0x00000018   Code   RO         7674    i.FP_BN158_one      fp_bn158.o
    0x08006bb8   0x08006bb8   0x00000106   Code   RO         7676    i.FP_BN158_pow      fp_bn158.o
    0x08006cbe   0x08006cbe   0x00000002   PAD
    0x08006cc0   0x08006cc0   0x00000044   Code   RO         7677    i.FP_BN158_progen   fp_bn158.o
    0x08006d04   0x08006d04   0x0000004c   Code   RO         7678    i.FP_BN158_qr       fp_bn158.o
    0x08006d50   0x08006d50   0x0000001c   Code   RO         7681    i.FP_BN158_rcopy    fp_bn158.o
    0x08006d6c   0x08006d6c   0x00000022   Code   RO         7682    i.FP_BN158_redc     fp_bn158.o
    0x08006d8e   0x08006d8e   0x00000002   PAD
    0x08006d90   0x08006d90   0x00000090   Code   RO         7683    i.FP_BN158_reduce   fp_bn158.o
    0x08006e20   0x08006e20   0x00000026   Code   RO         7684    i.FP_BN158_sign     fp_bn158.o
    0x08006e46   0x08006e46   0x00000038   Code   RO         7685    i.FP_BN158_sqr      fp_bn158.o
    0x08006e7e   0x08006e7e   0x00000002   PAD
    0x08006e80   0x08006e80   0x000000e8   Code   RO         7686    i.FP_BN158_sqrt     fp_bn158.o
    0x08006f68   0x08006f68   0x00000020   Code   RO         7687    i.FP_BN158_sub      fp_bn158.o
    0x08006f88   0x08006f88   0x0000001c   Code   RO         7688    i.FP_BN158_toBytes  fp_bn158.o
    0x08006fa4   0x08006fa4   0x00000010   Code   RO         7690    i.FP_BN158_zero     fp_bn158.o
    0x08006fb4   0x08006fb4   0x00000010   Code   RO          887    i.GPIO_Pin_Set      sys.o
    0x08006fc4   0x08006fc4   0x000000d8   Code   RO         7065    i.Global_Tx_SK_decrypt_share  thres_enc.o
    0x0800709c   0x0800709c   0x000000ac   Code   RO         1429    i.HAL_DMA_Abort     stm32f7xx_hal_dma.o
    0x08007148   0x08007148   0x00000028   Code   RO         1430    i.HAL_DMA_Abort_IT  stm32f7xx_hal_dma.o
    0x08007170   0x08007170   0x0000020c   Code   RO         1576    i.HAL_GPIO_Init     stm32f7xx_hal_gpio.o
    0x0800737c   0x0800737c   0x00000010   Code   RO         1578    i.HAL_GPIO_ReadPin  stm32f7xx_hal_gpio.o
    0x0800738c   0x0800738c   0x0000000c   Code   RO         1580    i.HAL_GPIO_WritePin  stm32f7xx_hal_gpio.o
    0x08007398   0x08007398   0x0000000c   Code   RO         1057    i.HAL_GetTick       stm32f7xx_hal.o
    0x080073a4   0x080073a4   0x00000030   Code   RO         1064    i.HAL_Init          stm32f7xx_hal.o
    0x080073d4   0x080073d4   0x0000004c   Code   RO         1065    i.HAL_InitTick      stm32f7xx_hal.o
    0x08007420   0x08007420   0x0000005c   Code   RO         1286    i.HAL_MPU_ConfigRegion  stm32f7xx_hal_cortex.o
    0x0800747c   0x0800747c   0x0000002c   Code   RO         1287    i.HAL_MPU_Disable   stm32f7xx_hal_cortex.o
    0x080074a8   0x080074a8   0x00000040   Code   RO         1288    i.HAL_MPU_Enable    stm32f7xx_hal_cortex.o
    0x080074e8   0x080074e8   0x00000002   Code   RO         1067    i.HAL_MspInit       stm32f7xx_hal.o
    0x080074ea   0x080074ea   0x00000002   PAD
    0x080074ec   0x080074ec   0x0000001c   Code   RO         1290    i.HAL_NVIC_DisableIRQ  stm32f7xx_hal_cortex.o
    0x08007508   0x08007508   0x0000001a   Code   RO         1291    i.HAL_NVIC_EnableIRQ  stm32f7xx_hal_cortex.o
    0x08007522   0x08007522   0x0000007c   Code   RO         1297    i.HAL_NVIC_SetPriority  stm32f7xx_hal_cortex.o
    0x0800759e   0x0800759e   0x00000002   PAD
    0x080075a0   0x080075a0   0x00000028   Code   RO         1298    i.HAL_NVIC_SetPriorityGrouping  stm32f7xx_hal_cortex.o
    0x080075c8   0x080075c8   0x00000090   Code   RO         2555    i.HAL_PWREx_EnableOverDrive  stm32f7xx_hal_pwr_ex.o
    0x08007658   0x08007658   0x00000194   Code   RO         2642    i.HAL_RCC_ClockConfig  stm32f7xx_hal_rcc.o
    0x080077ec   0x080077ec   0x0000000c   Code   RO         2647    i.HAL_RCC_GetHCLKFreq  stm32f7xx_hal_rcc.o
    0x080077f8   0x080077f8   0x00000020   Code   RO         2649    i.HAL_RCC_GetPCLK1Freq  stm32f7xx_hal_rcc.o
    0x08007818   0x08007818   0x00000020   Code   RO         2650    i.HAL_RCC_GetPCLK2Freq  stm32f7xx_hal_rcc.o
    0x08007838   0x08007838   0x000000b0   Code   RO         2651    i.HAL_RCC_GetSysClockFreq  stm32f7xx_hal_rcc.o
    0x080078e8   0x080078e8   0x00000514   Code   RO         2654    i.HAL_RCC_OscConfig  stm32f7xx_hal_rcc.o
    0x08007dfc   0x08007dfc   0x00000086   Code   RO         2805    i.HAL_RNG_GenerateRandomNumber  stm32f7xx_hal_rng.o
    0x08007e82   0x08007e82   0x00000018   Code   RO         2808    i.HAL_RNG_GetRandomNumber  stm32f7xx_hal_rng.o
    0x08007e9a   0x08007e9a   0x00000034   Code   RO         2812    i.HAL_RNG_Init      stm32f7xx_hal_rng.o
    0x08007ece   0x08007ece   0x00000002   PAD
    0x08007ed0   0x08007ed0   0x00000024   Code   RO         4690    i.HAL_RNG_MspInit   rng.o
    0x08007ef4   0x08007ef4   0x00000028   Code   RO         1300    i.HAL_SYSTICK_CLKSourceConfig  stm32f7xx_hal_cortex.o
    0x08007f1c   0x08007f1c   0x00000034   Code   RO         1302    i.HAL_SYSTICK_Config  stm32f7xx_hal_cortex.o
    0x08007f50   0x08007f50   0x00000002   Code   RO         3632    i.HAL_TIMEx_Break2Callback  stm32f7xx_hal_tim_ex.o
    0x08007f52   0x08007f52   0x00000002   Code   RO         3633    i.HAL_TIMEx_BreakCallback  stm32f7xx_hal_tim_ex.o
    0x08007f54   0x08007f54   0x00000002   Code   RO         3634    i.HAL_TIMEx_CommutCallback  stm32f7xx_hal_tim_ex.o
    0x08007f56   0x08007f56   0x0000006e   Code   RO         2907    i.HAL_TIM_Base_Init  stm32f7xx_hal_tim.o
    0x08007fc4   0x08007fc4   0x0000012c   Code   RO         4736    i.HAL_TIM_Base_MspInit  btim.o
    0x080080f0   0x080080f0   0x000000b4   Code   RO         2912    i.HAL_TIM_Base_Start_IT  stm32f7xx_hal_tim.o
    0x080081a4   0x080081a4   0x00000002   Code   RO         2941    i.HAL_TIM_IC_CaptureCallback  stm32f7xx_hal_tim.o
    0x080081a6   0x080081a6   0x000001b8   Code   RO         2955    i.HAL_TIM_IRQHandler  stm32f7xx_hal_tim.o
    0x0800835e   0x0800835e   0x00000002   Code   RO         2958    i.HAL_TIM_OC_DelayElapsedCallback  stm32f7xx_hal_tim.o
    0x08008360   0x08008360   0x00000002   Code   RO         2985    i.HAL_TIM_PWM_PulseFinishedCallback  stm32f7xx_hal_tim.o
    0x08008362   0x08008362   0x00000002   PAD
    0x08008364   0x08008364   0x00000288   Code   RO         4737    i.HAL_TIM_PeriodElapsedCallback  btim.o
    0x080085ec   0x080085ec   0x00000002   Code   RO         2998    i.HAL_TIM_TriggerCallback  stm32f7xx_hal_tim.o
    0x080085ee   0x080085ee   0x00000002   Code   RO         3926    i.HAL_UARTEx_RxEventCallback  stm32f7xx_hal_uart.o
    0x080085f0   0x080085f0   0x00000002   Code   RO         3927    i.HAL_UARTEx_WakeupCallback  stm32f7xx_hal_uart.o
    0x080085f2   0x080085f2   0x00000002   Code   RO         3943    i.HAL_UART_ErrorCallback  stm32f7xx_hal_uart.o
    0x080085f4   0x080085f4   0x0000000e   Code   RO         3945    i.HAL_UART_GetState  stm32f7xx_hal_uart.o
    0x08008602   0x08008602   0x00000002   PAD
    0x08008604   0x08008604   0x00000350   Code   RO         3946    i.HAL_UART_IRQHandler  stm32f7xx_hal_uart.o
    0x08008954   0x08008954   0x00000074   Code   RO         3947    i.HAL_UART_Init     stm32f7xx_hal_uart.o
    0x080089c8   0x080089c8   0x00000002   Code   RO          583    i.HAL_UART_MspInit  stm32f7xx_hal_msp.o
    0x080089ca   0x080089ca   0x00000050   Code   RO         3952    i.HAL_UART_Receive_IT  stm32f7xx_hal_uart.o
    0x08008a1a   0x08008a1a   0x00000002   PAD
    0x08008a1c   0x08008a1c   0x00000088   Code   RO          981    i.HAL_UART_RxCpltCallback  usart.o
    0x08008aa4   0x08008aa4   0x000000b2   Code   RO         3956    i.HAL_UART_Transmit  stm32f7xx_hal_uart.o
    0x08008b56   0x08008b56   0x00000002   Code   RO         3959    i.HAL_UART_TxCpltCallback  stm32f7xx_hal_uart.o
    0x08008b58   0x08008b58   0x0000007a   Code   RO         9368    i.HASH256_hash      hash.o
    0x08008bd2   0x08008bd2   0x00000002   PAD
    0x08008bd4   0x08008bd4   0x00000064   Code   RO         9369    i.HASH256_init      hash.o
    0x08008c38   0x08008c38   0x00000052   Code   RO         9370    i.HASH256_process   hash.o
    0x08008c8a   0x08008c8a   0x00000002   PAD
    0x08008c8c   0x08008c8c   0x000001f8   Code   RO         9371    i.HASH256_transform  hash.o
    0x08008e84   0x08008e84   0x00000004   Code   RO          620    i.HardFault_Handler  stm32f7xx_it.o
    0x08008e88   0x08008e88   0x00000058   Code   RO         4660    i.LED_Init          led.o
    0x08008ee0   0x08008ee0   0x00000284   Code   RO         6147    i.LoRa_Init         mw1268_app.o
    0x08009164   0x08009164   0x00000048   Code   RO         6149    i.LoRa_SendData     mw1268_app.o
    0x080091ac   0x080091ac   0x0000021c   Code   RO         6150    i.LoRa_Set          mw1268_app.o
    0x080093c8   0x080093c8   0x0000004e   Code   RO          752    i.MPU_Config        utility.o
    0x08009416   0x08009416   0x00000004   Code   RO          621    i.MemManage_Handler  stm32f7xx_it.o
    0x0800941a   0x0800941a   0x00000002   Code   RO          622    i.NMI_Handler       stm32f7xx_it.o
    0x0800941c   0x0800941c   0x00000010   Code   RO         1304    i.NVIC_GetPriorityGrouping  stm32f7xx_hal_cortex.o
    0x0800942c   0x0800942c   0x00000028   Code   RO         1305    i.NVIC_SetPriority  stm32f7xx_hal_cortex.o
    0x08009454   0x08009454   0x00002368   Code   RO           24    i.PACKET_handler    main.o
    0x0800b7bc   0x0800b7bc   0x000000c4   Code   RO         8653    i.PAIR_BN158_G1mul  pair_bn158.o
    0x0800b880   0x0800b880   0x00000124   Code   RO         8655    i.PAIR_BN158_G2mul  pair_bn158.o
    0x0800b9a4   0x0800b9a4   0x000000ca   Code   RO         8659    i.PAIR_BN158_add    pair_bn158.o
    0x0800ba6e   0x0800ba6e   0x00000002   PAD
    0x0800ba70   0x0800ba70   0x000001b8   Code   RO         8662    i.PAIR_BN158_ate    pair_bn158.o
    0x0800bc28   0x0800bc28   0x000000bc   Code   RO         8663    i.PAIR_BN158_double  pair_bn158.o
    0x0800bce4   0x0800bce4   0x00000300   Code   RO         8664    i.PAIR_BN158_double_ate  pair_bn158.o
    0x0800bfe4   0x0800bfe4   0x0000020c   Code   RO         8665    i.PAIR_BN158_fexp   pair_bn158.o
    0x0800c1f0   0x0800c1f0   0x0000007c   Code   RO         8667    i.PAIR_BN158_line   pair_bn158.o
    0x0800c26c   0x0800c26c   0x00000048   Code   RO         8669    i.PAIR_BN158_nbits  pair_bn158.o
    0x0800c2b4   0x0800c2b4   0x000000f8   Code   RO           26    i.PRBC_NACK_handler  main.o
    0x0800c3ac   0x0800c3ac   0x00000168   Code   RO         6915    i.PRBC_PK_sig_combine_share  thres_sig.o
    0x0800c514   0x0800c514   0x000000d8   Code   RO         6916    i.PRBC_PK_verify_sig  thres_sig.o
    0x0800c5ec   0x0800c5ec   0x000000f0   Code   RO         6917    i.PRBC_PK_verify_sig_share  thres_sig.o
    0x0800c6dc   0x0800c6dc   0x000000e8   Code   RO           27    i.PRBC_SIG_handler  main.o
    0x0800c7c4   0x0800c7c4   0x00000138   Code   RO         6918    i.PRBC_SK_sign      thres_sig.o
    0x0800c8fc   0x0800c8fc   0x000000c0   Code   RO          753    i.PostSleepProcessing  utility.o
    0x0800c9bc   0x0800c9bc   0x00000050   Code   RO          754    i.PreSleepProcessing  utility.o
    0x0800ca0c   0x0800ca0c   0x00000020   Code   RO         9781    i.RAND_byte         rand.o
    0x0800ca2c   0x0800ca2c   0x00000092   Code   RO         9783    i.RAND_seed         rand.o
    0x0800cabe   0x0800cabe   0x00000002   PAD
    0x0800cac0   0x0800cac0   0x000000d0   Code   RO           28    i.RBC_ECHO_handler  main.o
    0x0800cb90   0x0800cb90   0x000000ec   Code   RO           29    i.RBC_INIT_handler  main.o
    0x0800cc7c   0x0800cc7c   0x00000160   Code   RO           30    i.RBC_NACK_handler  main.o
    0x0800cddc   0x0800cddc   0x000000d0   Code   RO           31    i.RBC_READY_handler  main.o
    0x0800ceac   0x0800ceac   0x000001a8   Code   RO           32    i.RBC_init          main.o
    0x0800d054   0x0800d054   0x00000010   Code   RO         4691    i.RNG_Get_RandomNum  rng.o
    0x0800d064   0x0800d064   0x00000020   Code   RO         4692    i.RNG_Get_RandomRange  rng.o
    0x0800d084   0x0800d084   0x00000048   Code   RO         4693    i.RNG_Init          rng.o
    0x0800d0cc   0x0800d0cc   0x000000e8   Code   RO           33    i.SIG_handler       main.o
    0x0800d1b4   0x0800d1b4   0x0000002a   Code   RO          756    i.Sixteen2Ten       utility.o
    0x0800d1de   0x0800d1de   0x00000002   PAD
    0x0800d1e0   0x0800d1e0   0x00000038   Code   RO         6049    i.SysTick_Handler   port.o
    0x0800d218   0x0800d218   0x00000070   Code   RO          757    i.SystemClock_Config  utility.o
    0x0800d288   0x0800d288   0x00000014   Code   RO         6260    i.SystemInit        system_stm32f7xx.o
    0x0800d29c   0x0800d29c   0x00000010   Code   RO         4739    i.TIM1_BRK_TIM9_IRQHandler  btim.o
    0x0800d2ac   0x0800d2ac   0x00000010   Code   RO         4740    i.TIM1_UP_TIM10_IRQHandler  btim.o
    0x0800d2bc   0x0800d2bc   0x00000010   Code   RO         4741    i.TIM2_IRQHandler   btim.o
    0x0800d2cc   0x0800d2cc   0x00000010   Code   RO         4743    i.TIM5_IRQHandler   btim.o
    0x0800d2dc   0x0800d2dc   0x00000010   Code   RO         4744    i.TIM7_IRQHandler   btim.o
    0x0800d2ec   0x0800d2ec   0x000000d8   Code   RO         3000    i.TIM_Base_SetConfig  stm32f7xx_hal_tim.o
    0x0800d3c4   0x0800d3c4   0x00000164   Code   RO         7067    i.Tx_PK_combine_share  thres_enc.o
    0x0800d528   0x0800d528   0x0000018c   Code   RO         7068    i.Tx_PK_encrypt     thres_enc.o
    0x0800d6b4   0x0800d6b4   0x000000c4   Code   RO         7070    i.Tx_PK_verify_share  thres_enc.o
    0x0800d778   0x0800d778   0x000000d8   Code   RO         7071    i.Tx_SK_decrypt_share  thres_enc.o
    0x0800d850   0x0800d850   0x00000078   Code   RO           34    i.Tx_decrypt        main.o
    0x0800d8c8   0x0800d8c8   0x00000088   Code   RO           35    i.Tx_encrypt        main.o
    0x0800d950   0x0800d950   0x00000134   Code   RO           36    i.Tx_init           main.o
    0x0800da84   0x0800da84   0x000000f8   Code   RO         3961    i.UART_AdvFeatureConfig  stm32f7xx_hal_uart.o
    0x0800db7c   0x0800db7c   0x00000076   Code   RO         3962    i.UART_CheckIdleState  stm32f7xx_hal_uart.o
    0x0800dbf2   0x0800dbf2   0x00000018   Code   RO         3963    i.UART_DMAAbortOnError  stm32f7xx_hal_uart.o
    0x0800dc0a   0x0800dc0a   0x00000066   Code   RO         3973    i.UART_EndRxTransfer  stm32f7xx_hal_uart.o
    0x0800dc70   0x0800dc70   0x0000002e   Code   RO         3974    i.UART_EndTransmit_IT  stm32f7xx_hal_uart.o
    0x0800dc9e   0x0800dc9e   0x000000d4   Code   RO         3976    i.UART_RxISR_16BIT  stm32f7xx_hal_uart.o
    0x0800dd72   0x0800dd72   0x000000d0   Code   RO         3977    i.UART_RxISR_8BIT   stm32f7xx_hal_uart.o
    0x0800de42   0x0800de42   0x00000002   PAD
    0x0800de44   0x0800de44   0x0000033c   Code   RO         3978    i.UART_SetConfig    stm32f7xx_hal_uart.o
    0x0800e180   0x0800e180   0x000000f4   Code   RO         3980    i.UART_Start_Receive_IT  stm32f7xx_hal_uart.o
    0x0800e274   0x0800e274   0x000000fc   Code   RO         3983    i.UART_WaitOnFlagUntilTimeout  stm32f7xx_hal_uart.o
    0x0800e370   0x0800e370   0x00000050   Code   RO          982    i.USART1_IRQHandler  usart.o
    0x0800e3c0   0x0800e3c0   0x0000007c   Code   RO         4945    i.USART3_IRQHandler  usart3.o
    0x0800e43c   0x0800e43c   0x00000004   Code   RO          623    i.UsageFault_Handler  stm32f7xx_it.o
    0x0800e440   0x0800e440   0x0000007c   Code   RO         6152    i.User_GpioInit     mw1268_app.o
    0x0800e4bc   0x0800e4bc   0x000000e4   Code   RO           38    i.VAL_CBC_ECHO_handler  main.o
    0x0800e5a0   0x0800e5a0   0x000001e0   Code   RO           39    i.VAL_CBC_FINISH_handler  main.o
    0x0800e780   0x0800e780   0x00000114   Code   RO           40    i.VAL_CBC_INIT_handler  main.o
    0x0800e894   0x0800e894   0x00000140   Code   RO           41    i.VAL_CBC_NACK_handler  main.o
    0x0800e9d4   0x0800e9d4   0x00000280   Code   RO         6919    i.VAL_CBC_PK_sig_combine_share  thres_sig.o
    0x0800ec54   0x0800ec54   0x00000158   Code   RO         6920    i.VAL_CBC_PK_verify_sig_share  thres_sig.o
    0x0800edac   0x0800edac   0x000001bc   Code   RO         6921    i.VAL_CBC_SK_sign   thres_sig.o
    0x0800ef68   0x0800ef68   0x000000b4   Code   RO           42    i.VAL_CBC_init      main.o
    0x0800f01c   0x0800f01c   0x0000011c   Code   RO         6923    i.VAL_CBC_verify_sig  thres_sig.o
    0x0800f138   0x0800f138   0x00000060   Code   RO         6406    i._Z12regularize_kPKjPjS1_PK12uECC_Curve_t  uecc.o
    0x0800f198   0x0800f198   0x00000040   Code   RO         6407    i._Z12uECC_vli_addPjPKjS1_a  uecc.o
    0x0800f1d8   0x0800f1d8   0x00000042   Code   RO         6408    i._Z12uECC_vli_cmpPKjS0_a  uecc.o
    0x0800f21a   0x0800f21a   0x0000001a   Code   RO         6409    i._Z12uECC_vli_setPjPKja  uecc.o
    0x0800f234   0x0800f234   0x00000042   Code   RO         6410    i._Z12uECC_vli_subPjPKjS1_a  uecc.o
    0x0800f276   0x0800f276   0x000001ae   Code   RO         6411    i._Z13EccPoint_multPjPKjS1_S1_sPK12uECC_Curve_t  uecc.o
    0x0800f424   0x0800f424   0x00000142   Code   RO         6412    i._Z13uECC_vli_mmodPjS_PKja  uecc.o
    0x0800f566   0x0800f566   0x000000ae   Code   RO         6413    i._Z13uECC_vli_multPjPKjS1_a  uecc.o
    0x0800f614   0x0800f614   0x00000020   Code   RO         6414    i._Z13vli_numDigitsPKja  uecc.o
    0x0800f634   0x0800f634   0x00000016   Code   RO         6415    i._Z14uECC_vli_clearPja  uecc.o
    0x0800f64a   0x0800f64a   0x0000002c   Code   RO         6416    i._Z14uECC_vli_equalPKjS0_a  uecc.o
    0x0800f676   0x0800f676   0x00000002   PAD
    0x0800f678   0x0800f678   0x00000058   Code   RO         6417    i._Z14x_side_defaultPjPKjPK12uECC_Curve_t  uecc.o
    0x0800f6d0   0x0800f6d0   0x00000024   Code   RO         6418    i._Z15uECC_vli_isZeroPKja  uecc.o
    0x0800f6f4   0x0800f6f4   0x00000040   Code   RO         6419    i._Z15uECC_vli_modAddPjPKjS1_S1_a  uecc.o
    0x0800f734   0x0800f734   0x00000132   Code   RO         6420    i._Z15uECC_vli_modInvPjPKjS1_a  uecc.o
    0x0800f866   0x0800f866   0x00000034   Code   RO         6421    i._Z15uECC_vli_modSubPjPKjS1_S1_a  uecc.o
    0x0800f89a   0x0800f89a   0x00000002   PAD
    0x0800f89c   0x0800f89c   0x00000080   Code   RO         6422    i._Z16mod_sqrt_defaultPjPK12uECC_Curve_t  uecc.o
    0x0800f91c   0x0800f91c   0x0000018c   Code   RO         6423    i._Z16uECC_sign_with_kPKhS0_jPjPhPK12uECC_Curve_t  uecc.o
    0x0800faa8   0x0800faa8   0x00000030   Code   RO         6425    i._Z16uECC_vli_modMultPjPKjS1_S1_a  uecc.o
    0x0800fad8   0x0800fad8   0x00000036   Code   RO         6426    i._Z16uECC_vli_numBitsPKja  uecc.o
    0x0800fb0e   0x0800fb0e   0x00000022   Code   RO         6427    i._Z16uECC_vli_rshift1Pja  uecc.o
    0x0800fb30   0x0800fb30   0x00000016   Code   RO         6428    i._Z16uECC_vli_testBitPKjs  uecc.o
    0x0800fb46   0x0800fb46   0x00000032   Code   RO         6429    i._Z16x_side_secp256k1PjPKjPK12uECC_Curve_t  uecc.o
    0x0800fb78   0x0800fb78   0x00000040   Code   RO         6430    i._Z17vli_modInv_updatePjPKja  uecc.o
    0x0800fbb8   0x0800fbb8   0x00000098   Code   RO         6431    i._Z18mod_sqrt_secp224r1PjPK12uECC_Curve_t  uecc.o
    0x0800fc50   0x0800fc50   0x00000074   Code   RO         6432    i._Z19XYcZ_initial_doublePjS_S_S_PKjPK12uECC_Curve_t  uecc.o
    0x0800fcc4   0x0800fcc4   0x0000003a   Code   RO         6433    i._Z19uECC_vli_cmp_unsafePKjS0_a  uecc.o
    0x0800fcfe   0x0800fcfe   0x0000004e   Code   RO         6434    i._Z20omega_mult_secp160r1PjPKj  uecc.o
    0x0800fd4c   0x0800fd4c   0x00000044   Code   RO         6435    i._Z20omega_mult_secp256k1PjPKj  uecc.o
    0x0800fd90   0x0800fd90   0x000000c4   Code   RO         6436    i._Z21mod_sqrt_secp224r1_rmPjS_S_PKjS1_S1_S1_S1_  uecc.o
    0x0800fe54   0x0800fe54   0x000000b4   Code   RO         6437    i._Z21mod_sqrt_secp224r1_rpPjS_S_PKjS1_  uecc.o
    0x0800ff08   0x0800ff08   0x00000088   Code   RO         6438    i._Z21mod_sqrt_secp224r1_rsPjS_S_PKjS1_S1_  uecc.o
    0x0800ff90   0x0800ff90   0x00000028   Code   RO         6439    i._Z21uECC_vli_modMult_fastPjPKjS1_PK12uECC_Curve_t  uecc.o
    0x0800ffb8   0x0800ffb8   0x00000058   Code   RO         6440    i._Z22mod_sqrt_secp224r1_rssPjS_S_PKjS1_S1_s  uecc.o
    0x08010010   0x08010010   0x0000004a   Code   RO         6441    i._Z22uECC_vli_bytesToNativePjPKhi  uecc.o
    0x0801005a   0x0801005a   0x00000024   Code   RO         6442    i._Z22uECC_vli_nativeToBytesPhiPKj  uecc.o
    0x0801007e   0x0801007e   0x00000154   Code   RO         6443    i._Z23double_jacobian_defaultPjS_S_PK12uECC_Curve_t  uecc.o
    0x080101d2   0x080101d2   0x00000016   Code   RO         6444    i._Z23uECC_vli_modSquare_fastPjPKjPK12uECC_Curve_t  uecc.o
    0x080101e8   0x080101e8   0x00000084   Code   RO         6445    i._Z23vli_mmod_fast_secp160r1PjS_  uecc.o
    0x0801026c   0x0801026c   0x0000009c   Code   RO         6446    i._Z23vli_mmod_fast_secp192r1PjS_  uecc.o
    0x08010308   0x08010308   0x000000e8   Code   RO         6447    i._Z23vli_mmod_fast_secp224r1PjS_  uecc.o
    0x080103f0   0x080103f0   0x00000084   Code   RO         6448    i._Z23vli_mmod_fast_secp256k1PjS_  uecc.o
    0x08010474   0x08010474   0x000001c8   Code   RO         6449    i._Z23vli_mmod_fast_secp256r1PjS_  uecc.o
    0x0801063c   0x0801063c   0x00000078   Code   RO         6450    i._Z24uECC_generate_random_intPjPKja  uecc.o
    0x080106b4   0x080106b4   0x00000100   Code   RO         6451    i._Z25double_jacobian_secp256k1PjS_S_PK12uECC_Curve_t  uecc.o
    0x080107b4   0x080107b4   0x0000000e   Code   RO         6453    i._Z4smaxss         uecc.o
    0x080107c2   0x080107c2   0x0000004e   Code   RO         6454    i._Z6muladdjjPjS_S_  uecc.o
    0x08010810   0x08010810   0x0000003e   Code   RO         6455    i._Z7apply_zPjS_PKjPK12uECC_Curve_t  uecc.o
    0x0801084e   0x0801084e   0x000000ca   Code   RO         6456    i._Z8XYcZ_addPjS_S_S_PK12uECC_Curve_t  uecc.o
    0x08010918   0x08010918   0x000000a8   Code   RO         6457    i._Z8bits2intPjPKhjPK12uECC_Curve_t  uecc.o
    0x080109c0   0x080109c0   0x00000118   Code   RO         6460    i._Z9XYcZ_addCPjS_S_S_PK12uECC_Curve_t  uecc.o
    0x08010ad8   0x08010ad8   0x00000020   Code   RO        10902    i.__0printf         mc_w.l(printfa.o)
    0x08010af8   0x08010af8   0x00000028   Code   RO        10904    i.__0sprintf        mc_w.l(printfa.o)
    0x08010b20   0x08010b20   0x00000024   Code   RO        10908    i.__0vsprintf       mc_w.l(printfa.o)
    0x08010b44   0x08010b44   0x0000000e   Code   RO        10980    i.__scatterload_copy  mc_w.l(handlers.o)
    0x08010b52   0x08010b52   0x00000002   Code   RO        10981    i.__scatterload_null  mc_w.l(handlers.o)
    0x08010b54   0x08010b54   0x0000000e   Code   RO        10982    i.__scatterload_zeroinit  mc_w.l(handlers.o)
    0x08010b62   0x08010b62   0x00000002   PAD
    0x08010b64   0x08010b64   0x00000184   Code   RO        10909    i._fp_digits        mc_w.l(printfa.o)
    0x08010ce8   0x08010ce8   0x000006b4   Code   RO        10910    i._printf_core      mc_w.l(printfa.o)
    0x0801139c   0x0801139c   0x00000024   Code   RO        10911    i._printf_post_padding  mc_w.l(printfa.o)
    0x080113c0   0x080113c0   0x0000002e   Code   RO        10912    i._printf_pre_padding  mc_w.l(printfa.o)
    0x080113ee   0x080113ee   0x0000000a   Code   RO        10914    i._sputc            mc_w.l(printfa.o)
    0x080113f8   0x080113f8   0x0000002c   Code   RO         4752    i.btim_tim2_int_init  btim.o
    0x08011424   0x08011424   0x00000034   Code   RO         4755    i.btim_tim5_enable  btim.o
    0x08011458   0x08011458   0x0000002c   Code   RO         4756    i.btim_tim5_int_init  btim.o
    0x08011484   0x08011484   0x0000000c   Code   RO         4762    i.btim_timx_counterset  btim.o
    0x08011490   0x08011490   0x00000034   Code   RO         4763    i.btim_timx_enable  btim.o
    0x080114c4   0x080114c4   0x0000002c   Code   RO         4764    i.btim_timx_int_init  btim.o
    0x080114f0   0x080114f0   0x00000044   Code   RO          838    i.delay_init        delay.o
    0x08011534   0x08011534   0x00000040   Code   RO          839    i.delay_ms          delay.o
    0x08011574   0x08011574   0x00000048   Code   RO          840    i.delay_us          delay.o
    0x080115bc   0x080115bc   0x0000003c   Code   RO         5450    i.eTaskConfirmSleepModeStatus  tasks.o
    0x080115f8   0x080115f8   0x000000e0   Code   RO           43    i.eventgroup_task   main.o
    0x080116d8   0x080116d8   0x00000028   Code   RO           44    i.eventsetbit_task  main.o
    0x08011700   0x08011700   0x00000038   Code   RO         9784    i.fill_pool         rand.o
    0x08011738   0x08011738   0x0000001c   Code   RO          984    i.fputc             usart.o
    0x08011754   0x08011754   0x000000f4   Code   RO         8673    i.glv               pair_bn158.o
    0x08011848   0x08011848   0x000000f4   Code   RO         8674    i.gs                pair_bn158.o
    0x0801193c   0x0801193c   0x00000034   Code   RO           45    i.init              main.o
    0x08011970   0x08011970   0x000000e4   Code   RO          759    i.init_public_key   utility.o
    0x08011a54   0x08011a54   0x000002b8   Code   RO         7072    i.init_thres_enc    thres_enc.o
    0x08011d0c   0x08011d0c   0x000002c4   Code   RO         6925    i.init_thres_sig    thres_sig.o
    0x08011fd0   0x08011fd0   0x00000120   Code   RO         6926    i.lagrange          thres_sig.o
    0x080120f0   0x080120f0   0x00000042   Code   RO         7691    i.logb2             fp_bn158.o
    0x08012132   0x08012132   0x00000002   PAD
    0x08012134   0x08012134   0x00000034   Code   RO         6229    i.lora_check_cmd    mw1268_uart.o
    0x08012168   0x08012168   0x00000080   Code   RO         6230    i.lora_send_cmd     mw1268_uart.o
    0x080121e8   0x080121e8   0x0000004c   Code   RO           46    i.main              main.o
    0x08012234   0x08012234   0x000000d4   Code   RO         9872    i.mbedtls_aes_crypt_cbc  aes_1.o
    0x08012308   0x08012308   0x0000003a   Code   RO         9873    i.mbedtls_aes_crypt_ecb  aes_1.o
    0x08012342   0x08012342   0x00000016   Code   RO         9874    i.mbedtls_aes_free  aes_1.o
    0x08012358   0x08012358   0x00000014   Code   RO         9875    i.mbedtls_aes_init  aes_1.o
    0x0801236c   0x0801236c   0x000000e8   Code   RO         9876    i.mbedtls_aes_setkey_dec  aes_1.o
    0x08012454   0x08012454   0x00000200   Code   RO         9877    i.mbedtls_aes_setkey_enc  aes_1.o
    0x08012654   0x08012654   0x0000048c   Code   RO         9878    i.mbedtls_internal_aes_decrypt  aes_1.o
    0x08012ae0   0x08012ae0   0x0000048c   Code   RO         9879    i.mbedtls_internal_aes_encrypt  aes_1.o
    0x08012f6c   0x08012f6c   0x00000020   Code   RO        10249    i.mbedtls_platform_zeroize  platform_util.o
    0x08012f8c   0x08012f8c   0x0000002e   Code   RO         8866    i.muladd_160_28     big_160_28.o
    0x08012fba   0x08012fba   0x00000044   Code   RO          760    i.my_RNG            utility.o
    0x08012ffe   0x08012ffe   0x00000018   Code   RO         9785    i.pack              rand.o
    0x08013016   0x08013016   0x00000002   PAD
    0x08013018   0x08013018   0x00000098   Code   RO         5453    i.prvAddCurrentTaskToDelayedList  tasks.o
    0x080130b0   0x080130b0   0x000000b8   Code   RO         5454    i.prvAddNewTaskToReadyList  tasks.o
    0x08013168   0x08013168   0x00000064   Code   RO         5845    i.prvCheckForValidListAndQueue  timers.o
    0x080131cc   0x080131cc   0x00000064   Code   RO         5455    i.prvCheckTasksWaitingTermination  tasks.o
    0x08013230   0x08013230   0x0000002a   Code   RO         5204    i.prvCopyDataFromQueue  queue.o
    0x0801325a   0x0801325a   0x0000007c   Code   RO         5205    i.prvCopyDataToQueue  queue.o
    0x080132d6   0x080132d6   0x00000012   Code   RO         5456    i.prvDeleteTCB      tasks.o
    0x080132e8   0x080132e8   0x0000004c   Code   RO         5457    i.prvGetExpectedIdleTime  tasks.o
    0x08013334   0x08013334   0x00000028   Code   RO         5846    i.prvGetNextExpireTime  timers.o
    0x0801335c   0x0801335c   0x0000007c   Code   RO         5987    i.prvHeapInit       heap_4.o
    0x080133d8   0x080133d8   0x00000098   Code   RO         5458    i.prvIdleTask       tasks.o
    0x08013470   0x08013470   0x0000002e   Code   RO         5207    i.prvInitialiseNewQueue  queue.o
    0x0801349e   0x0801349e   0x00000002   PAD
    0x080134a0   0x080134a0   0x000000d0   Code   RO         5459    i.prvInitialiseNewTask  tasks.o
    0x08013570   0x08013570   0x00000068   Code   RO         5460    i.prvInitialiseTaskLists  tasks.o
    0x080135d8   0x080135d8   0x00000068   Code   RO         5988    i.prvInsertBlockIntoFreeList  heap_4.o
    0x08013640   0x08013640   0x00000058   Code   RO         5848    i.prvInsertTimerInActiveList  timers.o
    0x08013698   0x08013698   0x0000001a   Code   RO         5208    i.prvIsQueueEmpty   queue.o
    0x080136b2   0x080136b2   0x0000001e   Code   RO         5209    i.prvIsQueueFull    queue.o
    0x080136d0   0x080136d0   0x000000a0   Code   RO         5210    i.prvNotifyQueueSetContainer  queue.o
    0x08013770   0x08013770   0x00000080   Code   RO         5849    i.prvProcessExpiredTimer  timers.o
    0x080137f0   0x080137f0   0x0000012c   Code   RO         5850    i.prvProcessReceivedCommands  timers.o
    0x0801391c   0x0801391c   0x00000074   Code   RO         5851    i.prvProcessTimerOrBlockTask  timers.o
    0x08013990   0x08013990   0x00000034   Code   RO         5462    i.prvResetNextTaskUnblockTime  tasks.o
    0x080139c4   0x080139c4   0x0000002c   Code   RO         5852    i.prvSampleTimeNow  timers.o
    0x080139f0   0x080139f0   0x000000bc   Code   RO         5853    i.prvSwitchTimerLists  timers.o
    0x08013aac   0x08013aac   0x0000007c   Code   RO         6050    i.prvTaskExitError  port.o
    0x08013b28   0x08013b28   0x0000001a   Code   RO         5854    i.prvTimerTask      timers.o
    0x08013b42   0x08013b42   0x00000092   Code   RO         5211    i.prvUnlockQueue    queue.o
    0x08013bd4   0x08013bd4   0x00000154   Code   RO         5989    i.pvPortMalloc      heap_4.o
    0x08013d28   0x08013d28   0x00000020   Code   RO         5466    i.pvTaskIncrementMutexHeldCount  tasks.o
    0x08013d48   0x08013d48   0x0000002c   Code   RO         6051    i.pxPortInitialiseStack  port.o
    0x08013d74   0x08013d74   0x0000003e   Code   RO         7692    i.quo               fp_bn158.o
    0x08013db2   0x08013db2   0x00000056   Code   RO         9786    i.sbrand            rand.o
    0x08013e08   0x08013e08   0x00000054   Code   RO         6927    i.sign_data         thres_sig.o
    0x08013e5c   0x08013e5c   0x0000005a   Code   RO         9787    i.sirand            rand.o
    0x08013eb6   0x08013eb6   0x00000002   PAD
    0x08013eb8   0x08013eb8   0x000000d0   Code   RO           47    i.start_task        main.o
    0x08013f88   0x08013f88   0x00000114   Code   RO           48    i.subset_or_not     main.o
    0x0801409c   0x0801409c   0x00000010   Code   RO         7330    i.teq               ecp_bn158.o
    0x080140ac   0x080140ac   0x00000010   Code   RO         7508    i.teq               ecp2_bn158.o
    0x080140bc   0x080140bc   0x00000008   Code   RO         6468    i.uECC_secp160r1    uecc.o
    0x080140c4   0x080140c4   0x00000008   Code   RO         6469    i.uECC_secp192r1    uecc.o
    0x080140cc   0x080140cc   0x0000000c   Code   RO         6473    i.uECC_set_rng      uecc.o
    0x080140d8   0x080140d8   0x0000005a   Code   RO         6475    i.uECC_sign         uecc.o
    0x08014132   0x08014132   0x000002d0   Code   RO         6478    i.uECC_verify       uecc.o
    0x08014402   0x08014402   0x00000002   PAD
    0x08014404   0x08014404   0x000000c0   Code   RO         4946    i.usart3_bpsset     usart3.o
    0x080144c4   0x080144c4   0x00000078   Code   RO         4947    i.usart3_gpioinit   usart3.o
    0x0801453c   0x0801453c   0x00000068   Code   RO         4948    i.usart3_init       usart3.o
    0x080145a4   0x080145a4   0x00000044   Code   RO         4949    i.usart3_rx         usart3.o
    0x080145e8   0x080145e8   0x0000003c   Code   RO         4950    i.usart3_sendData   usart3.o
    0x08014624   0x08014624   0x00000028   Code   RO         5155    i.uxListRemove      list.o
    0x0801464c   0x0801464c   0x0000001a   Code   RO         5156    i.vListInitialise   list.o
    0x08014666   0x08014666   0x00000006   Code   RO         5157    i.vListInitialiseItem  list.o
    0x0801466c   0x0801466c   0x00000034   Code   RO         5158    i.vListInsert       list.o
    0x080146a0   0x080146a0   0x00000018   Code   RO         5159    i.vListInsertEnd    list.o
    0x080146b8   0x080146b8   0x00000090   Code   RO         6053    i.vPortEnterCritical  port.o
    0x08014748   0x08014748   0x00000074   Code   RO         6054    i.vPortExitCritical  port.o
    0x080147bc   0x080147bc   0x000000b8   Code   RO         5990    i.vPortFree         heap_4.o
    0x08014874   0x08014874   0x0000005c   Code   RO         6055    i.vPortSetupTimerInterrupt  port.o
    0x080148d0   0x080148d0   0x000001bc   Code   RO         6056    i.vPortSuppressTicksAndSleep  port.o
    0x08014a8c   0x08014a8c   0x000000a4   Code   RO         6057    i.vPortValidateInterruptPriority  port.o
    0x08014b30   0x08014b30   0x0000002c   Code   RO         5217    i.vQueueAddToRegistry  queue.o
    0x08014b5c   0x08014b5c   0x0000004a   Code   RO         5221    i.vQueueWaitForMessageRestricted  queue.o
    0x08014ba6   0x08014ba6   0x00000002   PAD
    0x08014ba8   0x08014ba8   0x00000074   Code   RO         5474    i.vTaskDelay        tasks.o
    0x08014c1c   0x08014c1c   0x0000010c   Code   RO         5476    i.vTaskDelete       tasks.o
    0x08014d28   0x08014d28   0x0000000c   Code   RO         5480    i.vTaskMissedYield  tasks.o
    0x08014d34   0x08014d34   0x00000054   Code   RO         5482    i.vTaskPlaceOnEventList  tasks.o
    0x08014d88   0x08014d88   0x0000005c   Code   RO         5483    i.vTaskPlaceOnEventListRestricted  tasks.o
    0x08014de4   0x08014de4   0x000000b0   Code   RO         5485    i.vTaskPriorityInherit  tasks.o
    0x08014e94   0x08014e94   0x0000004c   Code   RO         5489    i.vTaskSetTimeOutState  tasks.o
    0x08014ee0   0x08014ee0   0x000000b0   Code   RO         5490    i.vTaskStartScheduler  tasks.o
    0x08014f90   0x08014f90   0x00000060   Code   RO         5491    i.vTaskStepTick     tasks.o
    0x08014ff0   0x08014ff0   0x00000010   Code   RO         5493    i.vTaskSuspendAll   tasks.o
    0x08015000   0x08015000   0x000000a8   Code   RO         5494    i.vTaskSwitchContext  tasks.o
    0x080150a8   0x080150a8   0x00000118   Code   RO         6058    i.xPortStartScheduler  port.o
    0x080151c0   0x080151c0   0x00000074   Code   RO         5226    i.xQueueGenericCreate  queue.o
    0x08015234   0x08015234   0x000001c8   Code   RO         5227    i.xQueueGenericReceive  queue.o
    0x080153fc   0x080153fc   0x000000b0   Code   RO         5228    i.xQueueGenericReset  queue.o
    0x080154ac   0x080154ac   0x000001c4   Code   RO         5229    i.xQueueGenericSend  queue.o
    0x08015670   0x08015670   0x00000114   Code   RO         5230    i.xQueueGenericSendFromISR  queue.o
    0x08015784   0x08015784   0x000000a0   Code   RO         5495    i.xTaskCheckForTimeOut  tasks.o
    0x08015824   0x08015824   0x00000060   Code   RO         5496    i.xTaskCreate       tasks.o
    0x08015884   0x08015884   0x00000158   Code   RO         5498    i.xTaskGenericNotifyFromISR  tasks.o
    0x080159dc   0x080159dc   0x00000020   Code   RO         5500    i.xTaskGetSchedulerState  tasks.o
    0x080159fc   0x080159fc   0x0000000c   Code   RO         5501    i.xTaskGetTickCount  tasks.o
    0x08015a08   0x08015a08   0x00000160   Code   RO         5503    i.xTaskIncrementTick  tasks.o
    0x08015b68   0x08015b68   0x000000a0   Code   RO         5505    i.xTaskNotifyWait   tasks.o
    0x08015c08   0x08015c08   0x000000d8   Code   RO         5506    i.xTaskPriorityDisinherit  tasks.o
    0x08015ce0   0x08015ce0   0x000000b8   Code   RO         5507    i.xTaskRemoveFromEventList  tasks.o
    0x08015d98   0x08015d98   0x00000120   Code   RO         5509    i.xTaskResumeAll    tasks.o
    0x08015eb8   0x08015eb8   0x00000074   Code   RO         5858    i.xTimerCreateTimerTask  timers.o
    0x08015f2c   0x08015f2c   0x000000a4   Code   RO         5859    i.xTimerGenericCommand  timers.o
    0x08015fd0   0x08015fd0   0x00000018   Data   RO         6261    .constdata          system_stm32f7xx.o
    0x08015fe8   0x08015fe8   0x00000394   Data   RO         6554    .constdata          uecc.o
    0x0801637c   0x0801637c   0x00000018   Data   RO         7075    .constdata          thres_enc.o
    0x08016394   0x08016394   0x00000004   PAD
    0x08016398   0x08016398   0x00000440   Data   RO         9389    .constdata          hash.o
    0x080167d8   0x080167d8   0x00000380   Data   RO         9846    .constdata          rom_curve_bn158.o
    0x08016b58   0x08016b58   0x000000ac   Data   RO         9859    .constdata          rom_field_bn158.o
    0x08016c04   0x08016c04   0x00002228   Data   RO         9880    .constdata          aes_1.o
    0x08018e2c   0x08018e2c   0x00000040   Data   RO        10978    Region$$Table       anon$$obj.o


    Execution Region RW_IRAM2 (Exec base: 0x20000000, Load base: 0x080197f8, Size: 0x0000a700, Max: 0x00020000, ABSOLUTE, COMPRESSED[0x00000848])

    Exec Addr    Load Addr    Size         Type   Attr      Idx    E Section Name        Object

    0x20000000   COMPRESSED   0x00000007   Data   RW          987    .data               usart.o
    0x20000007   COMPRESSED   0x00000001   PAD
    0x20000008   COMPRESSED   0x00000009   Data   RW         1071    .data               stm32f7xx_hal.o
    0x20000011   COMPRESSED   0x00000003   PAD
    0x20000014   COMPRESSED   0x0000003c   Data   RW         5512    .data               tasks.o
    0x20000050   COMPRESSED   0x00000014   Data   RW         5867    .data               timers.o
    0x20000064   COMPRESSED   0x00000020   Data   RW         6059    .data               port.o
    0x20000084   COMPRESSED   0x00000016   Data   RW         6154    .data               mw1268_app.o
    0x2000009a   COMPRESSED   0x00000002   PAD
    0x2000009c   COMPRESSED   0x00000004   Data   RW         6262    .data               system_stm32f7xx.o
    0x200000a0   COMPRESSED   0x00000440   Data   RW         6929    .data               thres_sig.o
    0x200004e0   COMPRESSED   0x0000087e   Data   RW         7076    .data               thres_enc.o
    0x20000d5e   COMPRESSED   0x00000002   PAD
    0x20000d60   COMPRESSED   0x00000004   Data   RW        10250    .data               platform_util.o
    0x20000d64        -       0x00000150   Zero   RW          986    .bss                usart.o
    0x20000eb4        -       0x00007780   Zero   RW         4602    .bss                dma.o
    0x20008634        -       0x00000040   Zero   RW         5241    .bss                queue.o
    0x20008674        -       0x000002e4   Zero   RW         5511    .bss                tasks.o
    0x20008958        -       0x00000366   Zero   RW         6153    .bss                mw1268_app.o
    0x20008cbe   COMPRESSED   0x00000002   PAD
    0x20008cc0        -       0x00001a40   Zero   RW         6928    .bss                thres_sig.o


    Execution Region RW_IRAM1 (Exec base: 0x20020000, Load base: 0x08018e6c, Size: 0x0004a700, Max: 0x00060000, ABSOLUTE, COMPRESSED[0x0000098c])

    Exec Addr    Load Addr    Size         Type   Attr      Idx    E Section Name        Object

    0x20020000   COMPRESSED   0x00000128   Data   RW           50    .data               main.o
    0x20020128   COMPRESSED   0x00001200   Data   RW          762    .data               utility.o
    0x20021328   COMPRESSED   0x00000006   Data   RW          842    .data               delay.o
    0x2002132e   COMPRESSED   0x00000003   Data   RW         4661    .data               led.o
    0x20021331   COMPRESSED   0x00000003   PAD
    0x20021334   COMPRESSED   0x00000014   Data   RW         4766    .data               btim.o
    0x20021348   COMPRESSED   0x00000008   Data   RW         4952    .data               usart3.o
    0x20021350   COMPRESSED   0x00000018   Data   RW         5995    .data               heap_4.o
    0x20021368   COMPRESSED   0x00000004   Data   RW         6555    .data               uecc.o
    0x2002136c        -       0x00016124   Zero   RW           49    .bss                main.o
    0x20037490        -       0x00000660   Zero   RW          761    .bss                utility.o
    0x20037af0        -       0x00000010   Zero   RW         4694    .bss                rng.o
    0x20037b00        -       0x000001ac   Zero   RW         4765    .bss                btim.o
    0x20037cac        -       0x00000888   Zero   RW         4951    .bss                usart3.o
    0x20038534        -       0x00000028   Zero   RW         5866    .bss                timers.o
    0x2003855c        -       0x0000f000   Zero   RW         5994    .bss                heap_4.o
    0x2004755c        -       0x00000334   Zero   RW         6297    .bss                tendermint2.o
    0x20047890        -       0x00002e6c   Zero   RW         7074    .bss                thres_enc.o
    0x2004a6fc   COMPRESSED   0x00000004   PAD
    0x2004a700        -       0x00020000   Zero   RW         4588    STACK               startup_stm32f767xx.o


==============================================================================

Image component sizes


      Code (inc. data)   RO Data    RW Data    ZI Data      Debug   Object Name

      3384         74       8744          0          0      19086   aes_1.o
      5760          0          0          0          0      37177   big_160_28.o
      1276        186          0         20        428      41560   btim.o
       204         18          0          6          0       1967   delay.o
       652         28          0          0      30592       2384   dma.o
         0          0          0          0          0       3147   ecdh_bn158.o
      2530         30          0          0          0      14033   ecp2_bn158.o
      2706         24          0          0          0      13832   ecp_bn158.o
         0          0          0          0          0      11728   event_groups.o
      3030          0          0          0          0      11725   fp12_bn158.o
      1574          4          0          0          0      18961   fp2_bn158.o
      1014          0          0          0          0      13540   fp4_bn158.o
      2054         50          0          0          0      20455   fp_bn158.o
       808         40       1088          0          0       4388   hash.o
       752        176          0         24      61440       3891   heap_4.o
        88          8          0          3          0       1113   led.o
       148          0          0          0          0       3142   list.o
     17684       1810          0        296      90404     968286   main.o
      1772        452          0         22        870       7437   mw1268_app.o
       180         26          0          0          0       1765   mw1268_uart.o
      3294         88          0          0          0       9920   pair_bn158.o
        32          6          0          4          0       1395   platform_util.o
      1650        460          0         32          0      12330   port.o
      2168        238          0          0         64      15609   queue.o
       434          0          0          0          0       4140   rand.o
        18          0          0          0          0        820   randapi.o
       156         22          0          0         16       2773   rng.o
         0          0        896          0          0       1494   rom_curve_bn158.o
         0          0        172          0          0        847   rom_field_bn158.o
         0          0          0          0          0        392   sha2.o
        36          8        504          0     131072        820   startup_stm32f767xx.o
       138         22          0          9          0       8489   stm32f7xx_hal.o
       566         44          0          0          0      39125   stm32f7xx_hal_cortex.o
       212          0          0          0          0       1955   stm32f7xx_hal_dma.o
       552         52          0          0          0       2791   stm32f7xx_hal_gpio.o
         2          0          0          0          0        727   stm32f7xx_hal_msp.o
       144          8          0          0          0       1260   stm32f7xx_hal_pwr_ex.o
      1956         74          0          0          0       5560   stm32f7xx_hal_rcc.o
       210          0          0          0          0       2632   stm32f7xx_hal_rng.o
       954         80          0          0          0       5919   stm32f7xx_hal_tim.o
         6          0          0          0          0       2164   stm32f7xx_hal_tim_ex.o
      3526         86          0          0          0      16525   stm32f7xx_hal_uart.o
        20          0          0          0          0       2637   stm32f7xx_it.o
        16          0          0          0          0        831   sys.o
        20          6         24          4          0       1347   system_stm32f7xx.o
      4262       1086          0         60        740      33139   tasks.o
         0          0          0          0        820       1087   tendermint2.o
      2364        258         24       2174      11884      11896   thres_enc.o
      6808        830          0       1088       6720      25292   thres_sig.o
      1310        312          0         20         40       8667   timers.o
      7394         80        916          4          0      52227   uecc.o
       244         36          0          7        336       3650   usart.o
       668         74          0          8       2184       5058   usart3.o
       800         36          0       4608       1632       5111   utility.o

    ----------------------------------------------------------------------
     85640       6832      12436       8400     339248    1488246   Object Totals
         0          0         64          0          0          0   (incl. Generated)
        64          0          4         11          6          0   (incl. Padding)

    ----------------------------------------------------------------------

      Code (inc. data)   RO Data    RW Data    ZI Data      Debug   Library Member Name

        94          0          0          0          0          0   __dclz77c.o
         0          0          0          0          0          0   entry.o
         0          0          0          0          0          0   entry10a.o
         0          0          0          0          0          0   entry11a.o
         4          0          0          0          0          0   entry12b.o
         8          4          0          0          0          0   entry2.o
         4          0          0          0          0          0   entry5.o
         0          0          0          0          0          0   entry7b.o
         0          0          0          0          0          0   entry8b.o
         8          4          0          0          0          0   entry9a.o
        30          0          0          0          0          0   handlers.o
        36          8          0          0          0         68   init.o
         0          0          0          0          0          0   iusefp.o
        30          0          0          0          0         68   llshl.o
        36          0          0          0          0         68   llsshr.o
        32          0          0          0          0         68   llushr.o
        36          0          0          0          0         68   memcpya.o
        36          0          0          0          0        108   memseta.o
      2304        102          0          0          0        696   printfa.o
        14          0          0          0          0         68   strlen.o
        36          0          0          0          0         80   strstr.o
        44          0          0          0          0         80   uidiv.o
        98          0          0          0          0         92   uldiv.o
        48          0          0          0          0         68   cdrcmple.o
       334          0          0          0          0        148   dadd.o
       222          0          0          0          0        100   ddiv.o
       186          0          0          0          0        176   depilogue.o
        48          0          0          0          0         68   dfixul.o
       228          0          0          0          0         96   dmul.o

    ----------------------------------------------------------------------
      3920        118          0          0          0       2120   Library Totals
         4          0          0          0          0          0   (incl. Padding)

    ----------------------------------------------------------------------

      Code (inc. data)   RO Data    RW Data    ZI Data      Debug   Library Name

      2850        118          0          0          0       1464   mc_w.l
      1066          0          0          0          0        656   mf_w.l

    ----------------------------------------------------------------------
      3920        118          0          0          0       2120   Library Totals

    ----------------------------------------------------------------------

==============================================================================


      Code (inc. data)   RO Data    RW Data    ZI Data      Debug   

     89560       6950      12436       8400     339248    1437358   Grand Totals
     89560       6950      12436       4564     339248    1437358   ELF Image Totals (compressed)
     89560       6950      12436       4564          0          0   ROM Totals

==============================================================================

    Total RO  Size (Code + RO Data)               101996 (  99.61kB)
    Total RW  Size (RW Data + ZI Data)            347648 ( 339.50kB)
    Total ROM Size (Code + RO Data + RW Data)     106560 ( 104.06kB)

==============================================================================

