Component: ARM Compiler 5.06 update 7 (build 960) Tool: armlink [4d3601]

==============================================================================

Section Cross References

    main.o(i.CSMACA_PBFT) refers to btim.o(i.btim_tim5_int_init) for btim_tim5_int_init
    main.o(i.CSMACA_PBFT) refers to btim.o(i.btim_tim2_int_init) for btim_tim2_int_init
    main.o(i.CSMACA_PBFT) refers to btim.o(i.btim_tim9_int_init) for btim_tim9_int_init
    main.o(i.CSMACA_PBFT) refers to main.o(i.init_public_key) for init_public_key
    main.o(i.init_public_key) refers to delay.o(i.delay_ms) for delay_ms
    main.o(i.init_public_key) refers to mw1268_app.o(i.LoRa_Init) for LoRa_Init
    main.o(i.init_public_key) refers to mw1268_app.o(i.LoRa_Set) for LoRa_Set
    main.o(i.init_public_key) refers to rng.o(i.RNG_Init) for RNG_Init
    main.o(i.init_public_key) refers to memseta.o(.text) for __aeabi_memclr4
    main.o(i.init_public_key) refers to uecc.o(i.uECC_secp160r1) for uECC_secp160r1
    main.o(i.init_public_key) refers to uecc.o(i.uECC_secp192r1) for uECC_secp192r1
    main.o(i.init_public_key) refers to uecc.o(i.uECC_secp224r1) for uECC_secp224r1
    main.o(i.init_public_key) refers to uecc.o(i.uECC_secp256r1) for uECC_secp256r1
    main.o(i.init_public_key) refers to uecc.o(i.uECC_secp256k1) for uECC_secp256k1
    main.o(i.init_public_key) refers to uecc.o(i.uECC_set_rng) for uECC_set_rng
    main.o(i.init_public_key) refers to uecc.o(i.uECC_make_key) for uECC_make_key
    main.o(i.init_public_key) refers to printfa.o(i.__0sprintf) for __2sprintf
    main.o(i.init_public_key) refers to mw1268_app.o(i.LoRa_SendData) for LoRa_SendData
    main.o(i.init_public_key) refers to printfa.o(i.__0printf) for __2printf
    main.o(i.init_public_key) refers to mw1268_app.o(.data) for LoRa_CFG
    main.o(i.init_public_key) refers to main.o(i.my_RNG) for my_RNG
    main.o(i.init_public_key) refers to tendermint2.o(.bss) for Send_Data_buff
    main.o(i.main) refers to stm32f7xx_hal_cortex.o(i.HAL_MPU_Disable) for HAL_MPU_Disable
    main.o(i.main) refers to stm32f7xx_hal_cortex.o(i.HAL_MPU_ConfigRegion) for HAL_MPU_ConfigRegion
    main.o(i.main) refers to stm32f7xx_hal_cortex.o(i.HAL_MPU_Enable) for HAL_MPU_Enable
    main.o(i.main) refers to main.o(i.CPU_CACHE_Enable) for CPU_CACHE_Enable
    main.o(i.main) refers to stm32f7xx_hal.o(i.HAL_Init) for HAL_Init
    main.o(i.main) refers to stm32f7xx_hal_rcc.o(i.HAL_RCC_OscConfig) for HAL_RCC_OscConfig
    main.o(i.main) refers to stm32f7xx_hal_pwr_ex.o(i.HAL_PWREx_EnableOverDrive) for HAL_PWREx_EnableOverDrive
    main.o(i.main) refers to stm32f7xx_hal_rcc.o(i.HAL_RCC_ClockConfig) for HAL_RCC_ClockConfig
    main.o(i.main) refers to delay.o(i.delay_init) for delay_init
    main.o(i.main) refers to led.o(i.LED_Init) for LED_Init
    main.o(i.main) refers to tasks.o(i.xTaskCreate) for xTaskCreate
    main.o(i.main) refers to tasks.o(i.vTaskStartScheduler) for vTaskStartScheduler
    main.o(i.main) refers to main.o(.data) for .data
    main.o(i.main) refers to main.o(i.start_task) for start_task
    main.o(i.my_RNG) refers to rng.o(i.RNG_Get_RandomNum) for RNG_Get_RandomNum
    main.o(i.run_slow) refers to sys.o(i.GPIO_Pin_Set) for GPIO_Pin_Set
    main.o(i.setup) refers to sys.o(i.GPIO_Set) for GPIO_Set
    main.o(i.spin) refers to sys.o(i.GPIO_Pin_Set) for GPIO_Pin_Set
    main.o(i.start_task) refers to port.o(i.vPortEnterCritical) for vPortEnterCritical
    main.o(i.start_task) refers to tasks.o(i.xTaskCreate) for xTaskCreate
    main.o(i.start_task) refers to tasks.o(i.vTaskDelete) for vTaskDelete
    main.o(i.start_task) refers to port.o(i.vPortExitCritical) for vPortExitCritical
    main.o(i.start_task) refers to main.o(.data) for .data
    main.o(i.start_task) refers to main.o(i.CSMACA_PBFT) for CSMACA_PBFT
    main.o(i.stop) refers to sys.o(i.GPIO_Pin_Set) for GPIO_Pin_Set
    delay.o(i.delay_init) refers to stm32f7xx_hal_cortex.o(i.HAL_SYSTICK_CLKSourceConfig) for HAL_SYSTICK_CLKSourceConfig
    delay.o(i.delay_init) refers to delay.o(.data) for .data
    delay.o(i.delay_ms) refers to tasks.o(i.xTaskGetSchedulerState) for xTaskGetSchedulerState
    delay.o(i.delay_ms) refers to tasks.o(i.vTaskDelay) for vTaskDelay
    delay.o(i.delay_ms) refers to delay.o(i.delay_us) for delay_us
    delay.o(i.delay_ms) refers to delay.o(.data) for .data
    delay.o(i.delay_us) refers to delay.o(.data) for .data
    delay.o(i.delay_xms) refers to delay.o(i.delay_us) for delay_us
    sys.o(i.MY_NVIC_Init) refers to sys.o(i.MY_NVIC_PriorityGroupConfig) for MY_NVIC_PriorityGroupConfig
    sys.o(i.Stm32_Clock_Init) refers to stm32f7xx_hal_rcc.o(i.HAL_RCC_OscConfig) for HAL_RCC_OscConfig
    sys.o(i.Stm32_Clock_Init) refers to stm32f7xx_hal_pwr_ex.o(i.HAL_PWREx_EnableOverDrive) for HAL_PWREx_EnableOverDrive
    sys.o(i.Stm32_Clock_Init) refers to stm32f7xx_hal_rcc.o(i.HAL_RCC_ClockConfig) for HAL_RCC_ClockConfig
    usart.o(i.HAL_UART_RxCpltCallback) refers to usart.o(.data) for .data
[...]
    i.xTimerCreateTimerTask                  0x08006bc4   Section        0  timers.o(i.xTimerCreateTimerTask)
    i.xTimerGenericCommand                   0x08006c38   Section        0  timers.o(i.xTimerGenericCommand)
    .constdata                               0x08006cc8   Section       16  system_stm32f7xx.o(.constdata)
    .constdata                               0x08006cd8   Section        8  system_stm32f7xx.o(.constdata)
    .constdata                               0x08006ce0   Section      916  uecc.o(.constdata)
    curve_secp160r1                          0x08006cf0   Data         180  uecc.o(.constdata)
    curve_secp192r1                          0x08006da4   Data         180  uecc.o(.constdata)
    curve_secp224r1                          0x08006e58   Data         180  uecc.o(.constdata)
    curve_secp256r1                          0x08006f0c   Data         180  uecc.o(.constdata)
    curve_secp256k1                          0x08006fc0   Data         180  uecc.o(.constdata)
    .data                                    0x20020000   Section        8  main.o(.data)
    .data                                    0x20020008   Section        8  delay.o(.data)
    fac_ms                                   0x20020008   Data           2  delay.o(.data)
    fac_us                                   0x2002000c   Data           4  delay.o(.data)
    .data                                    0x20020010   Section        4  usart.o(.data)
    .data                                    0x20020014   Section        4  usart.o(.data)
    .data                                    0x20020018   Section       12  stm32f7xx_hal.o(.data)
    .data                                    0x20020024   Section        1  led.o(.data)
    .data                                    0x20020028   Section       20  btim.o(.data)
    p                                        0x20020028   Data           4  btim.o(.data)
    p                                        0x2002002c   Data           4  btim.o(.data)
    p                                        0x20020030   Data           4  btim.o(.data)
    p                                        0x20020034   Data           4  btim.o(.data)
    p                                        0x20020038   Data           4  btim.o(.data)
    .data                                    0x2002003c   Section        8  usart3.o(.data)
    bound                                    0x20020040   Data           4  usart3.o(.data)
    .data                                    0x20020044   Section       60  tasks.o(.data)
    uxDeletedTasksWaitingCleanUp             0x20020048   Data           4  tasks.o(.data)
    uxCurrentNumberOfTasks                   0x2002004c   Data           4  tasks.o(.data)
    xTickCount                               0x20020050   Data           4  tasks.o(.data)
    uxTopReadyPriority                       0x20020054   Data           4  tasks.o(.data)
    xSchedulerRunning                        0x20020058   Data           4  tasks.o(.data)
    uxPendedTicks                            0x2002005c   Data           4  tasks.o(.data)
    xYieldPending                            0x20020060   Data           4  tasks.o(.data)
    xNumOfOverflows                          0x20020064   Data           4  tasks.o(.data)
    uxTaskNumber                             0x20020068   Data           4  tasks.o(.data)
    xNextTaskUnblockTime                     0x2002006c   Data           4  tasks.o(.data)
    xIdleTaskHandle                          0x20020070   Data           4  tasks.o(.data)
    uxSchedulerSuspended                     0x20020074   Data           4  tasks.o(.data)
    pxDelayedTaskList                        0x20020078   Data           4  tasks.o(.data)
    pxOverflowDelayedTaskList                0x2002007c   Data           4  tasks.o(.data)
    .data                                    0x20020080   Section       20  timers.o(.data)
    xTimerQueue                              0x20020080   Data           4  timers.o(.data)
    xTimerTaskHandle                         0x20020084   Data           4  timers.o(.data)
    xLastTime                                0x20020088   Data           4  timers.o(.data)
    pxCurrentTimerList                       0x2002008c   Data           4  timers.o(.data)
    pxOverflowTimerList                      0x20020090   Data           4  timers.o(.data)
    .data                                    0x20020094   Section       24  heap_4.o(.data)
    pxEnd                                    0x20020094   Data           4  heap_4.o(.data)
    xFreeBytesRemaining                      0x20020098   Data           4  heap_4.o(.data)
    xMinimumEverFreeBytesRemaining           0x2002009c   Data           4  heap_4.o(.data)
    xBlockAllocatedBit                       0x200200a0   Data           4  heap_4.o(.data)
    xStart                                   0x200200a4   Data           8  heap_4.o(.data)
    .data                                    0x200200ac   Section       12  port.o(.data)
    ucMaxSysCallPriority                     0x200200ac   Data           1  port.o(.data)
    uxCriticalNesting                        0x200200b0   Data           4  port.o(.data)
    ulMaxPRIGROUPValue                       0x200200b4   Data           4  port.o(.data)
    .data                                    0x200200b8   Section       16  mw1268_app.o(.data)
    .data                                    0x200200c8   Section        4  system_stm32f7xx.o(.data)
    .data                                    0x200200cc   Section       39  tendermint2.o(.data)
    message                                  0x200200dc   Data          23  tendermint2.o(.data)
    .data                                    0x200200f4   Section        4  uecc.o(.data)
    g_rng_function                           0x200200f4   Data           4  uecc.o(.data)
    .bss                                     0x200200f8   Section      336  usart.o(.bss)
    .bss                                     0x20020248   Section       16  rng.o(.bss)
    .bss                                     0x20020258   Section      380  btim.o(.bss)
    .bss                                     0x200203d4   Section     2184  usart3.o(.bss)
    .bss                                     0x20020c5c   Section       64  queue.o(.bss)
    .bss                                     0x20020c9c   Section      740  tasks.o(.bss)
    pxReadyTasksLists                        0x20020c9c   Data         640  tasks.o(.bss)
    xDelayedTaskList1                        0x20020f1c   Data          20  tasks.o(.bss)
    xDelayedTaskList2                        0x20020f30   Data          20  tasks.o(.bss)
    xPendingReadyList                        0x20020f44   Data          20  tasks.o(.bss)
    xTasksWaitingTermination                 0x20020f58   Data          20  tasks.o(.bss)
    xSuspendedTaskList                       0x20020f6c   Data          20  tasks.o(.bss)
    .bss                                     0x20020f80   Section       40  timers.o(.bss)
    xActiveTimerList1                        0x20020f80   Data          20  timers.o(.bss)
    xActiveTimerList2                        0x20020f94   Data          20  timers.o(.bss)
    .bss                                     0x20020fa8   Section    47104  heap_4.o(.bss)
    ucHeap                                   0x20020fa8   Data       47104  heap_4.o(.bss)
    .bss                                     0x2002c7a8   Section       40  mw1268_app.o(.bss)
    Lora_Cfgbuff                             0x2002c7a8   Data          20  mw1268_app.o(.bss)
    gpio_init_struct                         0x2002c7bc   Data          20  mw1268_app.o(.bss)
    .bss                                     0x2002c7d0   Section    20992  tendermint2.o(.bss)
    STACK                                    0x200319d0   Section    65536  startup_stm32f767xx.o(STACK)

    Global Symbols

    Symbol Name                              Value     Ov Type        Size  Object(Section)

    BuildAttributes$$THM_ISAv4$E$P$D$K$B$S$7EM$VFPv5_D16$PE$PLD8$A:L22UL41UL21$X:L11$S22US41US21$IEEE1$IW$USESV6$~STKCKD$USESV7$~SHL$OSPACE$ROPI$EBA8$MICROLIB$REQ8$PRES8$EABIv2 0x00000000   Number         0  anon$$obj.o ABSOLUTE
    __ARM_use_no_argv                        0x00000000   Number         0  main.o ABSOLUTE
    __use_no_errno                           0x00000000   Number         0  useno.o ABSOLUTE
    __use_no_exception_handling              0x00000000   Number         0  useno.o ABSOLUTE
    __use_no_fp                              0x00000000   Number         0  useno.o ABSOLUTE
    __use_no_heap                            0x00000000   Number         0  useno.o ABSOLUTE
    __use_no_heap_region                     0x00000000   Number         0  useno.o ABSOLUTE
    __use_no_semihosting                     0x00000000   Number         0  useno.o ABSOLUTE
    __use_no_semihosting_swi                 0x00000000   Number         0  useno.o ABSOLUTE
    __use_no_signal_handling                 0x00000000   Number         0  useno.o ABSOLUTE
    _printf_a                                0x00000000   Number         0  stubs.o ABSOLUTE
    _printf_c                                0x00000000   Number         0  stubs.o ABSOLUTE
    _printf_charcount                        0x00000000   Number         0  stubs.o ABSOLUTE
    _printf_d                                0x00000000   Number         0  stubs.o ABSOLUTE
    _printf_e                                0x00000000   Number         0  stubs.o ABSOLUTE
    _printf_f                                0x00000000   Number         0  stubs.o ABSOLUTE
    _printf_flags                            0x00000000   Number         0  stubs.o ABSOLUTE
    _printf_fp_dec                           0x00000000   Number         0  stubs.o ABSOLUTE
    _printf_fp_hex                           0x00000000   Number         0  stubs.o ABSOLUTE
    _printf_g                                0x00000000   Number         0  stubs.o ABSOLUTE
    _printf_i                                0x00000000   Number         0  stubs.o ABSOLUTE
    _printf_int_dec                          0x00000000   Number         0  stubs.o ABSOLUTE
    _printf_l                                0x00000000   Number         0  stubs.o ABSOLUTE
    _printf_lc                               0x00000000   Number         0  stubs.o ABSOLUTE
    _printf_ll                               0x00000000   Number         0  stubs.o ABSOLUTE
    _printf_lld                              0x00000000   Number         0  stubs.o ABSOLUTE
    _printf_lli                              0x00000000   Number         0  stubs.o ABSOLUTE
    _printf_llo                              0x00000000   Number         0  stubs.o ABSOLUTE
    _printf_llu                              0x00000000   Number         0  stubs.o ABSOLUTE
    _printf_llx                              0x00000000   Number         0  stubs.o ABSOLUTE
    _printf_longlong_dec                     0x00000000   Number         0  stubs.o ABSOLUTE
    _printf_longlong_hex                     0x00000000   Number         0  stubs.o ABSOLUTE
    _printf_longlong_oct                     0x00000000   Number         0  stubs.o ABSOLUTE
    _printf_ls                               0x00000000   Number         0  stubs.o ABSOLUTE
    _printf_mbtowc                           0x00000000   Number         0  stubs.o ABSOLUTE
    _printf_n                                0x00000000   Number         0  stubs.o ABSOLUTE
    _printf_o                                0x00000000   Number         0  stubs.o ABSOLUTE
    _printf_p                                0x00000000   Number         0  stubs.o ABSOLUTE
    _printf_percent                          0x00000000   Number         0  stubs.o ABSOLUTE
    _printf_pre_padding                      0x00000000   Number         0  stubs.o ABSOLUTE
    _printf_return_value                     0x00000000   Number         0  stubs.o ABSOLUTE
    _printf_s                                0x00000000   Number         0  stubs.o ABSOLUTE
    _printf_sizespec                         0x00000000   Number         0  stubs.o ABSOLUTE
    _printf_str                              0x00000000   Number         0  stubs.o ABSOLUTE
    _printf_truncate_signed                  0x00000000   Number         0  stubs.o ABSOLUTE
    _printf_truncate_unsigned                0x00000000   Number         0  stubs.o ABSOLUTE
    _printf_u                                0x00000000   Number         0  stubs.o ABSOLUTE
    _printf_wc                               0x00000000   Number         0  stubs.o ABSOLUTE
    _printf_wctomb                           0x00000000   Number         0  stubs.o ABSOLUTE
    _printf_widthprec                        0x00000000   Number         0  stubs.o ABSOLUTE
    _printf_x                                0x00000000   Number         0  stubs.o ABSOLUTE
    __arm_fini_                               - Undefined Weak Reference
    __cpp_initialize__aeabi_                  - Undefined Weak Reference
    __cxa_finalize                            - Undefined Weak Reference
    __decompress                              - Undefined Weak Reference
    _clock_init                               - Undefined Weak Reference
    _microlib_exit                            - Undefined Weak Reference
    __Vectors_Size                           0x000001f8   Number         0  startup_stm32f767xx.o ABSOLUTE
    __Vectors                                0x08000000   Data           4  startup_stm32f767xx.o(RESET)
    __Vectors_End                            0x080001f8   Data           0  startup_stm32f767xx.o(RESET)
    __main                                   0x080001f9   Thumb Code     0  entry.o(.ARM.Collect$$$$00000000)
    _main_stk                                0x080001f9   Thumb Code     0  entry2.o(.ARM.Collect$$$$00000001)
    _main_scatterload                        0x080001fd   Thumb Code     0  entry5.o(.ARM.Collect$$$$00000004)
    __main_after_scatterload                 0x08000201   Thumb Code     0  entry5.o(.ARM.Collect$$$$00000004)
    _main_clock                              0x08000201   Thumb Code     0  entry7b.o(.ARM.Collect$$$$00000008)
    _main_cpp_init                           0x08000201   Thumb Code     0  entry8b.o(.ARM.Collect$$$$0000000A)
    _main_init                               0x08000201   Thumb Code     0  entry9a.o(.ARM.Collect$$$$0000000B)
    __rt_lib_shutdown_fini                   0x08000209   Thumb Code     0  entry12b.o(.ARM.Collect$$$$0000000E)
    __rt_final_cpp                           0x0800020d   Thumb Code     0  entry10a.o(.ARM.Collect$$$$0000000F)
    __rt_final_exit                          0x0800020d   Thumb Code     0  entry11a.o(.ARM.Collect$$$$00000011)
    SVC_Handler                              0x08000211   Thumb Code    28  port.o(.emb_text)
    __asm___6_port_c_39a90d8d__prvStartFirstTask 0x08000231   Thumb Code    28  port.o(.emb_text)
    __asm___6_port_c_39a90d8d__prvEnableVFP  0x08000251   Thumb Code    16  port.o(.emb_text)
    PendSV_Handler                           0x08000265   Thumb Code    92  port.o(.emb_text)
    vPortGetIPSR                             0x080002c5   Thumb Code     6  port.o(.emb_text)
    Reset_Handler                            0x080002cd   Thumb Code     8  startup_stm32f767xx.o(.text)
    ADC_IRQHandler                           0x080002e7   Thumb Code     0  startup_stm32f767xx.o(.text)
    CAN1_RX0_IRQHandler                      0x080002e7   Thumb Code     0  startup_stm32f767xx.o(.text)
    CAN1_RX1_IRQHandler                      0x080002e7   Thumb Code     0  startup_stm32f767xx.o(.text)
    CAN1_SCE_IRQHandler                      0x080002e7   Thumb Code     0  startup_stm32f767xx.o(.text)
    CAN1_TX_IRQHandler                       0x080002e7   Thumb Code     0  startup_stm32f767xx.o(.text)
    CAN2_RX0_IRQHandler                      0x080002e7   Thumb Code     0  startup_stm32f767xx.o(.text)
    CAN2_RX1_IRQHandler                      0x080002e7   Thumb Code     0  startup_stm32f767xx.o(.text)
    CAN2_SCE_IRQHandler                      0x080002e7   Thumb Code     0  startup_stm32f767xx.o(.text)
    CAN2_TX_IRQHandler                       0x080002e7   Thumb Code     0  startup_stm32f767xx.o(.text)
    CAN3_RX0_IRQHandler                      0x080002e7   Thumb Code     0  startup_stm32f767xx.o(.text)
    CAN3_RX1_IRQHandler                      0x080002e7   Thumb Code     0  startup_stm32f767xx.o(.text)
    CAN3_SCE_IRQHandler                      0x080002e7   Thumb Code     0  startup_stm32f767xx.o(.text)
    CAN3_TX_IRQHandler                       0x080002e7   Thumb Code     0  startup_stm32f767xx.o(.text)
    CEC_IRQHandler                           0x080002e7   Thumb Code     0  startup_stm32f767xx.o(.text)
    DCMI_IRQHandler                          0x080002e7   Thumb Code     0  startup_stm32f767xx.o(.text)
    DFSDM1_FLT0_IRQHandler                   0x080002e7   Thumb Code     0  startup_stm32f767xx.o(.text)
    DFSDM1_FLT1_IRQHandler                   0x080002e7   Thumb Code     0  startup_stm32f767xx.o(.text)
    DFSDM1_FLT2_IRQHandler                   0x080002e7   Thumb Code     0  startup_stm32f767xx.o(.text)
    DFSDM1_FLT3_IRQHandler                   0x080002e7   Thumb Code     0  startup_stm32f767xx.o(.text)
    DMA1_Stream0_IRQHandler                  0x080002e7   Thumb Code     0  startup_stm32f767xx.o(.text)
    DMA1_Stream1_IRQHandler                  0x080002e7   Thumb Code     0  startup_stm32f767xx.o(.text)
    DMA1_Stream2_IRQHandler                  0x080002e7   Thumb Code     0  startup_stm32f767xx.o(.text)
    DMA1_Stream3_IRQHandler                  0x080002e7   Thumb Code     0  startup_stm32f767xx.o(.text)
    DMA1_Stream4_IRQHandler                  0x080002e7   Thumb Code     0  startup_stm32f767xx.o(.text)
    DMA1_Stream5_IRQHandler                  0x080002e7   Thumb Code     0  startup_stm32f767xx.o(.text)
    DMA1_Stream6_IRQHandler                  0x080002e7   Thumb Code     0  startup_stm32f767xx.o(.text)
    DMA1_Stream7_IRQHandler                  0x080002e7   Thumb Code     0  startup_stm32f767xx.o(.text)
    DMA2D_IRQHandler                         0x080002e7   Thumb Code     0  startup_stm32f767xx.o(.text)
    DMA2_Stream0_IRQHandler                  0x080002e7   Thumb Code     0  startup_stm32f767xx.o(.text)
    DMA2_Stream1_IRQHandler                  0x080002e7   Thumb Code     0  startup_stm32f767xx.o(.text)
    DMA2_Stream2_IRQHandler                  0x080002e7   Thumb Code     0  startup_stm32f767xx.o(.text)
    DMA2_Stream3_IRQHandler                  0x080002e7   Thumb Code     0  startup_stm32f767xx.o(.text)
    DMA2_Stream4_IRQHandler                  0x080002e7   Thumb Code     0  startup_stm32f767xx.o(.text)
    DMA2_Stream5_IRQHandler                  0x080002e7   Thumb Code     0  startup_stm32f767xx.o(.text)
    DMA2_Stream6_IRQHandler                  0x080002e7   Thumb Code     0  startup_stm32f767xx.o(.text)
    DMA2_Stream7_IRQHandler                  0x080002e7   Thumb Code     0  startup_stm32f767xx.o(.text)
    ETH_IRQHandler                           0x080002e7   Thumb Code     0  startup_stm32f767xx.o(.text)
    ETH_WKUP_IRQHandler                      0x080002e7   Thumb Code     0  startup_stm32f767xx.o(.text)
    EXTI0_IRQHandler                         0x080002e7   Thumb Code     0  startup_stm32f767xx.o(.text)
    EXTI1_IRQHandler                         0x080002e7   Thumb Code     0  startup_stm32f767xx.o(.text)
    EXTI2_IRQHandler                         0x080002e7   Thumb Code     0  startup_stm32f767xx.o(.text)
    EXTI3_IRQHandler                         0x080002e7   Thumb Code     0  startup_stm32f767xx.o(.text)
    EXTI4_IRQHandler                         0x080002e7   Thumb Code     0  startup_stm32f767xx.o(.text)
    EXTI9_5_IRQHandler                       0x080002e7   Thumb Code     0  startup_stm32f767xx.o(.text)
    FLASH_IRQHandler                         0x080002e7   Thumb Code     0  startup_stm32f767xx.o(.text)
    FMC_IRQHandler                           0x080002e7   Thumb Code     0  startup_stm32f767xx.o(.text)
    FPU_IRQHandler                           0x080002e7   Thumb Code     0  startup_stm32f767xx.o(.text)
    I2C1_ER_IRQHandler                       0x080002e7   Thumb Code     0  startup_stm32f767xx.o(.text)
    I2C1_EV_IRQHandler                       0x080002e7   Thumb Code     0  startup_stm32f767xx.o(.text)
    I2C2_ER_IRQHandler                       0x080002e7   Thumb Code     0  startup_stm32f767xx.o(.text)
    I2C2_EV_IRQHandler                       0x080002e7   Thumb Code     0  startup_stm32f767xx.o(.text)
    I2C3_ER_IRQHandler                       0x080002e7   Thumb Code     0  startup_stm32f767xx.o(.text)
    I2C3_EV_IRQHandler                       0x080002e7   Thumb Code     0  startup_stm32f767xx.o(.text)
    I2C4_ER_IRQHandler                       0x080002e7   Thumb Code     0  startup_stm32f767xx.o(.text)
    I2C4_EV_IRQHandler                       0x080002e7   Thumb Code     0  startup_stm32f767xx.o(.text)
    JPEG_IRQHandler                          0x080002e7   Thumb Code     0  startup_stm32f767xx.o(.text)
    LPTIM1_IRQHandler                        0x080002e7   Thumb Code     0  startup_stm32f767xx.o(.text)
    LTDC_ER_IRQHandler                       0x080002e7   Thumb Code     0  startup_stm32f767xx.o(.text)
    LTDC_IRQHandler                          0x080002e7   Thumb Code     0  startup_stm32f767xx.o(.text)
    MDIOS_IRQHandler                         0x080002e7   Thumb Code     0  startup_stm32f767xx.o(.text)
    OTG_FS_IRQHandler                        0x080002e7   Thumb Code     0  startup_stm32f767xx.o(.text)
    OTG_FS_WKUP_IRQHandler                   0x080002e7   Thumb Code     0  startup_stm32f767xx.o(.text)
    OTG_HS_EP1_IN_IRQHandler                 0x080002e7   Thumb Code     0  startup_stm32f767xx.o(.text)
    OTG_HS_EP1_OUT_IRQHandler                0x080002e7   Thumb Code     0  startup_stm32f767xx.o(.text)
    OTG_HS_IRQHandler                        0x080002e7   Thumb Code     0  startup_stm32f767xx.o(.text)
    OTG_HS_WKUP_IRQHandler                   0x080002e7   Thumb Code     0  startup_stm32f767xx.o(.text)
    PVD_IRQHandler                           0x080002e7   Thumb Code     0  startup_stm32f767xx.o(.text)
    QUADSPI_IRQHandler                       0x080002e7   Thumb Code     0  startup_stm32f767xx.o(.text)
    RCC_IRQHandler                           0x080002e7   Thumb Code     0  startup_stm32f767xx.o(.text)
    RNG_IRQHandler                           0x080002e7   Thumb Code     0  startup_stm32f767xx.o(.text)
    RTC_Alarm_IRQHandler                     0x080002e7   Thumb Code     0  startup_stm32f767xx.o(.text)
    RTC_WKUP_IRQHandler                      0x080002e7   Thumb Code     0  startup_stm32f767xx.o(.text)
    SAI1_IRQHandler                          0x080002e7   Thumb Code     0  startup_stm32f767xx.o(.text)
    SAI2_IRQHandler                          0x080002e7   Thumb Code     0  startup_stm32f767xx.o(.text)
    SDMMC1_IRQHandler                        0x080002e7   Thumb Code     0  startup_stm32f767xx.o(.text)
    SDMMC2_IRQHandler                        0x080002e7   Thumb Code     0  startup_stm32f767xx.o(.text)
    SPDIF_RX_IRQHandler                      0x080002e7   Thumb Code     0  startup_stm32f767xx.o(.text)
    SPI1_IRQHandler                          0x080002e7   Thumb Code     0  startup_stm32f767xx.o(.text)
    SPI2_IRQHandler                          0x080002e7   Thumb Code     0  startup_stm32f767xx.o(.text)
    SPI3_IRQHandler                          0x080002e7   Thumb Code     0  startup_stm32f767xx.o(.text)
    SPI4_IRQHandler                          0x080002e7   Thumb Code     0  startup_stm32f767xx.o(.text)
    SPI5_IRQHandler                          0x080002e7   Thumb Code     0  startup_stm32f767xx.o(.text)
    SPI6_IRQHandler                          0x080002e7   Thumb Code     0  startup_stm32f767xx.o(.text)
    TAMP_STAMP_IRQHandler                    0x080002e7   Thumb Code     0  startup_stm32f767xx.o(.text)
    TIM1_CC_IRQHandler                       0x080002e7   Thumb Code     0  startup_stm32f767xx.o(.text)
    TIM1_TRG_COM_TIM11_IRQHandler            0x080002e7   Thumb Code     0  startup_stm32f767xx.o(.text)
    TIM3_IRQHandler                          0x080002e7   Thumb Code     0  startup_stm32f767xx.o(.text)
    TIM4_IRQHandler                          0x080002e7   Thumb Code     0  startup_stm32f767xx.o(.text)
    TIM6_DAC_IRQHandler                      0x080002e7   Thumb Code     0  startup_stm32f767xx.o(.text)
    TIM8_BRK_TIM12_IRQHandler                0x080002e7   Thumb Code     0  startup_stm32f767xx.o(.text)
    TIM8_CC_IRQHandler                       0x080002e7   Thumb Code     0  startup_stm32f767xx.o(.text)
    TIM8_TRG_COM_TIM14_IRQHandler            0x080002e7   Thumb Code     0  startup_stm32f767xx.o(.text)
    TIM8_UP_TIM13_IRQHandler                 0x080002e7   Thumb Code     0  startup_stm32f767xx.o(.text)
    UART4_IRQHandler                         0x080002e7   Thumb Code     0  startup_stm32f767xx.o(.text)
    UART5_IRQHandler                         0x080002e7   Thumb Code     0  startup_stm32f767xx.o(.text)
    UART7_IRQHandler                         0x080002e7   Thumb Code     0  startup_stm32f767xx.o(.text)
    UART8_IRQHandler                         0x080002e7   Thumb Code     0  startup_stm32f767xx.o(.text)
    USART2_IRQHandler                        0x080002e7   Thumb Code     0  startup_stm32f767xx.o(.text)
    USART6_IRQHandler                        0x080002e7   Thumb Code     0  startup_stm32f767xx.o(.text)
    WWDG_IRQHandler                          0x080002e7   Thumb Code     0  startup_stm32f767xx.o(.text)
    __aeabi_uldivmod                         0x080002f1   Thumb Code    98  uldiv.o(.text)
    __aeabi_llsl                             0x08000353   Thumb Code    30  llshl.o(.text)
    _ll_shift_l                              0x08000353   Thumb Code     0  llshl.o(.text)
    __aeabi_llsr                             0x08000371   Thumb Code    32  llushr.o(.text)
    _ll_ushift_r                             0x08000371   Thumb Code     0  llushr.o(.text)
    ___aeabi_memcpy8$move                    0x08000391   Thumb Code     0  memmovea.o(.text)
    __aeabi_memcpy                           0x08000391   Thumb Code    64  memmovea.o(.text)
    __aeabi_memcpy4                          0x08000391   Thumb Code     0  memmovea.o(.text)
    __aeabi_memmove                          0x08000391   Thumb Code     0  memmovea.o(.text)
    __aeabi_memmove4                         0x08000391   Thumb Code     0  memmovea.o(.text)
    __aeabi_memmove8                         0x08000391   Thumb Code     0  memmovea.o(.text)
    __aeabi_memset                           0x080003d1   Thumb Code    14  memseta.o(.text)
    __aeabi_memset4                          0x080003d1   Thumb Code     0  memseta.o(.text)
    __aeabi_memset8                          0x080003d1   Thumb Code     0  memseta.o(.text)
    __aeabi_memclr                           0x080003df   Thumb Code     4  memseta.o(.text)
    __aeabi_memclr4                          0x080003df   Thumb Code     0  memseta.o(.text)
    __aeabi_memclr8                          0x080003df   Thumb Code     0  memseta.o(.text)
    memset                                   0x080003e3   Thumb Code    18  memseta.o(.text)
    strstr                                   0x080003f5   Thumb Code    36  strstr.o(.text)
    strlen                                   0x08000419   Thumb Code    14  strlen.o(.text)
    __aeabi_uidiv                            0x08000427   Thumb Code     0  uidiv.o(.text)
    __aeabi_uidivmod                         0x08000427   Thumb Code    44  uidiv.o(.text)
    __I$use$fp                               0x08000453   Thumb Code     0  iusefp.o(.text)
    __aeabi_dadd                             0x08000453   Thumb Code   322  dadd.o(.text)
    __aeabi_dsub                             0x08000595   Thumb Code     6  dadd.o(.text)
    __aeabi_drsub                            0x0800059b   Thumb Code     6  dadd.o(.text)
    __aeabi_dmul                             0x080005a1   Thumb Code   228  dmul.o(.text)
    __aeabi_ddiv                             0x08000685   Thumb Code   222  ddiv.o(.text)
    __aeabi_d2ulz                            0x08000763   Thumb Code    48  dfixul.o(.text)
    __aeabi_cdrcmple                         0x08000795   Thumb Code    48  cdrcmple.o(.text)
    __scatterload                            0x080007c5   Thumb Code    28  init.o(.text)
    __scatterload_rt2                        0x080007c5   Thumb Code     0  init.o(.text)
    __aeabi_lasr                             0x080007e9   Thumb Code    36  llsshr.o(.text)
    _ll_sshift_r                             0x080007e9   Thumb Code     0  llsshr.o(.text)
    _double_round                            0x0800080d   Thumb Code    30  depilogue.o(.text)
    _double_epilogue                         0x0800082b   Thumb Code   156  depilogue.o(.text)
    Aux_Int                                  0x080008c9   Thumb Code    56  mw1268_app.o(i.Aux_Int)
    BusFault_Handler                         0x0800090d   Thumb Code     2  stm32f7xx_it.o(i.BusFault_Handler)
    CSMACA_PBFT                              0x08000991   Thumb Code    40  main.o(i.CSMACA_PBFT)
    DebugMon_Handler                         0x080009b9   Thumb Code     2  stm32f7xx_it.o(i.DebugMon_Handler)
    EXTI15_10_IRQHandler                     0x080009bd   Thumb Code   210  mw1268_app.o(i.EXTI15_10_IRQHandler)
    GPIO_Pin_Set                             0x08000aa9   Thumb Code    12  sys.o(i.GPIO_Pin_Set)
    HAL_DMA_Abort                            0x08000ab5   Thumb Code   146  stm32f7xx_hal_dma.o(i.HAL_DMA_Abort)
    HAL_DMA_Abort_IT                         0x08000b47   Thumb Code    36  stm32f7xx_hal_dma.o(i.HAL_DMA_Abort_IT)
    HAL_GPIO_Init                            0x08000b6d   Thumb Code   438  stm32f7xx_hal_gpio.o(i.HAL_GPIO_Init)
    HAL_GPIO_ReadPin                         0x08000d59   Thumb Code    10  stm32f7xx_hal_gpio.o(i.HAL_GPIO_ReadPin)
    HAL_GPIO_WritePin                        0x08000d63   Thumb Code    10  stm32f7xx_hal_gpio.o(i.HAL_GPIO_WritePin)
    HAL_GetTick                              0x08000d6d   Thumb Code     6  stm32f7xx_hal.o(i.HAL_GetTick)
    HAL_Init                                 0x08000d79   Thumb Code    40  stm32f7xx_hal.o(i.HAL_Init)
    HAL_InitTick                             0x08000da5   Thumb Code    54  stm32f7xx_hal.o(i.HAL_InitTick)
    HAL_MPU_ConfigRegion                     0x08000de5   Thumb Code    80  stm32f7xx_hal_cortex.o(i.HAL_MPU_ConfigRegion)
    HAL_MPU_Disable                          0x08000e39   Thumb Code    24  stm32f7xx_hal_cortex.o(i.HAL_MPU_Disable)
    HAL_MPU_Enable                           0x08000e55   Thumb Code    30  stm32f7xx_hal_cortex.o(i.HAL_MPU_Enable)
    HAL_MspInit                              0x08000e79   Thumb Code     2  stm32f7xx_hal.o(i.HAL_MspInit)
    HAL_NVIC_DisableIRQ                      0x08000e7b   Thumb Code    22  stm32f7xx_hal_cortex.o(i.HAL_NVIC_DisableIRQ)
    HAL_NVIC_EnableIRQ                       0x08000e91   Thumb Code    22  stm32f7xx_hal_cortex.o(i.HAL_NVIC_EnableIRQ)
    HAL_NVIC_SetPriority                     0x08000ea9   Thumb Code    60  stm32f7xx_hal_cortex.o(i.HAL_NVIC_SetPriority)
    HAL_NVIC_SetPriorityGrouping             0x08000ee9   Thumb Code    26  stm32f7xx_hal_cortex.o(i.HAL_NVIC_SetPriorityGrouping)
    HAL_PWREx_EnableOverDrive                0x08000f0d   Thumb Code    98  stm32f7xx_hal_pwr_ex.o(i.HAL_PWREx_EnableOverDrive)
    HAL_RCC_ClockConfig                      0x08000f79   Thumb Code   296  stm32f7xx_hal_rcc.o(i.HAL_RCC_ClockConfig)
    HAL_RCC_GetPCLK1Freq                     0x080010b5   Thumb Code    20  stm32f7xx_hal_rcc.o(i.HAL_RCC_GetPCLK1Freq)
    HAL_RCC_GetPCLK2Freq                     0x080010d5   Thumb Code    20  stm32f7xx_hal_rcc.o(i.HAL_RCC_GetPCLK2Freq)
    HAL_RCC_GetSysClockFreq                  0x080010f5   Thumb Code    88  stm32f7xx_hal_rcc.o(i.HAL_RCC_GetSysClockFreq)
    HAL_RCC_OscConfig                        0x08001155   Thumb Code   882  stm32f7xx_hal_rcc.o(i.HAL_RCC_OscConfig)
    HAL_RNG_GenerateRandomNumber             0x080014d5   Thumb Code   124  stm32f7xx_hal_rng.o(i.HAL_RNG_GenerateRandomNumber)
    HAL_RNG_GetRandomNumber                  0x08001551   Thumb Code    22  stm32f7xx_hal_rng.o(i.HAL_RNG_GetRandomNumber)
    HAL_RNG_Init                             0x08001567   Thumb Code    50  stm32f7xx_hal_rng.o(i.HAL_RNG_Init)
    HAL_RNG_MspInit                          0x08001599   Thumb Code    22  rng.o(i.HAL_RNG_MspInit)
    HAL_SYSTICK_CLKSourceConfig              0x080015b5   Thumb Code    24  stm32f7xx_hal_cortex.o(i.HAL_SYSTICK_CLKSourceConfig)
    HAL_SYSTICK_Config                       0x080015cd   Thumb Code    40  stm32f7xx_hal_cortex.o(i.HAL_SYSTICK_Config)
    HAL_TIMEx_Break2Callback                 0x080015f5   Thumb Code     2  stm32f7xx_hal_tim_ex.o(i.HAL_TIMEx_Break2Callback)
    HAL_TIMEx_BreakCallback                  0x080015f7   Thumb Code     2  stm32f7xx_hal_tim_ex.o(i.HAL_TIMEx_BreakCallback)
    HAL_TIMEx_CommutCallback                 0x080015f9   Thumb Code     2  stm32f7xx_hal_tim_ex.o(i.HAL_TIMEx_CommutCallback)
    HAL_TIM_Base_Init                        0x080015fb   Thumb Code    98  stm32f7xx_hal_tim.o(i.HAL_TIM_Base_Init)
    HAL_TIM_Base_MspInit                     0x0800165d   Thumb Code   216  btim.o(i.HAL_TIM_Base_MspInit)
    HAL_TIM_Base_Start_IT                    0x08001749   Thumb Code   106  stm32f7xx_hal_tim.o(i.HAL_TIM_Base_Start_IT)
    HAL_TIM_IC_CaptureCallback               0x080017d5   Thumb Code     2  stm32f7xx_hal_tim.o(i.HAL_TIM_IC_CaptureCallback)
    HAL_TIM_IRQHandler                       0x080017d7   Thumb Code   388  stm32f7xx_hal_tim.o(i.HAL_TIM_IRQHandler)
    HAL_TIM_OC_DelayElapsedCallback          0x0800195b   Thumb Code     2  stm32f7xx_hal_tim.o(i.HAL_TIM_OC_DelayElapsedCallback)
    HAL_TIM_PWM_PulseFinishedCallback        0x0800195d   Thumb Code     2  stm32f7xx_hal_tim.o(i.HAL_TIM_PWM_PulseFinishedCallback)
    HAL_TIM_PeriodElapsedCallback            0x08001961   Thumb Code    60  btim.o(i.HAL_TIM_PeriodElapsedCallback)
    HAL_TIM_TriggerCallback                  0x080019ad   Thumb Code     2  stm32f7xx_hal_tim.o(i.HAL_TIM_TriggerCallback)
    HAL_UARTEx_RxEventCallback               0x080019af   Thumb Code     2  stm32f7xx_hal_uart.o(i.HAL_UARTEx_RxEventCallback)
    HAL_UARTEx_WakeupCallback                0x080019b1   Thumb Code     2  stm32f7xx_hal_uart.o(i.HAL_UARTEx_WakeupCallback)
    HAL_UART_ErrorCallback                   0x080019b3   Thumb Code     2  stm32f7xx_hal_uart.o(i.HAL_UART_ErrorCallback)
    HAL_UART_GetState                        0x080019b5   Thumb Code    10  stm32f7xx_hal_uart.o(i.HAL_UART_GetState)
    HAL_UART_IRQHandler                      0x080019c1   Thumb Code   686  stm32f7xx_hal_uart.o(i.HAL_UART_IRQHandler)
    HAL_UART_Init                            0x08001c79   Thumb Code   102  stm32f7xx_hal_uart.o(i.HAL_UART_Init)
    HAL_UART_MspInit                         0x08001cdf   Thumb Code     2  stm32f7xx_hal_msp.o(i.HAL_UART_MspInit)
    HAL_UART_Receive_IT                      0x08001ce1   Thumb Code    60  stm32f7xx_hal_uart.o(i.HAL_UART_Receive_IT)
    HAL_UART_RxCpltCallback                  0x08001d1d   Thumb Code    76  usart.o(i.HAL_UART_RxCpltCallback)
    HAL_UART_Transmit                        0x08001d75   Thumb Code   160  stm32f7xx_hal_uart.o(i.HAL_UART_Transmit)
    HAL_UART_TxCpltCallback                  0x08001e15   Thumb Code     2  stm32f7xx_hal_uart.o(i.HAL_UART_TxCpltCallback)
    HardFault_Handler                        0x08001e17   Thumb Code     2  stm32f7xx_it.o(i.HardFault_Handler)
    LED_Init                                 0x08001e19   Thumb Code    72  led.o(i.LED_Init)
    LoRa_Init                                0x08001e69   Thumb Code   376  mw1268_app.o(i.LoRa_Init)
    LoRa_SendData                            0x08002095   Thumb Code    18  mw1268_app.o(i.LoRa_SendData)
    LoRa_Set                                 0x080020b5   Thumb Code   338  mw1268_app.o(i.LoRa_Set)
    MemManage_Handler                        0x080022b5   Thumb Code     2  stm32f7xx_it.o(i.MemManage_Handler)
    NMI_Handler                              0x080022b7   Thumb Code     2  stm32f7xx_it.o(i.NMI_Handler)
    RNG_Get_RandomNum                        0x080022d9   Thumb Code     6  rng.o(i.RNG_Get_RandomNum)
    RNG_Init                                 0x080022e5   Thumb Code    58  rng.o(i.RNG_Init)
    SysTick_Handler                          0x08002329   Thumb Code    42  port.o(i.SysTick_Handler)
    SystemInit                               0x08002359   Thumb Code    12  system_stm32f7xx.o(i.SystemInit)
    TIM1_BRK_TIM9_IRQHandler                 0x08002369   Thumb Code     6  btim.o(i.TIM1_BRK_TIM9_IRQHandler)
    TIM1_UP_TIM10_IRQHandler                 0x08002375   Thumb Code     6  btim.o(i.TIM1_UP_TIM10_IRQHandler)
    TIM2_IRQHandler                          0x08002381   Thumb Code     6  btim.o(i.TIM2_IRQHandler)
    TIM5_IRQHandler                          0x0800238d   Thumb Code     6  btim.o(i.TIM5_IRQHandler)
    TIM7_IRQHandler                          0x08002399   Thumb Code     6  btim.o(i.TIM7_IRQHandler)
    TIM_Base_SetConfig                       0x080023a5   Thumb Code   156  stm32f7xx_hal_tim.o(i.TIM_Base_SetConfig)
    UART_AdvFeatureConfig                    0x0800246d   Thumb Code   200  stm32f7xx_hal_uart.o(i.UART_AdvFeatureConfig)
    UART_CheckIdleState                      0x08002535   Thumb Code    96  stm32f7xx_hal_uart.o(i.UART_CheckIdleState)
    UART_SetConfig                           0x0800273d   Thumb Code   518  stm32f7xx_hal_uart.o(i.UART_SetConfig)
    UART_Start_Receive_IT                    0x08002971   Thumb Code   174  stm32f7xx_hal_uart.o(i.UART_Start_Receive_IT)
    UART_WaitOnFlagUntilTimeout              0x08002a29   Thumb Code   196  stm32f7xx_hal_uart.o(i.UART_WaitOnFlagUntilTimeout)
    USART1_IRQHandler                        0x08002aed   Thumb Code    56  usart.o(i.USART1_IRQHandler)
    USART3_IRQHandler                        0x08002b31   Thumb Code    78  usart3.o(i.USART3_IRQHandler)
    UsageFault_Handler                       0x08002b91   Thumb Code     2  stm32f7xx_it.o(i.UsageFault_Handler)
    User_GpioInit                            0x08002b95   Thumb Code    90  mw1268_app.o(i.User_GpioInit)
    __0printf                                0x08003fdd   Thumb Code    22  printfa.o(i.__0printf)
    __1printf                                0x08003fdd   Thumb Code     0  printfa.o(i.__0printf)
    __2printf                                0x08003fdd   Thumb Code     0  printfa.o(i.__0printf)
    __c89printf                              0x08003fdd   Thumb Code     0  printfa.o(i.__0printf)
    printf                                   0x08003fdd   Thumb Code     0  printfa.o(i.__0printf)
    __0sprintf                               0x08003ffd   Thumb Code    34  printfa.o(i.__0sprintf)
    __1sprintf                               0x08003ffd   Thumb Code     0  printfa.o(i.__0sprintf)
    __2sprintf                               0x08003ffd   Thumb Code     0  printfa.o(i.__0sprintf)
    __c89sprintf                             0x08003ffd   Thumb Code     0  printfa.o(i.__0sprintf)
    sprintf                                  0x08003ffd   Thumb Code     0  printfa.o(i.__0sprintf)
    __0vsprintf                              0x08004025   Thumb Code    30  printfa.o(i.__0vsprintf)
    __1vsprintf                              0x08004025   Thumb Code     0  printfa.o(i.__0vsprintf)
    __2vsprintf                              0x08004025   Thumb Code     0  printfa.o(i.__0vsprintf)
    __c89vsprintf                            0x08004025   Thumb Code     0  printfa.o(i.__0vsprintf)
    vsprintf                                 0x08004025   Thumb Code     0  printfa.o(i.__0vsprintf)
    __scatterload_copy                       0x08004049   Thumb Code    14  handlers.o(i.__scatterload_copy)
    __scatterload_null                       0x08004057   Thumb Code     2  handlers.o(i.__scatterload_null)
    __scatterload_zeroinit                   0x08004059   Thumb Code    14  handlers.o(i.__scatterload_zeroinit)
    btim_tim2_int_init                       0x080048fd   Thumb Code    36  btim.o(i.btim_tim2_int_init)
    btim_tim5_int_init                       0x08004925   Thumb Code    34  btim.o(i.btim_tim5_int_init)
    btim_tim9_int_init                       0x08004951   Thumb Code    34  btim.o(i.btim_tim9_int_init)
    btim_timx_counterset                     0x0800497d   Thumb Code     8  btim.o(i.btim_timx_counterset)
    btim_timx_enable                         0x08004989   Thumb Code    26  btim.o(i.btim_timx_enable)
    btim_timx_int_init                       0x080049a9   Thumb Code    34  btim.o(i.btim_timx_int_init)
    delay_init                               0x080049d5   Thumb Code    50  delay.o(i.delay_init)
    delay_ms                                 0x08004a0d   Thumb Code    52  delay.o(i.delay_ms)
    delay_us                                 0x08004a45   Thumb Code    48  delay.o(i.delay_us)
    fputc                                    0x08004a79   Thumb Code    14  usart.o(i.fputc)
    init_public_key                          0x08004a8d   Thumb Code   348  main.o(i.init_public_key)
    lora_check_cmd                           0x08004c21   Thumb Code    28  mw1268_uart.o(i.lora_check_cmd)
    lora_send_cmd                            0x08004c45   Thumb Code    96  mw1268_uart.o(i.lora_send_cmd)
    main                                     0x08004cb5   Thumb Code   204  main.o(i.main)
    pvPortMalloc                             0x08005639   Thumb Code   214  heap_4.o(i.pvPortMalloc)
    pvTaskIncrementMutexHeldCount            0x0800574d   Thumb Code    18  tasks.o(i.pvTaskIncrementMutexHeldCount)
    pxPortInitialiseStack                    0x08005765   Thumb Code    40  port.o(i.pxPortInitialiseStack)
    start_task                               0x08005791   Thumb Code    44  main.o(i.start_task)
    uECC_make_key                            0x080057d1   Thumb Code   130  uecc.o(i.uECC_make_key)
    uECC_secp160r1                           0x08005855   Thumb Code     4  uecc.o(i.uECC_secp160r1)
    uECC_secp192r1                           0x0800585d   Thumb Code     4  uecc.o(i.uECC_secp192r1)
    uECC_secp224r1                           0x08005865   Thumb Code     4  uecc.o(i.uECC_secp224r1)
    uECC_secp256k1                           0x0800586d   Thumb Code     4  uecc.o(i.uECC_secp256k1)
    uECC_secp256r1                           0x08005875   Thumb Code     4  uecc.o(i.uECC_secp256r1)
    uECC_set_rng                             0x0800587d   Thumb Code     6  uecc.o(i.uECC_set_rng)
    usart3_bpsset                            0x08005889   Thumb Code   132  usart3.o(i.usart3_bpsset)
    usart3_init                              0x08005915   Thumb Code   164  usart3.o(i.usart3_init)
    usart3_rx                                0x080059cd   Thumb Code    46  usart3.o(i.usart3_rx)
    usart3_sendData                          0x08005a01   Thumb Code    42  usart3.o(i.usart3_sendData)
    uxListRemove                             0x08005a31   Thumb Code    36  list.o(i.uxListRemove)
    vListInitialise                          0x08005a55   Thumb Code    22  list.o(i.vListInitialise)
    vListInitialiseItem                      0x08005a6b   Thumb Code     6  list.o(i.vListInitialiseItem)
    vListInsert                              0x08005a71   Thumb Code    48  list.o(i.vListInsert)
    vListInsertEnd                           0x08005aa1   Thumb Code    24  list.o(i.vListInsertEnd)
    vPortEnterCritical                       0x08005ab9   Thumb Code    54  port.o(i.vPortEnterCritical)
    vPortExitCritical                        0x08005b39   Thumb Code    34  port.o(i.vPortExitCritical)
    vPortFree                                0x08005ba1   Thumb Code    94  heap_4.o(i.vPortFree)
    vPortSetupTimerInterrupt                 0x08005c3d   Thumb Code    26  port.o(i.vPortSetupTimerInterrupt)
    vPortValidateInterruptPriority           0x08005c5d   Thumb Code    70  port.o(i.vPortValidateInterruptPriority)
    vQueueAddToRegistry                      0x08005ced   Thumb Code    32  queue.o(i.vQueueAddToRegistry)
    vQueueWaitForMessageRestricted           0x08005d11   Thumb Code    68  queue.o(i.vQueueWaitForMessageRestricted)
    vTaskDelay                               0x08005d55   Thumb Code    62  tasks.o(i.vTaskDelay)
    vTaskDelete                              0x08005dc1   Thumb Code   152  tasks.o(i.vTaskDelete)
    vTaskMissedYield                         0x08005e8d   Thumb Code     8  tasks.o(i.vTaskMissedYield)
    vTaskPlaceOnEventList                    0x08005e99   Thumb Code    44  tasks.o(i.vTaskPlaceOnEventList)
    vTaskPlaceOnEventListRestricted          0x08005eed   Thumb Code    52  tasks.o(i.vTaskPlaceOnEventListRestricted)
    vTaskPriorityInherit                     0x08005f49   Thumb Code   124  tasks.o(i.vTaskPriorityInherit)
    vTaskSetTimeOutState                     0x08005fcd   Thumb Code    30  tasks.o(i.vTaskSetTimeOutState)
    vTaskStartScheduler                      0x08006015   Thumb Code   100  tasks.o(i.vTaskStartScheduler)
    vTaskSuspendAll                          0x080060ad   Thumb Code    10  tasks.o(i.vTaskSuspendAll)
    vTaskSwitchContext                       0x080060bd   Thumb Code    80  tasks.o(i.vTaskSwitchContext)
    xPortStartScheduler                      0x08006139   Thumb Code   150  port.o(i.xPortStartScheduler)
    xQueueGenericCreate                      0x08006221   Thumb Code    82  queue.o(i.xQueueGenericCreate)
    xQueueGenericReceive                     0x08006299   Thumb Code   348  queue.o(i.xQueueGenericReceive)
    xQueueGenericReset                       0x0800641d   Thumb Code   128  queue.o(i.xQueueGenericReset)
    xQueueGenericSend                        0x080064c5   Thumb Code   350  queue.o(i.xQueueGenericSend)
    xQueueGenericSendFromISR                 0x0800664d   Thumb Code   192  queue.o(i.xQueueGenericSendFromISR)
    xTaskCheckForTimeOut                     0x08006731   Thumb Code    94  tasks.o(i.xTaskCheckForTimeOut)
    xTaskCreate                              0x080067b9   Thumb Code    86  tasks.o(i.xTaskCreate)
    xTaskGetSchedulerState                   0x08006811   Thumb Code    22  tasks.o(i.xTaskGetSchedulerState)
    xTaskGetTickCount                        0x0800682d   Thumb Code     6  tasks.o(i.xTaskGetTickCount)
    xTaskIncrementTick                       0x08006839   Thumb Code   188  tasks.o(i.xTaskIncrementTick)
    xTaskPriorityDisinherit                  0x08006921   Thumb Code   136  tasks.o(i.xTaskPriorityDisinherit)
    xTaskRemoveFromEventList                 0x080069d5   Thumb Code   102  tasks.o(i.xTaskRemoveFromEventList)
    xTaskResumeAll                           0x08006a6d   Thumb Code   180  tasks.o(i.xTaskResumeAll)
    xTimerCreate                             0x08006b51   Thumb Code    74  timers.o(i.xTimerCreate)
    xTimerCreateTimerTask                    0x08006bc5   Thumb Code    58  timers.o(i.xTimerCreateTimerTask)
    xTimerGenericCommand                     0x08006c39   Thumb Code    98  timers.o(i.xTimerGenericCommand)
    AHBPrescTable                            0x08006cc8   Data          16  system_stm32f7xx.o(.constdata)
    APBPrescTable                            0x08006cd8   Data           8  system_stm32f7xx.o(.constdata)
    Region$$Table$$Base                      0x08007074   Number         0  anon$$obj.o(Region$$Table)
    Region$$Table$$Limit                     0x08007094   Number         0  anon$$obj.o(Region$$Table)
    StartTask_Handler                        0x20020000   Data           4  main.o(.data)
    CSMACA_PBFT_Task_Handler                 0x20020004   Data           4  main.o(.data)
    aRxBuffer                                0x20020010   Data           1  usart.o(.data)
    USART_RX_STA                             0x20020012   Data           2  usart.o(.data)
    __stdout                                 0x20020014   Data           4  usart.o(.data)
    uwTickFreq                               0x20020018   Data           1  stm32f7xx_hal.o(.data)
    uwTickPrio                               0x2002001c   Data           4  stm32f7xx_hal.o(.data)
    uwTick                                   0x20020020   Data           4  stm32f7xx_hal.o(.data)
    led1sta                                  0x20020024   Data           1  led.o(.data)
    USART3_RX_STA                            0x2002003c   Data           2  usart3.o(.data)
    pxCurrentTCB                             0x20020044   Data           4  tasks.o(.data)
    Lora_Device_Sta                          0x200200b8   Data           1  mw1268_app.o(.data)
    Lora_Int_Sta                             0x200200b9   Data           1  mw1268_app.o(.data)
    LoRa_CFG                                 0x200200ba   Data          14  mw1268_app.o(.data)
    SystemCoreClock                          0x200200c8   Data           4  system_stm32f7xx.o(.data)
    players                                  0x200200cc   Data           1  tendermint2.o(.data)
    k                                        0x200200cd   Data           1  tendermint2.o(.data)
    Run_idx                                  0x200200d0   Data           4  tendermint2.o(.data)
    TIM9_Exceed_Times                        0x200200d4   Data           4  tendermint2.o(.data)
    TIM2_Exceed_Times                        0x200200d8   Data           4  tendermint2.o(.data)
    USART_RX_BUF                             0x200200f8   Data         200  usart.o(.bss)
    UART1_Handler                            0x200201c0   Data         136  usart.o(.bss)
    RNG_Handler                              0x20020248   Data          16  rng.o(.bss)
    timx_handler                             0x20020258   Data          76  btim.o(.bss)
    tim5_handler                             0x200202a4   Data          76  btim.o(.bss)
    tim2_handler                             0x200202f0   Data          76  btim.o(.bss)
    tim9_handler                             0x2002033c   Data          76  btim.o(.bss)
    tim10_handler                            0x20020388   Data          76  btim.o(.bss)
    uart3RxBuffer                            0x200203d4   Data        1024  usart3.o(.bss)
    uart3TxBuffer                            0x200207d4   Data        1024  usart3.o(.bss)
    uart3_handler                            0x20020bd4   Data         136  usart3.o(.bss)
    xQueueRegistry                           0x20020c5c   Data          64  queue.o(.bss)
    Send_Data_buff                           0x2002c7d0   Data         800  tendermint2.o(.bss)
    M                                        0x2002caf0   Data          50  tendermint2.o(.bss)
    M_                                       0x2002cb22   Data          50  tendermint2.o(.bss)
    dealer_time                              0x2002cb54   Data         400  tendermint2.o(.bss)
    PK_encrypt_time                          0x2002cce4   Data         400  tendermint2.o(.bss)
    PK_verify_ciphertext_time                0x2002ce74   Data         400  tendermint2.o(.bss)
    SK_decrypt_share_time                    0x2002d004   Data         400  tendermint2.o(.bss)
    PK_verify_share_time                     0x2002d194   Data         400  tendermint2.o(.bss)
    PK_combine_share_time                    0x2002d324   Data         400  tendermint2.o(.bss)
    SK_sign_time                             0x2002d4b4   Data         400  tendermint2.o(.bss)
    PK_verify_sig_share_time                 0x2002d644   Data         400  tendermint2.o(.bss)
    PK_verify_sig_time                       0x2002d7d4   Data         400  tendermint2.o(.bss)
    PK_sig_combine_share_time                0x2002d964   Data         400  tendermint2.o(.bss)
    a                                        0x2002daf4   Data         880  tendermint2.o(.bss)
    SKs                                      0x2002de64   Data         880  tendermint2.o(.bss)
    G1                                       0x2002e1d4   Data         132  tendermint2.o(.bss)
    G2                                       0x2002e258   Data         264  tendermint2.o(.bss)
    g1                                       0x2002e360   Data         132  tendermint2.o(.bss)
    g2                                       0x2002e3e4   Data         264  tendermint2.o(.bss)
    VK                                       0x2002e4ec   Data         264  tendermint2.o(.bss)
    VKs                                      0x2002e5f4   Data        5280  tendermint2.o(.bss)
    S                                        0x2002fa94   Data          20  tendermint2.o(.bss)
    R_num                                    0x2002faa8   Data          40  tendermint2.o(.bss)
    R                                        0x2002fad0   Data          44  tendermint2.o(.bss)
    SECRET                                   0x2002fafc   Data          44  tendermint2.o(.bss)
    RES                                      0x2002fb28   Data         132  tendermint2.o(.bss)
    g12                                      0x2002fbac   Data         264  tendermint2.o(.bss)
    pair1                                    0x2002fcb4   Data         532  tendermint2.o(.bss)
    g21                                      0x2002fec8   Data         132  tendermint2.o(.bss)
    pair2                                    0x2002ff4c   Data         532  tendermint2.o(.bss)
    U                                        0x20030160   Data         132  tendermint2.o(.bss)
    shares                                   0x200301e4   Data        2640  tendermint2.o(.bss)
    V                                        0x20030c34   Data          50  tendermint2.o(.bss)
    W                                        0x20030c68   Data         264  tendermint2.o(.bss)
    H                                        0x20030d70   Data         264  tendermint2.o(.bss)
    M_point                                  0x20030e78   Data         132  tendermint2.o(.bss)
    Sigs                                     0x20030efc   Data        2640  tendermint2.o(.bss)
    SIG                                      0x2003194c   Data         132  tendermint2.o(.bss)
    __initial_sp                             0x200419d0   Data           0  startup_stm32f767xx.o(STACK)



==============================================================================

Memory Map of the image

  Image Entry point : 0x080001f9

  Load Region LR_IROM1 (Base: 0x08000000, Size: 0x0000718c, Max: 0x00200000, ABSOLUTE)

    Execution Region ER_IROM1 (Exec base: 0x08000000, Load base: 0x08000000, Size: 0x00007094, Max: 0x00200000, ABSOLUTE)

    Exec Addr    Load Addr    Size         Type   Attr      Idx    E Section Name        Object

    0x08000000   0x08000000   0x000001f8   Data   RO          693    RESET               startup_stm32f767xx.o
    0x080001f8   0x080001f8   0x00000000   Code   RO         9791  * .ARM.Collect$$$$00000000  mc_w.l(entry.o)
    0x080001f8   0x080001f8   0x00000004   Code   RO        10120    .ARM.Collect$$$$00000001  mc_w.l(entry2.o)
    0x080001fc   0x080001fc   0x00000004   Code   RO        10123    .ARM.Collect$$$$00000004  mc_w.l(entry5.o)
    0x08000200   0x08000200   0x00000000   Code   RO        10125    .ARM.Collect$$$$00000008  mc_w.l(entry7b.o)
    0x08000200   0x08000200   0x00000000   Code   RO        10127    .ARM.Collect$$$$0000000A  mc_w.l(entry8b.o)
    0x08000200   0x08000200   0x00000008   Code   RO        10128    .ARM.Collect$$$$0000000B  mc_w.l(entry9a.o)
    0x08000208   0x08000208   0x00000004   Code   RO        10135    .ARM.Collect$$$$0000000E  mc_w.l(entry12b.o)
    0x0800020c   0x0800020c   0x00000000   Code   RO        10130    .ARM.Collect$$$$0000000F  mc_w.l(entry10a.o)
    0x0800020c   0x0800020c   0x00000000   Code   RO        10132    .ARM.Collect$$$$00000011  mc_w.l(entry11a.o)
    0x0800020c   0x0800020c   0x00000004   Code   RO        10121    .ARM.Collect$$$$00002712  mc_w.l(entry2.o)
    0x08000210   0x08000210   0x000000ba   Code   RO         5284    .emb_text           port.o
    0x080002ca   0x080002ca   0x00000002   PAD
    0x080002cc   0x080002cc   0x00000024   Code   RO          694    .text               startup_stm32f767xx.o
    0x080002f0   0x080002f0   0x00000062   Code   RO         9803    .text               mc_w.l(uldiv.o)
    0x08000352   0x08000352   0x0000001e   Code   RO         9805    .text               mc_w.l(llshl.o)
    0x08000370   0x08000370   0x00000020   Code   RO         9807    .text               mc_w.l(llushr.o)
    0x08000390   0x08000390   0x00000040   Code   RO         9811    .text               mc_w.l(memmovea.o)
    0x080003d0   0x080003d0   0x00000024   Code   RO         9815    .text               mc_w.l(memseta.o)
    0x080003f4   0x080003f4   0x00000024   Code   RO         9817    .text               mc_w.l(strstr.o)
    0x08000418   0x08000418   0x0000000e   Code   RO         9819    .text               mc_w.l(strlen.o)
    0x08000426   0x08000426   0x0000002c   Code   RO        10147    .text               mc_w.l(uidiv.o)
    0x08000452   0x08000452   0x00000000   Code   RO        10151    .text               mc_w.l(iusefp.o)
    0x08000452   0x08000452   0x0000014e   Code   RO        10152    .text               mf_w.l(dadd.o)
    0x080005a0   0x080005a0   0x000000e4   Code   RO        10154    .text               mf_w.l(dmul.o)
    0x08000684   0x08000684   0x000000de   Code   RO        10156    .text               mf_w.l(ddiv.o)
    0x08000762   0x08000762   0x00000030   Code   RO        10158    .text               mf_w.l(dfixul.o)
    0x08000792   0x08000792   0x00000002   PAD
    0x08000794   0x08000794   0x00000030   Code   RO        10160    .text               mf_w.l(cdrcmple.o)
    0x080007c4   0x080007c4   0x00000024   Code   RO        10162    .text               mc_w.l(init.o)
    0x080007e8   0x080007e8   0x00000024   Code   RO        10165    .text               mc_w.l(llsshr.o)
    0x0800080c   0x0800080c   0x000000ba   Code   RO        10168    .text               mf_w.l(depilogue.o)
    0x080008c6   0x080008c6   0x00000002   PAD
    0x080008c8   0x080008c8   0x00000044   Code   RO         5373    i.Aux_Int           mw1268_app.o
    0x0800090c   0x0800090c   0x00000002   Code   RO          402    i.BusFault_Handler  stm32f7xx_it.o
    0x0800090e   0x0800090e   0x00000002   PAD
    0x08000910   0x08000910   0x00000080   Code   RO            4    i.CPU_CACHE_Enable  main.o
    0x08000990   0x08000990   0x00000028   Code   RO            5    i.CSMACA_PBFT       main.o
    0x080009b8   0x080009b8   0x00000002   Code   RO          403    i.DebugMon_Handler  stm32f7xx_it.o
    0x080009ba   0x080009ba   0x00000002   PAD
    0x080009bc   0x080009bc   0x000000ec   Code   RO         5374    i.EXTI15_10_IRQHandler  mw1268_app.o
    0x08000aa8   0x08000aa8   0x0000000c   Code   RO          541    i.GPIO_Pin_Set      sys.o
    0x08000ab4   0x08000ab4   0x00000092   Code   RO         1085    i.HAL_DMA_Abort     stm32f7xx_hal_dma.o
    0x08000b46   0x08000b46   0x00000024   Code   RO         1086    i.HAL_DMA_Abort_IT  stm32f7xx_hal_dma.o
    0x08000b6a   0x08000b6a   0x00000002   PAD
    0x08000b6c   0x08000b6c   0x000001ec   Code   RO         1232    i.HAL_GPIO_Init     stm32f7xx_hal_gpio.o
    0x08000d58   0x08000d58   0x0000000a   Code   RO         1234    i.HAL_GPIO_ReadPin  stm32f7xx_hal_gpio.o
    0x08000d62   0x08000d62   0x0000000a   Code   RO         1236    i.HAL_GPIO_WritePin  stm32f7xx_hal_gpio.o
    0x08000d6c   0x08000d6c   0x0000000c   Code   RO          718    i.HAL_GetTick       stm32f7xx_hal.o
    0x08000d78   0x08000d78   0x0000002c   Code   RO          725    i.HAL_Init          stm32f7xx_hal.o
    0x08000da4   0x08000da4   0x00000040   Code   RO          726    i.HAL_InitTick      stm32f7xx_hal.o
    0x08000de4   0x08000de4   0x00000054   Code   RO          947    i.HAL_MPU_ConfigRegion  stm32f7xx_hal_cortex.o
    0x08000e38   0x08000e38   0x0000001c   Code   RO          948    i.HAL_MPU_Disable   stm32f7xx_hal_cortex.o
    0x08000e54   0x08000e54   0x00000024   Code   RO          949    i.HAL_MPU_Enable    stm32f7xx_hal_cortex.o
    0x08000e78   0x08000e78   0x00000002   Code   RO          728    i.HAL_MspInit       stm32f7xx_hal.o
    0x08000e7a   0x08000e7a   0x00000016   Code   RO          951    i.HAL_NVIC_DisableIRQ  stm32f7xx_hal_cortex.o
    0x08000e90   0x08000e90   0x00000016   Code   RO          952    i.HAL_NVIC_EnableIRQ  stm32f7xx_hal_cortex.o
    0x08000ea6   0x08000ea6   0x00000002   PAD
    0x08000ea8   0x08000ea8   0x00000040   Code   RO          958    i.HAL_NVIC_SetPriority  stm32f7xx_hal_cortex.o
    0x08000ee8   0x08000ee8   0x00000024   Code   RO          959    i.HAL_NVIC_SetPriorityGrouping  stm32f7xx_hal_cortex.o
    0x08000f0c   0x08000f0c   0x0000006c   Code   RO         1939    i.HAL_PWREx_EnableOverDrive  stm32f7xx_hal_pwr_ex.o
    0x08000f78   0x08000f78   0x0000013c   Code   RO         2026    i.HAL_RCC_ClockConfig  stm32f7xx_hal_rcc.o
    0x080010b4   0x080010b4   0x00000020   Code   RO         2033    i.HAL_RCC_GetPCLK1Freq  stm32f7xx_hal_rcc.o
    0x080010d4   0x080010d4   0x00000020   Code   RO         2034    i.HAL_RCC_GetPCLK2Freq  stm32f7xx_hal_rcc.o
    0x080010f4   0x080010f4   0x00000060   Code   RO         2035    i.HAL_RCC_GetSysClockFreq  stm32f7xx_hal_rcc.o
    0x08001154   0x08001154   0x00000380   Code   RO         2038    i.HAL_RCC_OscConfig  stm32f7xx_hal_rcc.o
    0x080014d4   0x080014d4   0x0000007c   Code   RO         2189    i.HAL_RNG_GenerateRandomNumber  stm32f7xx_hal_rng.o
    0x08001550   0x08001550   0x00000016   Code   RO         2192    i.HAL_RNG_GetRandomNumber  stm32f7xx_hal_rng.o
    0x08001566   0x08001566   0x00000032   Code   RO         2196    i.HAL_RNG_Init      stm32f7xx_hal_rng.o
    0x08001598   0x08001598   0x0000001c   Code   RO         3981    i.HAL_RNG_MspInit   rng.o
    0x080015b4   0x080015b4   0x00000018   Code   RO          961    i.HAL_SYSTICK_CLKSourceConfig  stm32f7xx_hal_cortex.o
    0x080015cc   0x080015cc   0x00000028   Code   RO          963    i.HAL_SYSTICK_Config  stm32f7xx_hal_cortex.o
    0x080015f4   0x080015f4   0x00000002   Code   RO         3005    i.HAL_TIMEx_Break2Callback  stm32f7xx_hal_tim_ex.o
    0x080015f6   0x080015f6   0x00000002   Code   RO         3006    i.HAL_TIMEx_BreakCallback  stm32f7xx_hal_tim_ex.o
    0x080015f8   0x080015f8   0x00000002   Code   RO         3007    i.HAL_TIMEx_CommutCallback  stm32f7xx_hal_tim_ex.o
    0x080015fa   0x080015fa   0x00000062   Code   RO         2291    i.HAL_TIM_Base_Init  stm32f7xx_hal_tim.o
    0x0800165c   0x0800165c   0x000000ec   Code   RO         4029    i.HAL_TIM_Base_MspInit  btim.o
    0x08001748   0x08001748   0x0000008c   Code   RO         2296    i.HAL_TIM_Base_Start_IT  stm32f7xx_hal_tim.o
    0x080017d4   0x080017d4   0x00000002   Code   RO         2325    i.HAL_TIM_IC_CaptureCallback  stm32f7xx_hal_tim.o
    0x080017d6   0x080017d6   0x00000184   Code   RO         2339    i.HAL_TIM_IRQHandler  stm32f7xx_hal_tim.o
    0x0800195a   0x0800195a   0x00000002   Code   RO         2342    i.HAL_TIM_OC_DelayElapsedCallback  stm32f7xx_hal_tim.o
    0x0800195c   0x0800195c   0x00000002   Code   RO         2369    i.HAL_TIM_PWM_PulseFinishedCallback  stm32f7xx_hal_tim.o
    0x0800195e   0x0800195e   0x00000002   PAD
    0x08001960   0x08001960   0x0000004c   Code   RO         4030    i.HAL_TIM_PeriodElapsedCallback  btim.o
    0x080019ac   0x080019ac   0x00000002   Code   RO         2382    i.HAL_TIM_TriggerCallback  stm32f7xx_hal_tim.o
    0x080019ae   0x080019ae   0x00000002   Code   RO         3299    i.HAL_UARTEx_RxEventCallback  stm32f7xx_hal_uart.o
    0x080019b0   0x080019b0   0x00000002   Code   RO         3300    i.HAL_UARTEx_WakeupCallback  stm32f7xx_hal_uart.o
    0x080019b2   0x080019b2   0x00000002   Code   RO         3316    i.HAL_UART_ErrorCallback  stm32f7xx_hal_uart.o
    0x080019b4   0x080019b4   0x0000000a   Code   RO         3318    i.HAL_UART_GetState  stm32f7xx_hal_uart.o
    0x080019be   0x080019be   0x00000002   PAD
    0x080019c0   0x080019c0   0x000002b8   Code   RO         3319    i.HAL_UART_IRQHandler  stm32f7xx_hal_uart.o
    0x08001c78   0x08001c78   0x00000066   Code   RO         3320    i.HAL_UART_Init     stm32f7xx_hal_uart.o
    0x08001cde   0x08001cde   0x00000002   Code   RO          268    i.HAL_UART_MspInit  stm32f7xx_hal_msp.o
    0x08001ce0   0x08001ce0   0x0000003c   Code   RO         3325    i.HAL_UART_Receive_IT  stm32f7xx_hal_uart.o
    0x08001d1c   0x08001d1c   0x00000058   Code   RO          634    i.HAL_UART_RxCpltCallback  usart.o
    0x08001d74   0x08001d74   0x000000a0   Code   RO         3329    i.HAL_UART_Transmit  stm32f7xx_hal_uart.o
    0x08001e14   0x08001e14   0x00000002   Code   RO         3332    i.HAL_UART_TxCpltCallback  stm32f7xx_hal_uart.o
    0x08001e16   0x08001e16   0x00000002   Code   RO          404    i.HardFault_Handler  stm32f7xx_it.o
    0x08001e18   0x08001e18   0x00000050   Code   RO         3949    i.LED_Init          led.o
    0x08001e68   0x08001e68   0x0000022c   Code   RO         5375    i.LoRa_Init         mw1268_app.o
    0x08002094   0x08002094   0x00000020   Code   RO         5377    i.LoRa_SendData     mw1268_app.o
    0x080020b4   0x080020b4   0x00000200   Code   RO         5378    i.LoRa_Set          mw1268_app.o
    0x080022b4   0x080022b4   0x00000002   Code   RO          405    i.MemManage_Handler  stm32f7xx_it.o
    0x080022b6   0x080022b6   0x00000002   Code   RO          406    i.NMI_Handler       stm32f7xx_it.o
    0x080022b8   0x080022b8   0x00000020   Code   RO          965    i.NVIC_SetPriority  stm32f7xx_hal_cortex.o
    0x080022d8   0x080022d8   0x0000000c   Code   RO         3982    i.RNG_Get_RandomNum  rng.o
    0x080022e4   0x080022e4   0x00000044   Code   RO         3984    i.RNG_Init          rng.o
    0x08002328   0x08002328   0x00000030   Code   RO         5285    i.SysTick_Handler   port.o
    0x08002358   0x08002358   0x00000010   Code   RO         5494    i.SystemInit        system_stm32f7xx.o
    0x08002368   0x08002368   0x0000000c   Code   RO         4031    i.TIM1_BRK_TIM9_IRQHandler  btim.o
    0x08002374   0x08002374   0x0000000c   Code   RO         4032    i.TIM1_UP_TIM10_IRQHandler  btim.o
    0x08002380   0x08002380   0x0000000c   Code   RO         4033    i.TIM2_IRQHandler   btim.o
    0x0800238c   0x0800238c   0x0000000c   Code   RO         4035    i.TIM5_IRQHandler   btim.o
    0x08002398   0x08002398   0x0000000c   Code   RO         4036    i.TIM7_IRQHandler   btim.o
    0x080023a4   0x080023a4   0x000000c8   Code   RO         2384    i.TIM_Base_SetConfig  stm32f7xx_hal_tim.o
    0x0800246c   0x0800246c   0x000000c8   Code   RO         3334    i.UART_AdvFeatureConfig  stm32f7xx_hal_uart.o
    0x08002534   0x08002534   0x00000060   Code   RO         3335    i.UART_CheckIdleState  stm32f7xx_hal_uart.o
    0x08002594   0x08002594   0x00000014   Code   RO         3336    i.UART_DMAAbortOnError  stm32f7xx_hal_uart.o
    0x080025a8   0x080025a8   0x0000004c   Code   RO         3346    i.UART_EndRxTransfer  stm32f7xx_hal_uart.o
    0x080025f4   0x080025f4   0x000000a4   Code   RO         3348    i.UART_RxISR_16BIT  stm32f7xx_hal_uart.o
    0x08002698   0x08002698   0x000000a4   Code   RO         3349    i.UART_RxISR_8BIT   stm32f7xx_hal_uart.o
    0x0800273c   0x0800273c   0x00000234   Code   RO         3350    i.UART_SetConfig    stm32f7xx_hal_uart.o
    0x08002970   0x08002970   0x000000b8   Code   RO         3352    i.UART_Start_Receive_IT  stm32f7xx_hal_uart.o
    0x08002a28   0x08002a28   0x000000c4   Code   RO         3355    i.UART_WaitOnFlagUntilTimeout  stm32f7xx_hal_uart.o
    0x08002aec   0x08002aec   0x00000044   Code   RO          635    i.USART1_IRQHandler  usart.o
    0x08002b30   0x08002b30   0x00000060   Code   RO         4236    i.USART3_IRQHandler  usart3.o
    0x08002b90   0x08002b90   0x00000002   Code   RO          407    i.UsageFault_Handler  stm32f7xx_it.o
    0x08002b92   0x08002b92   0x00000002   PAD
    0x08002b94   0x08002b94   0x0000006c   Code   RO         5380    i.User_GpioInit     mw1268_app.o
    0x08002c00   0x08002c00   0x00000056   Code   RO         5803    i._Z12regularize_kPKjPjS1_PK12uECC_Curve_t  uecc.o
    0x08002c56   0x08002c56   0x00000036   Code   RO         5804    i._Z12uECC_vli_addPjPKjS1_a  uecc.o
    0x08002c8c   0x08002c8c   0x00000034   Code   RO         5805    i._Z12uECC_vli_cmpPKjS0_a  uecc.o
    0x08002cc0   0x08002cc0   0x00000018   Code   RO         5806    i._Z12uECC_vli_setPjPKja  uecc.o
    0x08002cd8   0x08002cd8   0x00000036   Code   RO         5807    i._Z12uECC_vli_subPjPKjS1_a  uecc.o
    0x08002d0e   0x08002d0e   0x00000152   Code   RO         5808    i._Z13EccPoint_multPjPKjS1_S1_sPK12uECC_Curve_t  uecc.o
    0x08002e60   0x08002e60   0x000000b2   Code   RO         5810    i._Z13uECC_vli_multPjPKjS1_a  uecc.o
    0x08002f12   0x08002f12   0x00000014   Code   RO         5811    i._Z14uECC_vli_clearPja  uecc.o
    0x08002f26   0x08002f26   0x00000002   PAD
    0x08002f28   0x08002f28   0x00000058   Code   RO         5813    i._Z14x_side_defaultPjPKjPK12uECC_Curve_t  uecc.o
    0x08002f80   0x08002f80   0x00000020   Code   RO         5814    i._Z15uECC_vli_isZeroPKja  uecc.o
    0x08002fa0   0x08002fa0   0x00000030   Code   RO         5815    i._Z15uECC_vli_modAddPjPKjS1_S1_a  uecc.o
    0x08002fd0   0x08002fd0   0x0000010e   Code   RO         5816    i._Z15uECC_vli_modInvPjPKjS1_a  uecc.o
    0x080030de   0x080030de   0x00000024   Code   RO         5817    i._Z15uECC_vli_modSubPjPKjS1_S1_a  uecc.o
    0x08003102   0x08003102   0x00000002   PAD
    0x08003104   0x08003104   0x0000007c   Code   RO         5818    i._Z16mod_sqrt_defaultPjPK12uECC_Curve_t  uecc.o
    0x08003180   0x08003180   0x0000003a   Code   RO         5822    i._Z16uECC_vli_numBitsPKja  uecc.o
    0x080031ba   0x080031ba   0x0000001c   Code   RO         5823    i._Z16uECC_vli_rshift1Pja  uecc.o
    0x080031d6   0x080031d6   0x00000012   Code   RO         5824    i._Z16uECC_vli_testBitPKjs  uecc.o
    0x080031e8   0x080031e8   0x0000002c   Code   RO         5825    i._Z16x_side_secp256k1PjPKjPK12uECC_Curve_t  uecc.o
    0x08003214   0x08003214   0x0000003a   Code   RO         5826    i._Z17vli_modInv_updatePjPKja  uecc.o
    0x0800324e   0x0800324e   0x00000002   PAD
    0x08003250   0x08003250   0x0000008c   Code   RO         5827    i._Z18mod_sqrt_secp224r1PjPK12uECC_Curve_t  uecc.o
    0x080032dc   0x080032dc   0x0000006e   Code   RO         5828    i._Z19XYcZ_initial_doublePjS_S_S_PKjPK12uECC_Curve_t  uecc.o
    0x0800334a   0x0800334a   0x0000002c   Code   RO         5829    i._Z19uECC_vli_cmp_unsafePKjS0_a  uecc.o
    0x08003376   0x08003376   0x00000044   Code   RO         5830    i._Z20omega_mult_secp160r1PjPKj  uecc.o
    0x080033ba   0x080033ba   0x0000003c   Code   RO         5831    i._Z20omega_mult_secp256k1PjPKj  uecc.o
    0x080033f6   0x080033f6   0x00000002   PAD
    0x080033f8   0x080033f8   0x000000b8   Code   RO         5832    i._Z21mod_sqrt_secp224r1_rmPjS_S_PKjS1_S1_S1_S1_  uecc.o
    0x080034b0   0x080034b0   0x000000d4   Code   RO         5833    i._Z21mod_sqrt_secp224r1_rpPjS_S_PKjS1_  uecc.o
    0x08003584   0x08003584   0x0000007c   Code   RO         5834    i._Z21mod_sqrt_secp224r1_rsPjS_S_PKjS1_S1_  uecc.o
    0x08003600   0x08003600   0x00000020   Code   RO         5835    i._Z21uECC_vli_modMult_fastPjPKjS1_PK12uECC_Curve_t  uecc.o
    0x08003620   0x08003620   0x00000022   Code   RO         5837    i._Z22uECC_vli_nativeToBytesPhiPKj  uecc.o
    0x08003642   0x08003642   0x00000156   Code   RO         5838    i._Z23double_jacobian_defaultPjS_S_PK12uECC_Curve_t  uecc.o
    0x08003798   0x08003798   0x00000008   Code   RO         5839    i._Z23uECC_vli_modSquare_fastPjPKjPK12uECC_Curve_t  uecc.o
    0x080037a0   0x080037a0   0x00000088   Code   RO         5840    i._Z23vli_mmod_fast_secp160r1PjS_  uecc.o
    0x08003828   0x08003828   0x00000098   Code   RO         5841    i._Z23vli_mmod_fast_secp192r1PjS_  uecc.o
    0x080038c0   0x080038c0   0x000000dc   Code   RO         5842    i._Z23vli_mmod_fast_secp224r1PjS_  uecc.o
    0x0800399c   0x0800399c   0x00000088   Code   RO         5843    i._Z23vli_mmod_fast_secp256k1PjS_  uecc.o
    0x08003a24   0x08003a24   0x000001b0   Code   RO         5844    i._Z23vli_mmod_fast_secp256r1PjS_  uecc.o
    0x08003bd4   0x08003bd4   0x00000070   Code   RO         5845    i._Z24uECC_generate_random_intPjPKja  uecc.o
    0x08003c44   0x08003c44   0x000000f4   Code   RO         5846    i._Z25double_jacobian_secp256k1PjS_S_PK12uECC_Curve_t  uecc.o
    0x08003d38   0x08003d38   0x0000005a   Code   RO         5847    i._Z27EccPoint_compute_public_keyPjS_PK12uECC_Curve_t  uecc.o
    0x08003d92   0x08003d92   0x0000002a   Code   RO         5848    i._Z6muladdjjPjS_S_  uecc.o
    0x08003dbc   0x08003dbc   0x0000003e   Code   RO         5849    i._Z7apply_zPjS_PKjPK12uECC_Curve_t  uecc.o
    0x08003dfa   0x08003dfa   0x000000ca   Code   RO         5850    i._Z8XYcZ_addPjS_S_S_PK12uECC_Curve_t  uecc.o
    0x08003ec4   0x08003ec4   0x00000118   Code   RO         5854    i._Z9XYcZ_addCPjS_S_S_PK12uECC_Curve_t  uecc.o
    0x08003fdc   0x08003fdc   0x00000020   Code   RO        10062    i.__0printf         mc_w.l(printfa.o)
    0x08003ffc   0x08003ffc   0x00000028   Code   RO        10064    i.__0sprintf        mc_w.l(printfa.o)
    0x08004024   0x08004024   0x00000024   Code   RO        10068    i.__0vsprintf       mc_w.l(printfa.o)
    0x08004048   0x08004048   0x0000000e   Code   RO        10172    i.__scatterload_copy  mc_w.l(handlers.o)
    0x08004056   0x08004056   0x00000002   Code   RO        10173    i.__scatterload_null  mc_w.l(handlers.o)
    0x08004058   0x08004058   0x0000000e   Code   RO        10174    i.__scatterload_zeroinit  mc_w.l(handlers.o)
    0x08004066   0x08004066   0x00000002   PAD
    0x08004068   0x08004068   0x00000184   Code   RO        10069    i._fp_digits        mc_w.l(printfa.o)
    0x080041ec   0x080041ec   0x000006b4   Code   RO        10070    i._printf_core      mc_w.l(printfa.o)
    0x080048a0   0x080048a0   0x00000024   Code   RO        10071    i._printf_post_padding  mc_w.l(printfa.o)
    0x080048c4   0x080048c4   0x0000002e   Code   RO        10072    i._printf_pre_padding  mc_w.l(printfa.o)
    0x080048f2   0x080048f2   0x0000000a   Code   RO        10074    i._sputc            mc_w.l(printfa.o)
    0x080048fc   0x080048fc   0x00000028   Code   RO         4044    i.btim_tim2_int_init  btim.o
    0x08004924   0x08004924   0x0000002c   Code   RO         4048    i.btim_tim5_int_init  btim.o
    0x08004950   0x08004950   0x0000002c   Code   RO         4052    i.btim_tim9_int_init  btim.o
    0x0800497c   0x0800497c   0x0000000c   Code   RO         4054    i.btim_timx_counterset  btim.o
    0x08004988   0x08004988   0x00000020   Code   RO         4055    i.btim_timx_enable  btim.o
    0x080049a8   0x080049a8   0x0000002c   Code   RO         4056    i.btim_timx_int_init  btim.o
    0x080049d4   0x080049d4   0x00000038   Code   RO          459    i.delay_init        delay.o
    0x08004a0c   0x08004a0c   0x00000038   Code   RO          460    i.delay_ms          delay.o
    0x08004a44   0x08004a44   0x00000034   Code   RO          461    i.delay_us          delay.o
    0x08004a78   0x08004a78   0x00000014   Code   RO          637    i.fputc             usart.o
    0x08004a8c   0x08004a8c   0x00000194   Code   RO            7    i.init_public_key   main.o
    0x08004c20   0x08004c20   0x00000024   Code   RO         5463    i.lora_check_cmd    mw1268_uart.o
    0x08004c44   0x08004c44   0x00000070   Code   RO         5464    i.lora_send_cmd     mw1268_uart.o
    0x08004cb4   0x08004cb4   0x000000e0   Code   RO            8    i.main              main.o
    0x08004d94   0x08004d94   0x00000036   Code   RO            9    i.my_RNG            main.o
    0x08004dca   0x08004dca   0x00000002   PAD
    0x08004dcc   0x08004dcc   0x00000070   Code   RO         4730    i.prvAddCurrentTaskToDelayedList  tasks.o
    0x08004e3c   0x08004e3c   0x000000d0   Code   RO         4731    i.prvAddNewTaskToReadyList  tasks.o
    0x08004f0c   0x08004f0c   0x00000050   Code   RO         5091    i.prvCheckForValidListAndQueue  timers.o
    0x08004f5c   0x08004f5c   0x00000054   Code   RO         4732    i.prvCheckTasksWaitingTermination  tasks.o
    0x08004fb0   0x08004fb0   0x00000026   Code   RO         4497    i.prvCopyDataFromQueue  queue.o
    0x08004fd6   0x08004fd6   0x0000006c   Code   RO         4498    i.prvCopyDataToQueue  queue.o
    0x08005042   0x08005042   0x00000014   Code   RO         4733    i.prvDeleteTCB      tasks.o
    0x08005056   0x08005056   0x00000002   PAD
    0x08005058   0x08005058   0x0000004c   Code   RO         5223    i.prvHeapInit       heap_4.o
    0x080050a4   0x080050a4   0x00000028   Code   RO         4734    i.prvIdleTask       tasks.o
    0x080050cc   0x080050cc   0x000000c0   Code   RO         4735    i.prvInitialiseNewTask  tasks.o
    0x0800518c   0x0800518c   0x0000004c   Code   RO         5224    i.prvInsertBlockIntoFreeList  heap_4.o
    0x080051d8   0x080051d8   0x00000038   Code   RO         5092    i.prvInsertTimerInActiveList  timers.o
    0x08005210   0x08005210   0x0000001a   Code   RO         4499    i.prvIsQueueEmpty   queue.o
    0x0800522a   0x0800522a   0x00000002   PAD
    0x0800522c   0x0800522c   0x00000090   Code   RO         4500    i.prvNotifyQueueSetContainer  queue.o
    0x080052bc   0x080052bc   0x00000060   Code   RO         5093    i.prvProcessExpiredTimer  timers.o
    0x0800531c   0x0800531c   0x000000f0   Code   RO         5094    i.prvProcessReceivedCommands  timers.o
    0x0800540c   0x0800540c   0x0000006c   Code   RO         5095    i.prvProcessTimerOrBlockTask  timers.o
    0x08005478   0x08005478   0x00000020   Code   RO         4737    i.prvResetNextTaskUnblockTime  tasks.o
    0x08005498   0x08005498   0x00000028   Code   RO         5096    i.prvSampleTimeNow  timers.o
    0x080054c0   0x080054c0   0x0000006c   Code   RO         5097    i.prvSwitchTimerLists  timers.o
    0x0800552c   0x0800552c   0x0000006c   Code   RO         5286    i.prvTaskExitError  port.o
    0x08005598   0x08005598   0x00000028   Code   RO         5098    i.prvTimerTask      timers.o
    0x080055c0   0x080055c0   0x00000078   Code   RO         4501    i.prvUnlockQueue    queue.o
    0x08005638   0x08005638   0x00000114   Code   RO         5225    i.pvPortMalloc      heap_4.o
    0x0800574c   0x0800574c   0x00000018   Code   RO         4739    i.pvTaskIncrementMutexHeldCount  tasks.o
    0x08005764   0x08005764   0x0000002c   Code   RO         5287    i.pxPortInitialiseStack  port.o
    0x08005790   0x08005790   0x00000040   Code   RO           13    i.start_task        main.o
    0x080057d0   0x080057d0   0x00000082   Code   RO         5861    i.uECC_make_key     uecc.o
    0x08005852   0x08005852   0x00000002   PAD
    0x08005854   0x08005854   0x00000008   Code   RO         5862    i.uECC_secp160r1    uecc.o
    0x0800585c   0x0800585c   0x00000008   Code   RO         5863    i.uECC_secp192r1    uecc.o
    0x08005864   0x08005864   0x00000008   Code   RO         5864    i.uECC_secp224r1    uecc.o
    0x0800586c   0x0800586c   0x00000008   Code   RO         5865    i.uECC_secp256k1    uecc.o
    0x08005874   0x08005874   0x00000008   Code   RO         5866    i.uECC_secp256r1    uecc.o
    0x0800587c   0x0800587c   0x0000000c   Code   RO         5867    i.uECC_set_rng      uecc.o
    0x08005888   0x08005888   0x0000008c   Code   RO         4237    i.usart3_bpsset     usart3.o
    0x08005914   0x08005914   0x000000b8   Code   RO         4238    i.usart3_init       usart3.o
    0x080059cc   0x080059cc   0x00000034   Code   RO         4239    i.usart3_rx         usart3.o
    0x08005a00   0x08005a00   0x00000030   Code   RO         4240    i.usart3_sendData   usart3.o
    0x08005a30   0x08005a30   0x00000024   Code   RO         4448    i.uxListRemove      list.o
    0x08005a54   0x08005a54   0x00000016   Code   RO         4449    i.vListInitialise   list.o
    0x08005a6a   0x08005a6a   0x00000006   Code   RO         4450    i.vListInitialiseItem  list.o
    0x08005a70   0x08005a70   0x00000030   Code   RO         4451    i.vListInsert       list.o
    0x08005aa0   0x08005aa0   0x00000018   Code   RO         4452    i.vListInsertEnd    list.o
    0x08005ab8   0x08005ab8   0x00000080   Code   RO         5289    i.vPortEnterCritical  port.o
    0x08005b38   0x08005b38   0x00000068   Code   RO         5290    i.vPortExitCritical  port.o
    0x08005ba0   0x08005ba0   0x0000009c   Code   RO         5226    i.vPortFree         heap_4.o
    0x08005c3c   0x08005c3c   0x00000020   Code   RO         5291    i.vPortSetupTimerInterrupt  port.o
    0x08005c5c   0x08005c5c   0x00000090   Code   RO         5292    i.vPortValidateInterruptPriority  port.o
    0x08005cec   0x08005cec   0x00000024   Code   RO         4507    i.vQueueAddToRegistry  queue.o
    0x08005d10   0x08005d10   0x00000044   Code   RO         4511    i.vQueueWaitForMessageRestricted  queue.o
    0x08005d54   0x08005d54   0x0000006c   Code   RO         4747    i.vTaskDelay        tasks.o
    0x08005dc0   0x08005dc0   0x000000cc   Code   RO         4749    i.vTaskDelete       tasks.o
    0x08005e8c   0x08005e8c   0x0000000c   Code   RO         4753    i.vTaskMissedYield  tasks.o
    0x08005e98   0x08005e98   0x00000054   Code   RO         4755    i.vTaskPlaceOnEventList  tasks.o
    0x08005eec   0x08005eec   0x0000005c   Code   RO         4756    i.vTaskPlaceOnEventListRestricted  tasks.o
    0x08005f48   0x08005f48   0x00000084   Code   RO         4758    i.vTaskPriorityInherit  tasks.o
    0x08005fcc   0x08005fcc   0x00000048   Code   RO         4762    i.vTaskSetTimeOutState  tasks.o
    0x08006014   0x08006014   0x00000098   Code   RO         4763    i.vTaskStartScheduler  tasks.o
    0x080060ac   0x080060ac   0x00000010   Code   RO         4765    i.vTaskSuspendAll   tasks.o
    0x080060bc   0x080060bc   0x0000007c   Code   RO         4766    i.vTaskSwitchContext  tasks.o
    0x08006138   0x08006138   0x000000e8   Code   RO         5293    i.xPortStartScheduler  port.o
    0x08006220   0x08006220   0x00000078   Code   RO         4516    i.xQueueGenericCreate  queue.o
    0x08006298   0x08006298   0x00000184   Code   RO         4517    i.xQueueGenericReceive  queue.o
    0x0800641c   0x0800641c   0x000000a8   Code   RO         4518    i.xQueueGenericReset  queue.o
    0x080064c4   0x080064c4   0x00000188   Code   RO         4519    i.xQueueGenericSend  queue.o
    0x0800664c   0x0800664c   0x000000e4   Code   RO         4520    i.xQueueGenericSendFromISR  queue.o
    0x08006730   0x08006730   0x00000088   Code   RO         4767    i.xTaskCheckForTimeOut  tasks.o
    0x080067b8   0x080067b8   0x00000056   Code   RO         4768    i.xTaskCreate       tasks.o
    0x0800680e   0x0800680e   0x00000002   PAD
    0x08006810   0x08006810   0x0000001c   Code   RO         4772    i.xTaskGetSchedulerState  tasks.o
    0x0800682c   0x0800682c   0x0000000c   Code   RO         4773    i.xTaskGetTickCount  tasks.o
    0x08006838   0x08006838   0x000000e8   Code   RO         4775    i.xTaskIncrementTick  tasks.o
    0x08006920   0x08006920   0x000000b4   Code   RO         4778    i.xTaskPriorityDisinherit  tasks.o
    0x080069d4   0x080069d4   0x00000098   Code   RO         4779    i.xTaskRemoveFromEventList  tasks.o
    0x08006a6c   0x08006a6c   0x000000e4   Code   RO         4781    i.xTaskResumeAll    tasks.o
    0x08006b50   0x08006b50   0x00000074   Code   RO         5101    i.xTimerCreate      timers.o
    0x08006bc4   0x08006bc4   0x00000074   Code   RO         5102    i.xTimerCreateTimerTask  timers.o
    0x08006c38   0x08006c38   0x00000090   Code   RO         5103    i.xTimerGenericCommand  timers.o
    0x08006cc8   0x08006cc8   0x00000010   Data   RO         5495    .constdata          system_stm32f7xx.o
    0x08006cd8   0x08006cd8   0x00000008   Data   RO         5496    .constdata          system_stm32f7xx.o
    0x08006ce0   0x08006ce0   0x00000394   Data   RO         5945    .constdata          uecc.o
    0x08007074   0x08007074   0x00000020   Data   RO        10170    Region$$Table       anon$$obj.o


    Execution Region RW_IRAM1 (Exec base: 0x20020000, Load base: 0x08007094, Size: 0x000219d0, Max: 0x00060000, ABSOLUTE)

    Exec Addr    Load Addr    Size         Type   Attr      Idx    E Section Name        Object

    0x20020000   0x08007094   0x00000008   Data   RW           19    .data               main.o
    0x20020008   0x0800709c   0x00000008   Data   RW          463    .data               delay.o
    0x20020010   0x080070a4   0x00000004   Data   RW          640    .data               usart.o
    0x20020014   0x080070a8   0x00000004   Data   RW          641    .data               usart.o
    0x20020018   0x080070ac   0x0000000c   Data   RW          732    .data               stm32f7xx_hal.o
    0x20020024   0x080070b8   0x00000001   Data   RW         3951    .data               led.o
    0x20020025   0x080070b9   0x00000003   PAD
    0x20020028   0x080070bc   0x00000014   Data   RW         4058    .data               btim.o
    0x2002003c   0x080070d0   0x00000008   Data   RW         4242    .data               usart3.o
    0x20020044   0x080070d8   0x0000003c   Data   RW         4784    .data               tasks.o
    0x20020080   0x08007114   0x00000014   Data   RW         5111    .data               timers.o
    0x20020094   0x08007128   0x00000018   Data   RW         5231    .data               heap_4.o
    0x200200ac   0x08007140   0x0000000c   Data   RW         5294    .data               port.o
    0x200200b8   0x0800714c   0x00000010   Data   RW         5384    .data               mw1268_app.o
    0x200200c8   0x0800715c   0x00000004   Data   RW         5497    .data               system_stm32f7xx.o
    0x200200cc   0x08007160   0x00000027   Data   RW         5552    .data               tendermint2.o
    0x200200f3   0x08007187   0x00000001   PAD
    0x200200f4   0x08007188   0x00000004   Data   RW         5946    .data               uecc.o
    0x200200f8        -       0x00000150   Zero   RW          639    .bss                usart.o
    0x20020248        -       0x00000010   Zero   RW         3985    .bss                rng.o
    0x20020258        -       0x0000017c   Zero   RW         4057    .bss                btim.o
    0x200203d4        -       0x00000888   Zero   RW         4241    .bss                usart3.o
    0x20020c5c        -       0x00000040   Zero   RW         4531    .bss                queue.o
    0x20020c9c        -       0x000002e4   Zero   RW         4783    .bss                tasks.o
    0x20020f80        -       0x00000028   Zero   RW         5110    .bss                timers.o
    0x20020fa8        -       0x0000b800   Zero   RW         5230    .bss                heap_4.o
    0x2002c7a8        -       0x00000028   Zero   RW         5381    .bss                mw1268_app.o
    0x2002c7d0        -       0x00005200   Zero   RW         5548    .bss                tendermint2.o
    0x200319d0        -       0x00010000   Zero   RW          691    STACK               startup_stm32f767xx.o


==============================================================================

Image component sizes


      Code (inc. data)   RO Data    RW Data    ZI Data      Debug   Object Name

       588        110          0         20        380       9682   btim.o
       164         14          0          8          0      13427   delay.o
         0          0          0          0          0      11744   event_groups.o
       584        138          0         24      47104       4087   heap_4.o
        80          8          0          1          0       1137   led.o
       136          0          0          0          0       3150   list.o
       914        106          0          8          0     853172   main.o
      1512        424          0         16         40       7213   mw1268_app.o
       148         24          0          0          0       1829   mw1268_uart.o
      1026        400          0         12          0      10757   port.o
      1836        236          0          0         64      15757   queue.o
       108         22          0          0         16       2191   rng.o
        36          8        504          0      65536        824   startup_stm32f767xx.o
       122         20          0         12          0       8545   stm32f7xx_hal.o
       388         28          0          0          0      38705   stm32f7xx_hal_cortex.o
       182          0          0          0          0       2123   stm32f7xx_hal_dma.o
       512         54          0          0          0       2979   stm32f7xx_hal_gpio.o
         2          0          0          0          0     880527   stm32f7xx_hal_msp.o
       108         10          0          0          0       1288   stm32f7xx_hal_pwr_ex.o
      1372         66          0          0          0       5348   stm32f7xx_hal_rcc.o
       196          0          0          0          0       2704   stm32f7xx_hal_rng.o
       834         78          0          0          0       7073   stm32f7xx_hal_tim.o
         6          0          0          0          0       2272   stm32f7xx_hal_tim_ex.o
      2700         86          0          0          0      15777   stm32f7xx_hal_uart.o
        12          0          0          0          0       2653   stm32f7xx_it.o
        12          0          0          0          0        973   sys.o
        16          4         24          4          0       1359   system_stm32f7xx.o
      2762        670          0         60        740      29663   tasks.o
         0          0          0         39      20992      10956   tendermint2.o
      1144        260          0         20         40       9914   timers.o
      5258         90        916          4          0      47432   uecc.o
       176         30          0          8        336       3806   usart.o
       520         66          0          8       2184       4774   usart3.o

    ----------------------------------------------------------------------
     23488       2952       1476        248     137432    2013841   Object Totals
         0          0         32          0          0          0   (incl. Generated)
        34          0          0          4          0          0   (incl. Padding)

    ----------------------------------------------------------------------

      Code (inc. data)   RO Data    RW Data    ZI Data      Debug   Library Member Name

         0          0          0          0          0          0   entry.o
         0          0          0          0          0          0   entry10a.o
         0          0          0          0          0          0   entry11a.o
         4          0          0          0          0          0   entry12b.o
         8          4          0          0          0          0   entry2.o
         4          0          0          0          0          0   entry5.o
         0          0          0          0          0          0   entry7b.o
         0          0          0          0          0          0   entry8b.o
         8          4          0          0          0          0   entry9a.o
        30          0          0          0          0          0   handlers.o
        36          8          0          0          0         68   init.o
         0          0          0          0          0          0   iusefp.o
        30          0          0          0          0         68   llshl.o
        36          0          0          0          0         68   llsshr.o
        32          0          0          0          0         68   llushr.o
        64          0          0          0          0         76   memmovea.o
        36          0          0          0          0        108   memseta.o
      2304        102          0          0          0        696   printfa.o
        14          0          0          0          0         68   strlen.o
        36          0          0          0          0         80   strstr.o
        44          0          0          0          0         80   uidiv.o
        98          0          0          0          0         92   uldiv.o
        48          0          0          0          0         68   cdrcmple.o
       334          0          0          0          0        148   dadd.o
       222          0          0          0          0        100   ddiv.o
       186          0          0          0          0        176   depilogue.o
        48          0          0          0          0         68   dfixul.o
       228          0          0          0          0         96   dmul.o

    ----------------------------------------------------------------------
      3856        118          0          0          0       2128   Library Totals
         6          0          0          0          0          0   (incl. Padding)

    ----------------------------------------------------------------------

      Code (inc. data)   RO Data    RW Data    ZI Data      Debug   Library Name

      2784        118          0          0          0       1472   mc_w.l
      1066          0          0          0          0        656   mf_w.l

    ----------------------------------------------------------------------
      3856        118          0          0          0       2128   Library Totals

    ----------------------------------------------------------------------

==============================================================================


      Code (inc. data)   RO Data    RW Data    ZI Data      Debug   

     27344       3070       1476        248     137432    1993481   Grand Totals
     27344       3070       1476        248     137432    1993481   ELF Image Totals
     27344       3070       1476        248          0          0   ROM Totals

==============================================================================

    Total RO  Size (Code + RO Data)                28820 (  28.14kB)
    Total RW  Size (RW Data + ZI Data)            137680 ( 134.45kB)
    Total ROM Size (Code + RO Data + RW Data)      29068 (  28.39kB)

==============================================================================

