Component: ARM Compiler 5.06 update 7 (build 960) Tool: armlink [4d3601]

==============================================================================

Section Cross References

    main.o(i.ABA_AUX_handler) refers to memseta.o(.text) for __aeabi_memclr4
    main.o(i.ABA_AUX_handler) refers to hash.o(i.HASH256_init) for HASH256_init
    main.o(i.ABA_AUX_handler) refers to hash.o(i.HASH256_process) for HASH256_process
    main.o(i.ABA_AUX_handler) refers to hash.o(i.HASH256_hash) for HASH256_hash
    main.o(i.ABA_AUX_handler) refers to thres_prf.o(i.sign_data) for sign_data
    main.o(i.ABA_AUX_handler) refers to stm32f7xx_hal_uart.o(i.HAL_UART_Transmit) for HAL_UART_Transmit
    main.o(i.ABA_AUX_handler) refers to main.o(.data) for start_Global_Consensus
    main.o(i.ABA_AUX_handler) refers to main.o(.bss) for AUX
    main.o(i.ABA_AUX_handler) refers to tendermint2.o(.bss) for Send_Data_buff
    main.o(i.ABA_AUX_handler) refers to usart3.o(.bss) for uart3_handler
    main.o(i.ABA_BVAL_handler) refers to memseta.o(.text) for __aeabi_memclr4
    main.o(i.ABA_BVAL_handler) refers to hash.o(i.HASH256_init) for HASH256_init
    main.o(i.ABA_BVAL_handler) refers to hash.o(i.HASH256_process) for HASH256_process
    main.o(i.ABA_BVAL_handler) refers to hash.o(i.HASH256_hash) for HASH256_hash
    main.o(i.ABA_BVAL_handler) refers to thres_prf.o(i.sign_data) for sign_data
    main.o(i.ABA_BVAL_handler) refers to stm32f7xx_hal_uart.o(i.HAL_UART_Transmit) for HAL_UART_Transmit
    main.o(i.ABA_BVAL_handler) refers to main.o(.data) for start_Global_Consensus
    main.o(i.ABA_BVAL_handler) refers to main.o(.bss) for BVAL
    main.o(i.ABA_BVAL_handler) refers to tendermint2.o(.bss) for Send_Data_buff
    main.o(i.ABA_BVAL_handler) refers to usart3.o(.bss) for uart3_handler
    main.o(i.ABA_NACK_handler) refers to memseta.o(.text) for __aeabi_memclr4
    main.o(i.ABA_NACK_handler) refers to hash.o(i.HASH256_init) for HASH256_init
    main.o(i.ABA_NACK_handler) refers to hash.o(i.HASH256_process) for HASH256_process
    main.o(i.ABA_NACK_handler) refers to hash.o(i.HASH256_hash) for HASH256_hash
    main.o(i.ABA_NACK_handler) refers to thres_prf.o(i.sign_data) for sign_data
    main.o(i.ABA_NACK_handler) refers to stm32f7xx_hal_uart.o(i.HAL_UART_Transmit) for HAL_UART_Transmit
    main.o(i.ABA_NACK_handler) refers to rng.o(i.RNG_Get_RandomRange) for RNG_Get_RandomRange
    main.o(i.ABA_NACK_handler) refers to delay.o(i.delay_ms) for delay_ms
    main.o(i.ABA_NACK_handler) refers to main.o(.data) for start_Global_Consensus
    main.o(i.ABA_NACK_handler) refers to tendermint2.o(.bss) for Send_Data_buff
    main.o(i.ABA_NACK_handler) refers to main.o(.bss) for ACK_BVAL
    main.o(i.ABA_NACK_handler) refers to usart3.o(.bss) for uart3_handler
    main.o(i.ABA_SHARE_handler) refers to thres_prf.o(i.Coin_SK_sign) for Coin_SK_sign
    main.o(i.ABA_SHARE_handler) refers to memseta.o(.text) for __aeabi_memclr4
    main.o(i.ABA_SHARE_handler) refers to hash.o(i.HASH256_init) for HASH256_init
    main.o(i.ABA_SHARE_handler) refers to hash.o(i.HASH256_process) for HASH256_process
    main.o(i.ABA_SHARE_handler) refers to hash.o(i.HASH256_hash) for HASH256_hash
    main.o(i.ABA_SHARE_handler) refers to thres_prf.o(i.sign_data) for sign_data
    main.o(i.ABA_SHARE_handler) refers to stm32f7xx_hal_uart.o(i.HAL_UART_Transmit) for HAL_UART_Transmit
    main.o(i.ABA_SHARE_handler) refers to main.o(.data) for start_Global_Consensus
    main.o(i.ABA_SHARE_handler) refers to tendermint2.o(.bss) for Send_Data_buff
    main.o(i.ABA_SHARE_handler) refers to main.o(.bss) for ACK_ABA_share
    main.o(i.ABA_SHARE_handler) refers to usart3.o(.bss) for uart3_handler
    main.o(i.ABA_init) refers to thres_prf.o(i.init_thres_sig) for init_thres_sig
    main.o(i.ABA_init) refers to main.o(.data) for start_ABA
    main.o(i.ABA_init) refers to main.o(.bss) for ABA_share_Number
    main.o(i.CSMACA_PBFT) refers to tasks.o(i.vTaskSuspend) for vTaskSuspend
    main.o(i.CSMACA_PBFT) refers to main.o(.data) for CSMACA_PBFT_Task_Handler
    main.o(i.ENC_NACK_handler) refers to memseta.o(.text) for __aeabi_memclr4
    main.o(i.ENC_NACK_handler) refers to hash.o(i.HASH256_init) for HASH256_init
    main.o(i.ENC_NACK_handler) refers to hash.o(i.HASH256_process) for HASH256_process
    main.o(i.ENC_NACK_handler) refers to hash.o(i.HASH256_hash) for HASH256_hash
    main.o(i.ENC_NACK_handler) refers to thres_prf.o(i.sign_data) for sign_data
    main.o(i.ENC_NACK_handler) refers to stm32f7xx_hal_uart.o(i.HAL_UART_Transmit) for HAL_UART_Transmit
    main.o(i.ENC_NACK_handler) refers to rng.o(i.RNG_Get_RandomRange) for RNG_Get_RandomRange
    main.o(i.ENC_NACK_handler) refers to delay.o(i.delay_ms) for delay_ms
    main.o(i.ENC_NACK_handler) refers to main.o(.data) for start_Global_Consensus
    main.o(i.ENC_NACK_handler) refers to tendermint2.o(.bss) for Send_Data_buff
    main.o(i.ENC_NACK_handler) refers to thres_enc.o(.data) for Enc_Thres_k
[...]
    SQRTm3_BN158                             0x08016928   Data          24  rom_field_bn158.o(.constdata)
    CRu_BN158                                0x08016940   Data          24  rom_field_bn158.o(.constdata)
    MConst_BN158                             0x08016958   Data           4  rom_field_bn158.o(.constdata)
    Fra_BN158                                0x0801695c   Data          24  rom_field_bn158.o(.constdata)
    Frb_BN158                                0x08016974   Data          24  rom_field_bn158.o(.constdata)
    Region$$Table$$Base                      0x08018bb4   Number         0  anon$$obj.o(Region$$Table)
    Region$$Table$$Limit                     0x08018bf4   Number         0  anon$$obj.o(Region$$Table)
    Total_low_time                           0x20000000   Data           4  main.o(.data)
    low_flag                                 0x20000004   Data           1  main.o(.data)
    low_IDX                                  0x20000008   Data           4  main.o(.data)
    MY_TIME                                  0x2000000c   Data           4  main.o(.data)
    MY_Consensus_TIME                        0x20000010   Data           4  main.o(.data)
    need_er                                  0x20000014   Data           1  main.o(.data)
    Packet_len                               0x20000018   Data           4  main.o(.data)
    close_channel                            0x2000001c   Data           1  main.o(.data)
    start_ABA                                0x2000001d   Data           1  main.o(.data)
    TIM5_Exceed_Times                        0x20000020   Data           4  main.o(.data)
    TIM2_Exceed_Times                        0x20000024   Data           4  main.o(.data)
    STATE_Set                                0x20000028   Data           5  main.o(.data)
    STATE_Set_Number                         0x2000002d   Data           1  main.o(.data)
    NACK_Set                                 0x2000002e   Data           5  main.o(.data)
    NACK_Set_Number                          0x20000033   Data           1  main.o(.data)
    ABA_decided                              0x20000034   Data           5  main.o(.data)
    ABA_done_Number                          0x20000039   Data           1  main.o(.data)
    ABA_round                                0x2000003a   Data           5  main.o(.data)
    ABA_R                                    0x2000003f   Data           5  main.o(.data)
    RBC_init_Number                          0x20000044   Data           1  main.o(.data)
    RBC_Block_Number                         0x20000045   Data           5  main.o(.data)
    RBC_Init                                 0x2000004a   Data           5  main.o(.data)
    RBC_Echo                                 0x2000004f   Data           5  main.o(.data)
    RBC_Echo_Number                          0x20000054   Data           5  main.o(.data)
    RBC_Ready                                0x20000059   Data           5  main.o(.data)
    RBC_Ready_Number                         0x2000005e   Data           5  main.o(.data)
    RBC_done                                 0x20000063   Data           5  main.o(.data)
    RBC_done_Number                          0x20000068   Data           1  main.o(.data)
    Proposal_Packet_Size                     0x2000006c   Data           4  main.o(.data)
    Tx_shares_Number                         0x20000070   Data           5  main.o(.data)
    dec_tx_flag                              0x20000075   Data           5  main.o(.data)
    dec_tx_number                            0x2000007a   Data           1  main.o(.data)
    dec_done_number                          0x2000007b   Data           1  main.o(.data)
    start_Global_Consensus                   0x2000007c   Data           1  main.o(.data)
    Global_Sig_hash_Number                   0x2000007d   Data           1  main.o(.data)
    Global_Proposal_Packet_Size              0x20000080   Data           4  main.o(.data)
    Global_Group_Block_Num                   0x20000084   Data           5  main.o(.data)
    Global_RBC_Block_Number                  0x20000089   Data           5  main.o(.data)
    StartTask_Handler                        0x20000090   Data           4  main.o(.data)
    CSMACA_PBFT_Task_Handler                 0x20000094   Data           4  main.o(.data)
    EventSetBit_Handler                      0x20000098   Data           4  main.o(.data)
    EventGroupTask_Handler                   0x2000009c   Data           4  main.o(.data)
    decidd_flag                              0x200000a0   Data           1  main.o(.data)
    ttt                                      0x200000a1   Data           1  main.o(.data)
    xxx                                      0x200000a2   Data           1  main.o(.data)
    mmm                                      0x200000a3   Data           1  main.o(.data)
    nnn                                      0x200000a4   Data           1  main.o(.data)
    public_key_string                        0x200000a8   Data        3072  utility.o(.data)
    private_key_string                       0x20000ca8   Data        1536  utility.o(.data)
    USART3_RX_STA                            0x200012c4   Data           2  usart3.o(.data)
    pxCurrentTCB                             0x200012cc   Data           4  tasks.o(.data)
    tmp_1                                    0x2000131c   Data           4  port.o(.data)
    tmp_times                                0x20001320   Data           4  port.o(.data)
    SystemCoreClock                          0x2000133c   Data           4  system_stm32f7xx.o(.data)
    TIM9_Exceed_Times                        0x20001340   Data           4  tendermint2.o(.data)
    obj_addr                                 0x20001344   Data           4  tendermint2.o(.data)
    obj_chn                                  0x20001348   Data           1  tendermint2.o(.data)
    hash_time                                0x2000134c   Data           4  tendermint2.o(.data)
    thres_enc_private_key_string             0x20001350   Data         476  thres_enc.o(.data)
    thres_enc_public_key_string              0x2000152c   Data         610  thres_enc.o(.data)
    Global_thres_enc_private_key_string      0x2000178e   Data         476  thres_enc.o(.data)
    Global_thres_enc_public_key_string       0x2000196a   Data         610  thres_enc.o(.data)
    Enc_players                              0x20001bcc   Data           1  thres_enc.o(.data)
    Enc_Thres_k                              0x20001bcd   Data           1  thres_enc.o(.data)
    uart3RxBuffer                            0x20001bd4   Data        1024  usart3.o(.bss)
    uart3TxBuffer                            0x20001fd4   Data        1024  usart3.o(.bss)
    uart3_handler                            0x200023d4   Data         136  usart3.o(.bss)
    date                                     0x20002768   Data          30  mw1268_app.o(.bss)
    Tran_Data                                0x20002786   Data         800  mw1268_app.o(.bss)
    curves                                   0x20002aa8   Data          20  tendermint2.o(.bss)
    Send_Data_buff                           0x20002abc   Data         800  tendermint2.o(.bss)
    Enc_SKs                                  0x20002ddc   Data         480  thres_enc.o(.bss)
    Enc_VK                                   0x20002fbc   Data         168  thres_enc.o(.bss)
    Enc_VKs                                  0x20003064   Data        3360  thres_enc.o(.bss)
    Enc_G1                                   0x20003d84   Data          84  thres_enc.o(.bss)
    Enc_G2                                   0x20003dd8   Data         168  thres_enc.o(.bss)
    Enc_g1                                   0x20003e80   Data          84  thres_enc.o(.bss)
    Enc_g2                                   0x20003ed4   Data         168  thres_enc.o(.bss)
    Enc_S                                    0x20003f7c   Data          20  thres_enc.o(.bss)
    R_num                                    0x20003f90   Data          24  thres_enc.o(.bss)
    R                                        0x20003fa8   Data          28  thres_enc.o(.bss)
    RES                                      0x20003fc4   Data          84  thres_enc.o(.bss)
    g12                                      0x20004018   Data         168  thres_enc.o(.bss)
    pair1                                    0x200040c0   Data         340  thres_enc.o(.bss)
    g21                                      0x20004214   Data          84  thres_enc.o(.bss)
    pair2                                    0x20004268   Data         340  thres_enc.o(.bss)
    U                                        0x200043bc   Data          84  thres_enc.o(.bss)
    shares                                   0x20004410   Data        1680  thres_enc.o(.bss)
    V                                        0x20004aa0   Data          50  thres_enc.o(.bss)
    W                                        0x20004ad4   Data         168  thres_enc.o(.bss)
    H                                        0x20004b7c   Data         168  thres_enc.o(.bss)
    Enc_M                                    0x20004c24   Data          50  thres_enc.o(.bss)
    Enc_M_                                   0x20004c56   Data          50  thres_enc.o(.bss)
    Enc_g1_num                               0x20004c88   Data          24  thres_enc.o(.bss)
    Global_Enc_SKs                           0x20004ca0   Data         480  thres_enc.o(.bss)
    Global_Enc_VK                            0x20004e80   Data         168  thres_enc.o(.bss)
    Global_Enc_VKs                           0x20004f28   Data        3360  thres_enc.o(.bss)
    __stdout                                 0x20020000   Data           4  usart.o(.data)
    USART_RX_STA                             0x20020004   Data           2  usart.o(.data)
    aRxBuffer                                0x20020006   Data           1  usart.o(.data)
    uwTick                                   0x20020008   Data           4  stm32f7xx_hal.o(.data)
    uwTickPrio                               0x2002000c   Data           4  stm32f7xx_hal.o(.data)
    uwTickFreq                               0x20020010   Data           1  stm32f7xx_hal.o(.data)
    total_data                               0x20020014   Data           4  dma.o(.data)
    buff_data                                0x20020018   Data           4  dma.o(.data)
    start_flag                               0x2002001c   Data           1  dma.o(.data)
    buffer_IDX                               0x20020020   Data           4  dma.o(.data)
    PACKET_LEN                               0x20020024   Data           1  dma.o(.data)
    iii                                      0x20020025   Data           1  dma.o(.data)
    led2sta                                  0x20020026   Data           1  led.o(.data)
    led1sta                                  0x20020027   Data           1  led.o(.data)
    led0sta                                  0x20020028   Data           1  led.o(.data)
    LoRa_CFG                                 0x20020044   Data          14  mw1268_app.o(.data)
    Lora_Device_Sta                          0x20020052   Data           1  mw1268_app.o(.data)
    Lora_Int_Sta                             0x20020053   Data           1  mw1268_app.o(.data)
    Dire_Date                                0x20020054   Data           5  mw1268_app.o(.data)
    thres_private_key_string                 0x20020060   Data         476  thres_prf.o(.data)
    thres_public_key_string                  0x2002023c   Data         310  thres_prf.o(.data)
    players                                  0x20020372   Data           1  thres_prf.o(.data)
    Thres_k                                  0x20020373   Data           1  thres_prf.o(.data)
    low_time                                 0x20020374   Data        1600  main.o(.bss)
    wfi_time                                 0x200209b4   Data        1600  main.o(.bss)
    ABA_share                                0x20020ff4   Data        5250  main.o(.bss)
    ABA_Z                                    0x20022478   Data        6000  main.o(.bss)
    ABA_Z_share                              0x20023be8   Data        8000  main.o(.bss)
    ABA_C                                    0x20025b28   Data        6000  main.o(.bss)
    ABA_C_share                              0x20027298   Data        8000  main.o(.bss)
    ACK_ABA_share                            0x200291d8   Data         250  main.o(.bss)
    ABA_share_Number                         0x200292d2   Data          50  main.o(.bss)
    Shared_Coin                              0x20029304   Data          50  main.o(.bss)
    COIN                                     0x20029336   Data          21  main.o(.bss)
    est                                      0x2002934b   Data          50  main.o(.bss)
    bin_values                               0x2002937d   Data         100  main.o(.bss)
    BVAL                                     0x200293e1   Data         100  main.o(.bss)
    ACK_BVAL                                 0x20029445   Data         500  main.o(.bss)
    ACK_BVAL_Number                          0x20029639   Data         100  main.o(.bss)
    AUX                                      0x2002969d   Data         100  main.o(.bss)
    vals                                     0x20029701   Data         100  main.o(.bss)
    ACK_AUX                                  0x20029765   Data         500  main.o(.bss)
    ACK_AUX_Number                           0x20029959   Data         100  main.o(.bss)
    ABA_time                                 0x200299c0   Data          20  main.o(.bss)
    ABA_round_time                           0x200299d4   Data         160  main.o(.bss)
    Block                                    0x20029a74   Data        3860  main.o(.bss)
    Block_each_Size                          0x2002a988   Data          20  main.o(.bss)
    hash_v                                   0x2002a99c   Data         160  main.o(.bss)
    RBC_Block                                0x2002aa3c   Data          20  main.o(.bss)
    ACK_RBC_Echo                             0x2002aa50   Data          25  main.o(.bss)
    ACK_RBC_Ready                            0x2002aa69   Data          25  main.o(.bss)
    Transaction                              0x2002aa82   Data        3520  main.o(.bss)
    tx_passwd                                0x2002b842   Data          16  main.o(.bss)
    enc_tx_passwd                            0x2002b852   Data          80  main.o(.bss)
    dec_tx_passwd                            0x2002b8a2   Data          80  main.o(.bss)
    tmp_tx_buff                              0x2002b8f2   Data         900  main.o(.bss)
    tmp_enc_tx_buff                          0x2002bc76   Data         900  main.o(.bss)
    tmp_dec_tx_buff                          0x2002bffa   Data         900  main.o(.bss)
    ACK_Share                                0x2002c37e   Data          25  main.o(.bss)
    Tx_Share                                 0x2002c397   Data         525  main.o(.bss)
    Tx_U                                     0x2002c5a4   Data         420  main.o(.bss)
    Tx_U_str                                 0x2002c748   Data         105  main.o(.bss)
    Tx_W                                     0x2002c7b4   Data         840  main.o(.bss)
    Tx_H                                     0x2002cafc   Data         840  main.o(.bss)
    Tx_shares                                0x2002ce44   Data        8400  main.o(.bss)
    Tx_shares_str                            0x2002ef14   Data        2100  main.o(.bss)
    Global_Transaction                       0x2002f748   Data       14080  main.o(.bss)
    Global_Proposal_Size                     0x20032e48   Data          20  main.o(.bss)
    Global_hash_tx                           0x20032e5c   Data         160  main.o(.bss)
    Global_Sig_hash                          0x20032efc   Data         680  main.o(.bss)
    ACK_Global_Sig_hash                      0x200331a4   Data          17  main.o(.bss)
    Global_tmp_tx_buff                       0x200331b5   Data        4000  main.o(.bss)
    Global_Block                             0x20034155   Data       20265  main.o(.bss)
    Global_Block_each_Size                   0x2003907e   Data         105  main.o(.bss)
    Global_RBC_Block                         0x200390e7   Data         100  main.o(.bss)
    buff                                     0x2003914b   Data         300  main.o(.bss)
    tmp_buff                                 0x20039277   Data        3000  main.o(.bss)
    tx_buff                                  0x20039e2f   Data         300  main.o(.bss)
    cipher_buff                              0x20039f5b   Data         300  main.o(.bss)
    decrypt_buff                             0x2003a087   Data         300  main.o(.bss)
    PASSWD                                   0x2003a1b3   Data          16  main.o(.bss)
    private_key                              0x2003a1c3   Data         544  utility.o(.bss)
    public_key                               0x2003a3e3   Data        1088  utility.o(.bss)
    USART_RX_BUF                             0x2003a824   Data         200  usart.o(.bss)
    UART1_Handler                            0x2003a8ec   Data         136  usart.o(.bss)
    UART3RxDMA_Handler                       0x2003a974   Data          96  dma.o(.bss)
    UART3TxDMA_Handler                       0x2003a9d4   Data          96  dma.o(.bss)
    ReceBuff                                 0x2003aa34   Data         400  dma.o(.bss)
    DMA_buffer                               0x2003abc4   Data       30000  dma.o(.bss)
    RNG_Handler                              0x200420f4   Data          16  rng.o(.bss)
    timx_handler                             0x20042104   Data          76  btim.o(.bss)
    tim5_handler                             0x20042150   Data          76  btim.o(.bss)
    tim2_handler                             0x2004219c   Data          76  btim.o(.bss)
    tim9_handler                             0x200421e8   Data          76  btim.o(.bss)
    tim10_handler                            0x20042234   Data          76  btim.o(.bss)
    hlptim1                                  0x20042280   Data          48  btim.o(.bss)
    xQueueRegistry                           0x200422b0   Data          64  queue.o(.bss)
    M                                        0x20053b18   Data          50  thres_prf.o(.bss)
    G1                                       0x20053b4c   Data          84  thres_prf.o(.bss)
    G2                                       0x20053ba0   Data         168  thres_prf.o(.bss)
    g1                                       0x20053c48   Data          84  thres_prf.o(.bss)
    g2                                       0x20053c9c   Data         168  thres_prf.o(.bss)
    a                                        0x20053d44   Data         240  thres_prf.o(.bss)
    S                                        0x20053e34   Data          20  thres_prf.o(.bss)
    SECRET                                   0x20053e48   Data          24  thres_prf.o(.bss)
    SKs                                      0x20053e60   Data         480  thres_prf.o(.bss)
    VK                                       0x20054040   Data          84  thres_prf.o(.bss)
    VKs                                      0x20054094   Data        1680  thres_prf.o(.bss)
    M_point                                  0x20054724   Data          84  thres_prf.o(.bss)
    Sigs                                     0x20054778   Data        1680  thres_prf.o(.bss)
    SIG                                      0x20054e08   Data          84  thres_prf.o(.bss)
    VK1                                      0x20054e5c   Data          84  thres_prf.o(.bss)
    VKs1                                     0x20054eb0   Data        1680  thres_prf.o(.bss)
    g1_num                                   0x20055540   Data          24  thres_prf.o(.bss)
    Z                                        0x20055558   Data         480  thres_prf.o(.bss)
    C                                        0x20055738   Data         480  thres_prf.o(.bss)
    digestx                                  0x20055918   Data          50  thres_prf.o(.bss)
    ch__x                                    0x2005594a   Data         600  thres_prf.o(.bss)
    ah                                       0x20055ba4   Data          84  thres_prf.o(.bss)
    ah1                                      0x20055bf8   Data          84  thres_prf.o(.bss)
    __initial_sp                             0x20065c50   Data           0  startup_stm32f767xx.o(STACK)



==============================================================================

Memory Map of the image

  Image Entry point : 0x080001f9

  Load Region LR_IROM1 (Base: 0x08000000, Size: 0x0001ab3c, Max: 0x00200000, ABSOLUTE, COMPRESSED[0x00019ccc])

    Execution Region ER_IROM1 (Exec base: 0x08000000, Load base: 0x08000000, Size: 0x00018bf4, Max: 0x00200000, ABSOLUTE)

    Exec Addr    Load Addr    Size         Type   Attr      Idx    E Section Name        Object

    0x08000000   0x08000000   0x000001f8   Data   RO         4518    RESET               startup_stm32f767xx.o
    0x080001f8   0x080001f8   0x00000000   Code   RO        10486  * .ARM.Collect$$$$00000000  mc_w.l(entry.o)
    0x080001f8   0x080001f8   0x00000004   Code   RO        10778    .ARM.Collect$$$$00000001  mc_w.l(entry2.o)
    0x080001fc   0x080001fc   0x00000004   Code   RO        10781    .ARM.Collect$$$$00000004  mc_w.l(entry5.o)
    0x08000200   0x08000200   0x00000000   Code   RO        10783    .ARM.Collect$$$$00000008  mc_w.l(entry7b.o)
    0x08000200   0x08000200   0x00000000   Code   RO        10785    .ARM.Collect$$$$0000000A  mc_w.l(entry8b.o)
    0x08000200   0x08000200   0x00000008   Code   RO        10786    .ARM.Collect$$$$0000000B  mc_w.l(entry9a.o)
    0x08000208   0x08000208   0x00000004   Code   RO        10793    .ARM.Collect$$$$0000000E  mc_w.l(entry12b.o)
    0x0800020c   0x0800020c   0x00000000   Code   RO        10788    .ARM.Collect$$$$0000000F  mc_w.l(entry10a.o)
    0x0800020c   0x0800020c   0x00000000   Code   RO        10790    .ARM.Collect$$$$00000011  mc_w.l(entry11a.o)
    0x0800020c   0x0800020c   0x00000004   Code   RO        10779    .ARM.Collect$$$$00002712  mc_w.l(entry2.o)
    0x08000210   0x08000210   0x000000ba   Code   RO         5976    .emb_text           port.o
    0x080002ca   0x080002ca   0x00000002   PAD
    0x080002cc   0x080002cc   0x00000024   Code   RO         4519    .text               startup_stm32f767xx.o
    0x080002f0   0x080002f0   0x00000062   Code   RO        10497    .text               mc_w.l(uldiv.o)
    0x08000352   0x08000352   0x0000001e   Code   RO        10499    .text               mc_w.l(llshl.o)
    0x08000370   0x08000370   0x00000020   Code   RO        10501    .text               mc_w.l(llushr.o)
    0x08000390   0x08000390   0x00000024   Code   RO        10503    .text               mc_w.l(memcpya.o)
    0x080003b4   0x080003b4   0x00000024   Code   RO        10507    .text               mc_w.l(memseta.o)
    0x080003d8   0x080003d8   0x00000024   Code   RO        10509    .text               mc_w.l(strstr.o)
    0x080003fc   0x080003fc   0x0000000e   Code   RO        10511    .text               mc_w.l(strlen.o)
    0x0800040a   0x0800040a   0x0000002c   Code   RO        10805    .text               mc_w.l(uidiv.o)
    0x08000436   0x08000436   0x00000000   Code   RO        10807    .text               mc_w.l(iusefp.o)
    0x08000436   0x08000436   0x0000014e   Code   RO        10808    .text               mf_w.l(dadd.o)
    0x08000584   0x08000584   0x000000e4   Code   RO        10810    .text               mf_w.l(dmul.o)
    0x08000668   0x08000668   0x000000de   Code   RO        10812    .text               mf_w.l(ddiv.o)
    0x08000746   0x08000746   0x00000030   Code   RO        10814    .text               mf_w.l(dfixul.o)
    0x08000776   0x08000776   0x00000002   PAD
    0x08000778   0x08000778   0x00000030   Code   RO        10816    .text               mf_w.l(cdrcmple.o)
    0x080007a8   0x080007a8   0x00000024   Code   RO        10818    .text               mc_w.l(init.o)
    0x080007cc   0x080007cc   0x00000024   Code   RO        10821    .text               mc_w.l(llsshr.o)
    0x080007f0   0x080007f0   0x000000ba   Code   RO        10824    .text               mf_w.l(depilogue.o)
    0x080008aa   0x080008aa   0x0000005e   Code   RO        10834    .text               mc_w.l(__dclz77c.o)
    0x08000908   0x08000908   0x000000e4   Code   RO            4    i.ABA_AUX_handler   main.o
    0x080009ec   0x080009ec   0x000000e4   Code   RO            5    i.ABA_BVAL_handler  main.o
    0x08000ad0   0x08000ad0   0x000001e8   Code   RO            6    i.ABA_NACK_handler  main.o
    0x08000cb8   0x08000cb8   0x00000190   Code   RO            7    i.ABA_SHARE_handler  main.o
    0x08000e48   0x08000e48   0x0000025c   Code   RO            8    i.ABA_init          main.o
    0x080010a4   0x080010a4   0x00000048   Code   RO         6073    i.Aux_Int           mw1268_app.o
    0x080010ec   0x080010ec   0x0000001e   Code   RO         8637    i.BIG_160_28_add    big_160_28.o
    0x0800110a   0x0800110a   0x0000002c   Code   RO         8638    i.BIG_160_28_bit    big_160_28.o
    0x08001136   0x08001136   0x00000054   Code   RO         8639    i.BIG_160_28_cmove  big_160_28.o
    0x0800118a   0x0800118a   0x0000003c   Code   RO         8640    i.BIG_160_28_comp   big_160_28.o
    0x080011c6   0x080011c6   0x00000016   Code   RO         8641    i.BIG_160_28_copy   big_160_28.o
    0x080011dc   0x080011dc   0x000000a0   Code   RO         8643    i.BIG_160_28_ctddiv  big_160_28.o
    0x0800127c   0x0800127c   0x00000068   Code   RO         8644    i.BIG_160_28_ctdmod  big_160_28.o
    0x080012e4   0x080012e4   0x0000005a   Code   RO         8645    i.BIG_160_28_ctmod  big_160_28.o
    0x0800133e   0x0800133e   0x0000001e   Code   RO         8647    i.BIG_160_28_dadd   big_160_28.o
    0x0800135c   0x0800135c   0x00000054   Code   RO         8648    i.BIG_160_28_dcmove  big_160_28.o
    0x080013b0   0x080013b0   0x00000016   Code   RO         8650    i.BIG_160_28_dcopy  big_160_28.o
    0x080013c6   0x080013c6   0x00000014   Code   RO         8652    i.BIG_160_28_dec    big_160_28.o
    0x080013da   0x080013da   0x00000032   Code   RO         8656    i.BIG_160_28_dmod   big_160_28.o
    0x0800140c   0x0800140c   0x0000004e   Code   RO         8657    i.BIG_160_28_dnbits  big_160_28.o
    0x0800145a   0x0800145a   0x00000030   Code   RO         8658    i.BIG_160_28_dnorm  big_160_28.o
    0x0800148a   0x0800148a   0x00000034   Code   RO         8661    i.BIG_160_28_dscopy  big_160_28.o
    0x080014be   0x080014be   0x00000076   Code   RO         8662    i.BIG_160_28_dshl   big_160_28.o
    0x08001534   0x08001534   0x00000062   Code   RO         8663    i.BIG_160_28_dshr   big_160_28.o
    0x08001596   0x08001596   0x0000001e   Code   RO         8664    i.BIG_160_28_dsub   big_160_28.o
    0x080015b4   0x080015b4   0x00000028   Code   RO         8665    i.BIG_160_28_dsucopy  big_160_28.o
    0x080015dc   0x080015dc   0x00000014   Code   RO         8666    i.BIG_160_28_dzero  big_160_28.o
    0x080015f0   0x080015f0   0x00000028   Code   RO         8667    i.BIG_160_28_fromBytes  big_160_28.o
    0x08001618   0x08001618   0x0000003a   Code   RO         8668    i.BIG_160_28_fromBytesLen  big_160_28.o
    0x08001652   0x08001652   0x0000004a   Code   RO         8669    i.BIG_160_28_fshl   big_160_28.o
    0x0800169c   0x0800169c   0x0000003e   Code   RO         8670    i.BIG_160_28_fshr   big_160_28.o
    0x080016da   0x080016da   0x00000014   Code   RO         8672    i.BIG_160_28_inc    big_160_28.o
    0x080016ee   0x080016ee   0x0000018e   Code   RO         8674    i.BIG_160_28_invmodp  big_160_28.o
    0x0800187c   0x0800187c   0x0000002c   Code   RO         8675    i.BIG_160_28_isunity  big_160_28.o
    0x080018a8   0x080018a8   0x00000020   Code   RO         8676    i.BIG_160_28_iszilch  big_160_28.o
    0x080018c8   0x080018c8   0x00000018   Code   RO         8678    i.BIG_160_28_lastbits  big_160_28.o
    0x080018e0   0x080018e0   0x00000028   Code   RO         8679    i.BIG_160_28_mod    big_160_28.o
    0x08001908   0x08001908   0x0000004a   Code   RO         8681    i.BIG_160_28_modadd  big_160_28.o
    0x08001952   0x08001952   0x00000054   Code   RO         8682    i.BIG_160_28_moddiv  big_160_28.o
    0x080019a6   0x080019a6   0x00000052   Code   RO         8683    i.BIG_160_28_modmul  big_160_28.o
    0x080019f8   0x080019f8   0x0000002e   Code   RO         8684    i.BIG_160_28_modneg  big_160_28.o
    0x08001a26   0x08001a26   0x0000043a   Code   RO         8686    i.BIG_160_28_monty  big_160_28.o
    0x08001e60   0x08001e60   0x000003b8   Code   RO         8687    i.BIG_160_28_mul    big_160_28.o
    0x08002218   0x08002218   0x0000004e   Code   RO         8688    i.BIG_160_28_nbits  big_160_28.o
    0x08002266   0x08002266   0x00000036   Code   RO         8689    i.BIG_160_28_norm   big_160_28.o
    0x0800229c   0x0800229c   0x00000016   Code   RO         8690    i.BIG_160_28_one    big_160_28.o
    0x080022b2   0x080022b2   0x0000002e   Code   RO         8691    i.BIG_160_28_or     big_160_28.o
    0x080022e0   0x080022e0   0x00000010   Code   RO         8693    i.BIG_160_28_parity  big_160_28.o
    0x080022f0   0x080022f0   0x00000038   Code   RO         8694    i.BIG_160_28_pmul   big_160_28.o
    0x08002328   0x08002328   0x00000062   Code   RO         8697    i.BIG_160_28_randomnum  big_160_28.o
    0x0800238a   0x0800238a   0x00000016   Code   RO         8700    i.BIG_160_28_rcopy  big_160_28.o
    0x080023a0   0x080023a0   0x00000016   Code   RO         8701    i.BIG_160_28_sdcopy  big_160_28.o
    0x080023b6   0x080023b6   0x00000080   Code   RO         8704    i.BIG_160_28_shl    big_160_28.o
    0x08002436   0x08002436   0x00000066   Code   RO         8705    i.BIG_160_28_shr    big_160_28.o
    0x0800249c   0x0800249c   0x000001e0   Code   RO         8708    i.BIG_160_28_sqr    big_160_28.o
    0x0800267c   0x0800267c   0x0000009a   Code   RO         8709    i.BIG_160_28_ssn    big_160_28.o
    0x08002716   0x08002716   0x0000001e   Code   RO         8710    i.BIG_160_28_sub    big_160_28.o
    0x08002734   0x08002734   0x00000030   Code   RO         8711    i.BIG_160_28_toBytes  big_160_28.o
    0x08002764   0x08002764   0x00000014   Code   RO         8712    i.BIG_160_28_zero   big_160_28.o
    0x08002778   0x08002778   0x00000004   Code   RO          546    i.BusFault_Handler  stm32f7xx_it.o
    0x0800277c   0x0800277c   0x00000012   Code   RO         9673    i.CREATE_CSPRNG     randapi.o
    0x0800278e   0x0800278e   0x00000002   PAD
    0x08002790   0x08002790   0x0000019c   Code   RO         6826    i.Coin_PK_sig_combine_share  thres_prf.o
    0x0800292c   0x0800292c   0x000003f0   Code   RO         6827    i.Coin_PK_verify_sig_share  thres_prf.o
    0x08002d1c   0x08002d1c   0x00000570   Code   RO         6828    i.Coin_SK_sign      thres_prf.o
    0x0800328c   0x0800328c   0x00000180   Code   RO         4526    i.DMA1_Stream1_IRQHandler  dma.o
    0x0800340c   0x0800340c   0x0000014c   Code   RO         4527    i.DMA1_Stream3_IRQHandler  dma.o
    0x08003558   0x08003558   0x00000002   Code   RO          547    i.DebugMon_Handler  stm32f7xx_it.o
    0x0800355a   0x0800355a   0x00000002   PAD
    0x0800355c   0x0800355c   0x000001f8   Code   RO         7331    i.ECP2_BN158_add    ecp2_bn158.o
    0x08003754   0x08003754   0x00000070   Code   RO         7332    i.ECP2_BN158_affine  ecp2_bn158.o
    0x080037c4   0x080037c4   0x00000030   Code   RO         7334    i.ECP2_BN158_cmove  ecp2_bn158.o
    0x080037f4   0x080037f4   0x00000028   Code   RO         7335    i.ECP2_BN158_copy   ecp2_bn158.o
    0x0800381c   0x0800381c   0x00000124   Code   RO         7336    i.ECP2_BN158_dbl    ecp2_bn158.o
    0x08003940   0x08003940   0x0000005a   Code   RO         7338    i.ECP2_BN158_frob   ecp2_bn158.o
    0x0800399a   0x0800399a   0x000000ce   Code   RO         7339    i.ECP2_BN158_fromOctet  ecp2_bn158.o
    0x08003a68   0x08003a68   0x00000038   Code   RO         7340    i.ECP2_BN158_generator  ecp2_bn158.o
    0x08003aa0   0x08003aa0   0x0000001c   Code   RO         7342    i.ECP2_BN158_inf    ecp2_bn158.o
    0x08003abc   0x08003abc   0x00000018   Code   RO         7343    i.ECP2_BN158_isinf  ecp2_bn158.o
    0x08003ad4   0x08003ad4   0x00000218   Code   RO         7346    i.ECP2_BN158_mul4   ecp2_bn158.o
    0x08003cec   0x08003cec   0x00000020   Code   RO         7347    i.ECP2_BN158_neg    ecp2_bn158.o
    0x08003d0c   0x08003d0c   0x00000054   Code   RO         7350    i.ECP2_BN158_rhs    ecp2_bn158.o
    0x08003d60   0x08003d60   0x000000f0   Code   RO         7351    i.ECP2_BN158_select  ecp2_bn158.o
    0x08003e50   0x08003e50   0x0000004e   Code   RO         7352    i.ECP2_BN158_set    ecp2_bn158.o
    0x08003e9e   0x08003e9e   0x0000006e   Code   RO         7353    i.ECP2_BN158_setx   ecp2_bn158.o
    0x08003f0c   0x08003f0c   0x00000022   Code   RO         7354    i.ECP2_BN158_sub    ecp2_bn158.o
    0x08003f2e   0x08003f2e   0x00000002   PAD
    0x08003f30   0x08003f30   0x000001dc   Code   RO         7149    i.ECP_BN158_add     ecp_bn158.o
    0x0800410c   0x0800410c   0x00000064   Code   RO         7150    i.ECP_BN158_affine  ecp_bn158.o
    0x08004170   0x08004170   0x00000030   Code   RO         7153    i.ECP_BN158_cmove   ecp_bn158.o
    0x080041a0   0x080041a0   0x00000028   Code   RO         7154    i.ECP_BN158_copy    ecp_bn158.o
    0x080041c8   0x080041c8   0x00000114   Code   RO         7156    i.ECP_BN158_dbl     ecp_bn158.o
    0x080042dc   0x080042dc   0x000000d6   Code   RO         7158    i.ECP_BN158_fromOctet  ecp_bn158.o
    0x080043b2   0x080043b2   0x00000002   PAD
    0x080043b4   0x080043b4   0x0000002c   Code   RO         7159    i.ECP_BN158_generator  ecp_bn158.o
    0x080043e0   0x080043e0   0x00000040   Code   RO         7160    i.ECP_BN158_get     ecp_bn158.o
    0x08004420   0x08004420   0x0000001c   Code   RO         7161    i.ECP_BN158_inf     ecp_bn158.o
    0x0800443c   0x0800443c   0x0000001e   Code   RO         7162    i.ECP_BN158_isinf   ecp_bn158.o
    0x0800445a   0x0800445a   0x00000272   Code   RO         7165    i.ECP_BN158_mul2    ecp_bn158.o
    0x080046cc   0x080046cc   0x00000018   Code   RO         7167    i.ECP_BN158_neg     ecp_bn158.o
    0x080046e4   0x080046e4   0x00000044   Code   RO         7172    i.ECP_BN158_rhs     ecp_bn158.o
    0x08004728   0x08004728   0x000000f0   Code   RO         7173    i.ECP_BN158_select  ecp_bn158.o
    0x08004818   0x08004818   0x00000064   Code   RO         7174    i.ECP_BN158_set     ecp_bn158.o
    0x0800487c   0x0800487c   0x0000006e   Code   RO         7175    i.ECP_BN158_setx    ecp_bn158.o
    0x080048ea   0x080048ea   0x00000022   Code   RO         7176    i.ECP_BN158_sub     ecp_bn158.o
    0x0800490c   0x0800490c   0x000000a8   Code   RO         7177    i.ECP_BN158_toOctet  ecp_bn158.o
    0x080049b4   0x080049b4   0x00000118   Code   RO           10    i.ENC_NACK_handler  main.o
    0x08004acc   0x08004acc   0x000000e8   Code   RO           11    i.ENC_handler       main.o
    0x08004bb4   0x08004bb4   0x00000140   Code   RO         6074    i.EXTI15_10_IRQHandler  mw1268_app.o
    0x08004cf4   0x08004cf4   0x00000120   Code   RO         6911    i.Enc_lagrange      thres_enc.o
    0x08004e14   0x08004e14   0x0000002c   Code   RO         8205    i.FP12_BN158_conj   fp12_bn158.o
    0x08004e40   0x08004e40   0x00000038   Code   RO         8206    i.FP12_BN158_copy   fp12_bn158.o
    0x08004e78   0x08004e78   0x00000058   Code   RO         8208    i.FP12_BN158_frob   fp12_bn158.o
    0x08004ed0   0x08004ed0   0x00000032   Code   RO         8211    i.FP12_BN158_from_FP4s  fp12_bn158.o
    0x08004f02   0x08004f02   0x0000010a   Code   RO         8212    i.FP12_BN158_inv    fp12_bn158.o
    0x0800500c   0x0800500c   0x00000028   Code   RO         8213    i.FP12_BN158_isunity  fp12_bn158.o
    0x08005034   0x08005034   0x0000015a   Code   RO         8215    i.FP12_BN158_mul    fp12_bn158.o
    0x0800518e   0x0800518e   0x0000001c   Code   RO         8216    i.FP12_BN158_norm   fp12_bn158.o
    0x080051aa   0x080051aa   0x00000022   Code   RO         8217    i.FP12_BN158_one    fp12_bn158.o
    0x080051cc   0x080051cc   0x000000c2   Code   RO         8220    i.FP12_BN158_pow    fp12_bn158.o
    0x0800528e   0x0800528e   0x0000001c   Code   RO         8222    i.FP12_BN158_reduce  fp12_bn158.o
    0x080052aa   0x080052aa   0x000001d4   Code   RO         8224    i.FP12_BN158_smul   fp12_bn158.o
    0x0800547e   0x0800547e   0x00000120   Code   RO         8225    i.FP12_BN158_sqr    fp12_bn158.o
    0x0800559e   0x0800559e   0x00000328   Code   RO         8226    i.FP12_BN158_ssmul  fp12_bn158.o
    0x080058c6   0x080058c6   0x00000030   Code   RO         8227    i.FP12_BN158_toOctet  fp12_bn158.o
    0x080058f6   0x080058f6   0x000000f4   Code   RO         8229    i.FP12_BN158_usqr   fp12_bn158.o
    0x080059ea   0x080059ea   0x00000024   Code   RO         7735    i.FP2_BN158_add     fp2_bn158.o
    0x08005a0e   0x08005a0e   0x00000022   Code   RO         7736    i.FP2_BN158_cmove   fp2_bn158.o
    0x08005a30   0x08005a30   0x00000024   Code   RO         7737    i.FP2_BN158_conj    fp2_bn158.o
    0x08005a54   0x08005a54   0x00000024   Code   RO         7738    i.FP2_BN158_copy    fp2_bn158.o
    0x08005a78   0x08005a78   0x00000020   Code   RO         7741    i.FP2_BN158_equals  fp2_bn158.o
    0x08005a98   0x08005a98   0x0000001c   Code   RO         7742    i.FP2_BN158_fromBytes  fp2_bn158.o
    0x08005ab4   0x08005ab4   0x00000018   Code   RO         7743    i.FP2_BN158_from_BIG  fp2_bn158.o
    0x08005acc   0x08005acc   0x00000018   Code   RO         7745    i.FP2_BN158_from_FP  fp2_bn158.o
    0x08005ae4   0x08005ae4   0x0000001c   Code   RO         7746    i.FP2_BN158_from_FPs  fp2_bn158.o
    0x08005b00   0x08005b00   0x00000022   Code   RO         7748    i.FP2_BN158_imul    fp2_bn158.o
    0x08005b22   0x08005b22   0x00000060   Code   RO         7749    i.FP2_BN158_inv     fp2_bn158.o
    0x08005b82   0x08005b82   0x00000028   Code   RO         7750    i.FP2_BN158_islarger  fp2_bn158.o
    0x08005baa   0x08005baa   0x00000024   Code   RO         7751    i.FP2_BN158_isunity  fp2_bn158.o
    0x08005bce   0x08005bce   0x00000018   Code   RO         7752    i.FP2_BN158_iszilch  fp2_bn158.o
    0x08005be6   0x08005be6   0x00000002   PAD
    0x08005be8   0x08005be8   0x000000ec   Code   RO         7753    i.FP2_BN158_mul     fp2_bn158.o
    0x08005cd4   0x08005cd4   0x0000003c   Code   RO         7754    i.FP2_BN158_mul_ip  fp2_bn158.o
    0x08005d10   0x08005d10   0x00000040   Code   RO         7755    i.FP2_BN158_neg     fp2_bn158.o
    0x08005d50   0x08005d50   0x00000014   Code   RO         7756    i.FP2_BN158_norm    fp2_bn158.o
    0x08005d64   0x08005d64   0x00000018   Code   RO         7757    i.FP2_BN158_one     fp2_bn158.o
    0x08005d7c   0x08005d7c   0x00000022   Code   RO         7759    i.FP2_BN158_pmul    fp2_bn158.o
    0x08005d9e   0x08005d9e   0x00000026   Code   RO         7760    i.FP2_BN158_qr      fp2_bn158.o
    0x08005dc4   0x08005dc4   0x0000001c   Code   RO         7763    i.FP2_BN158_rcopy   fp2_bn158.o
    0x08005de0   0x08005de0   0x00000014   Code   RO         7764    i.FP2_BN158_reduce  fp2_bn158.o
    0x08005df4   0x08005df4   0x00000028   Code   RO         7765    i.FP2_BN158_sign    fp2_bn158.o
    0x08005e1c   0x08005e1c   0x00000060   Code   RO         7766    i.FP2_BN158_sqr     fp2_bn158.o
    0x08005e7c   0x08005e7c   0x00000120   Code   RO         7767    i.FP2_BN158_sqrt    fp2_bn158.o
    0x08005f9c   0x08005f9c   0x00000020   Code   RO         7768    i.FP2_BN158_sub     fp2_bn158.o
    0x08005fbc   0x08005fbc   0x00000026   Code   RO         7769    i.FP2_BN158_times_i  fp2_bn158.o
    0x08005fe2   0x08005fe2   0x0000001c   Code   RO         7770    i.FP2_BN158_toBytes  fp2_bn158.o
    0x08005ffe   0x08005ffe   0x00000014   Code   RO         7771    i.FP2_BN158_zero    fp2_bn158.o
    0x08006012   0x08006012   0x00000024   Code   RO         7963    i.FP4_BN158_add     fp4_bn158.o
    0x08006036   0x08006036   0x00000022   Code   RO         7965    i.FP4_BN158_conj    fp4_bn158.o
    0x08006058   0x08006058   0x00000024   Code   RO         7966    i.FP4_BN158_copy    fp4_bn158.o
    0x0800607c   0x0800607c   0x00000026   Code   RO         7969    i.FP4_BN158_frob    fp4_bn158.o
    0x080060a2   0x080060a2   0x00000018   Code   RO         7973    i.FP4_BN158_from_FP2H  fp4_bn158.o
    0x080060ba   0x080060ba   0x0000001c   Code   RO         7974    i.FP4_BN158_from_FP2s  fp4_bn158.o
    0x080060d6   0x080060d6   0x00000066   Code   RO         7976    i.FP4_BN158_inv     fp4_bn158.o
    0x0800613c   0x0800613c   0x00000018   Code   RO         7979    i.FP4_BN158_isunity  fp4_bn158.o
    0x08006154   0x08006154   0x00000018   Code   RO         7980    i.FP4_BN158_iszilch  fp4_bn158.o
    0x0800616c   0x0800616c   0x00000096   Code   RO         7981    i.FP4_BN158_mul     fp4_bn158.o
    0x08006202   0x08006202   0x00000022   Code   RO         7982    i.FP4_BN158_nconj   fp4_bn158.o
    0x08006224   0x08006224   0x0000004c   Code   RO         7983    i.FP4_BN158_neg     fp4_bn158.o
    0x08006270   0x08006270   0x00000014   Code   RO         7984    i.FP4_BN158_norm    fp4_bn158.o
    0x08006284   0x08006284   0x00000014   Code   RO         7985    i.FP4_BN158_one     fp4_bn158.o
    0x08006298   0x08006298   0x00000022   Code   RO         7987    i.FP4_BN158_pmul    fp4_bn158.o
    0x080062ba   0x080062ba   0x00000022   Code   RO         7988    i.FP4_BN158_qmul    fp4_bn158.o
    0x080062dc   0x080062dc   0x00000014   Code   RO         7991    i.FP4_BN158_reduce  fp4_bn158.o
    0x080062f0   0x080062f0   0x00000096   Code   RO         7993    i.FP4_BN158_sqr     fp4_bn158.o
    0x08006386   0x08006386   0x00000020   Code   RO         7994    i.FP4_BN158_sub     fp4_bn158.o
    0x080063a6   0x080063a6   0x00000032   Code   RO         7995    i.FP4_BN158_times_i  fp4_bn158.o
    0x080063d8   0x080063d8   0x0000001c   Code   RO         7996    i.FP4_BN158_toBytes  fp4_bn158.o
    0x080063f4   0x080063f4   0x00000014   Code   RO         8001    i.FP4_BN158_zero    fp4_bn158.o
    0x08006408   0x08006408   0x0000002a   Code   RO         7503    i.FP_BN158_add      fp_bn158.o
    0x08006432   0x08006432   0x00000028   Code   RO         7504    i.FP_BN158_cmove    fp_bn158.o
    0x0800645a   0x0800645a   0x00000014   Code   RO         7505    i.FP_BN158_copy     fp_bn158.o
    0x0800646e   0x0800646e   0x00000002   PAD
    0x08006470   0x08006470   0x0000005c   Code   RO         7507    i.FP_BN158_div2     fp_bn158.o
    0x080064cc   0x080064cc   0x00000038   Code   RO         7508    i.FP_BN158_equals   fp_bn158.o
    0x08006504   0x08006504   0x0000001c   Code   RO         7509    i.FP_BN158_fromBytes  fp_bn158.o
    0x08006520   0x08006520   0x0000006a   Code   RO         7511    i.FP_BN158_imul     fp_bn158.o
    0x0800658a   0x0800658a   0x00000076   Code   RO         7512    i.FP_BN158_inv      fp_bn158.o
    0x08006600   0x08006600   0x00000044   Code   RO         7514    i.FP_BN158_islarger  fp_bn158.o
    0x08006644   0x08006644   0x00000026   Code   RO         7515    i.FP_BN158_isunity  fp_bn158.o
    0x0800666a   0x0800666a   0x00000026   Code   RO         7516    i.FP_BN158_iszilch  fp_bn158.o
    0x08006690   0x08006690   0x0000002c   Code   RO         7517    i.FP_BN158_mod      fp_bn158.o
    0x080066bc   0x080066bc   0x0000003e   Code   RO         7518    i.FP_BN158_mul      fp_bn158.o
    0x080066fa   0x080066fa   0x00000002   PAD
    0x080066fc   0x080066fc   0x0000004c   Code   RO         7519    i.FP_BN158_neg      fp_bn158.o
    0x08006748   0x08006748   0x0000000c   Code   RO         7520    i.FP_BN158_norm     fp_bn158.o
    0x08006754   0x08006754   0x00000030   Code   RO         7521    i.FP_BN158_nres     fp_bn158.o
    0x08006784   0x08006784   0x00000018   Code   RO         7522    i.FP_BN158_one      fp_bn158.o
    0x0800679c   0x0800679c   0x00000106   Code   RO         7524    i.FP_BN158_pow      fp_bn158.o
    0x080068a2   0x080068a2   0x00000002   PAD
    0x080068a4   0x080068a4   0x00000044   Code   RO         7525    i.FP_BN158_progen   fp_bn158.o
    0x080068e8   0x080068e8   0x0000004c   Code   RO         7526    i.FP_BN158_qr       fp_bn158.o
    0x08006934   0x08006934   0x0000001c   Code   RO         7529    i.FP_BN158_rcopy    fp_bn158.o
    0x08006950   0x08006950   0x00000022   Code   RO         7530    i.FP_BN158_redc     fp_bn158.o
    0x08006972   0x08006972   0x00000002   PAD
    0x08006974   0x08006974   0x00000090   Code   RO         7531    i.FP_BN158_reduce   fp_bn158.o
    0x08006a04   0x08006a04   0x00000026   Code   RO         7532    i.FP_BN158_sign     fp_bn158.o
    0x08006a2a   0x08006a2a   0x00000038   Code   RO         7533    i.FP_BN158_sqr      fp_bn158.o
    0x08006a62   0x08006a62   0x00000002   PAD
    0x08006a64   0x08006a64   0x000000e8   Code   RO         7534    i.FP_BN158_sqrt     fp_bn158.o
    0x08006b4c   0x08006b4c   0x00000020   Code   RO         7535    i.FP_BN158_sub      fp_bn158.o
    0x08006b6c   0x08006b6c   0x0000001c   Code   RO         7536    i.FP_BN158_toBytes  fp_bn158.o
    0x08006b88   0x08006b88   0x00000010   Code   RO         7538    i.FP_BN158_zero     fp_bn158.o
    0x08006b98   0x08006b98   0x00000010   Code   RO          815    i.GPIO_Pin_Set      sys.o
    0x08006ba8   0x08006ba8   0x00000298   Code   RO           12    i.Global_ABA_init   main.o
    0x08006e40   0x08006e40   0x00000020   Code   RO           13    i.Global_Consensus_Init  main.o
    0x08006e60   0x08006e60   0x00000110   Code   RO           14    i.Global_RBC_INIT_handler  main.o
    0x08006f70   0x08006f70   0x00000278   Code   RO           15    i.Global_RBC_init   main.o
    0x080071e8   0x080071e8   0x0000012c   Code   RO           16    i.Global_TX_init    main.o
    0x08007314   0x08007314   0x00000178   Code   RO         6912    i.Global_Tx_PK_combine_share  thres_enc.o
    0x0800748c   0x0800748c   0x00000180   Code   RO         6913    i.Global_Tx_PK_encrypt  thres_enc.o
    0x0800760c   0x0800760c   0x000000cc   Code   RO         6915    i.Global_Tx_PK_verify_share  thres_enc.o
    0x080076d8   0x080076d8   0x000000d8   Code   RO         6916    i.Global_Tx_SK_decrypt_share  thres_enc.o
    0x080077b0   0x080077b0   0x000001e0   Code   RO         6917    i.Global_init_thres_enc  thres_enc.o
    0x08007990   0x08007990   0x000000ac   Code   RO         1147    i.HAL_DMA_Abort     stm32f7xx_hal_dma.o
    0x08007a3c   0x08007a3c   0x00000028   Code   RO         1148    i.HAL_DMA_Abort_IT  stm32f7xx_hal_dma.o
    0x08007a64   0x08007a64   0x0000020c   Code   RO         1294    i.HAL_GPIO_Init     stm32f7xx_hal_gpio.o
    0x08007c70   0x08007c70   0x00000010   Code   RO         1296    i.HAL_GPIO_ReadPin  stm32f7xx_hal_gpio.o
    0x08007c80   0x08007c80   0x0000000c   Code   RO         1298    i.HAL_GPIO_WritePin  stm32f7xx_hal_gpio.o
    0x08007c8c   0x08007c8c   0x0000000c   Code   RO         4326    i.HAL_GetTick       stm32f7xx_hal.o
    0x08007c98   0x08007c98   0x00000030   Code   RO         4333    i.HAL_Init          stm32f7xx_hal.o
    0x08007cc8   0x08007cc8   0x0000004c   Code   RO         4334    i.HAL_InitTick      stm32f7xx_hal.o
    0x08007d14   0x08007d14   0x0000005c   Code   RO         1004    i.HAL_MPU_ConfigRegion  stm32f7xx_hal_cortex.o
    0x08007d70   0x08007d70   0x0000002c   Code   RO         1005    i.HAL_MPU_Disable   stm32f7xx_hal_cortex.o
    0x08007d9c   0x08007d9c   0x00000040   Code   RO         1006    i.HAL_MPU_Enable    stm32f7xx_hal_cortex.o
    0x08007ddc   0x08007ddc   0x00000002   Code   RO         4336    i.HAL_MspInit       stm32f7xx_hal.o
    0x08007dde   0x08007dde   0x00000002   PAD
    0x08007de0   0x08007de0   0x0000001c   Code   RO         1008    i.HAL_NVIC_DisableIRQ  stm32f7xx_hal_cortex.o
    0x08007dfc   0x08007dfc   0x0000001a   Code   RO         1009    i.HAL_NVIC_EnableIRQ  stm32f7xx_hal_cortex.o
    0x08007e16   0x08007e16   0x0000007c   Code   RO         1015    i.HAL_NVIC_SetPriority  stm32f7xx_hal_cortex.o
    0x08007e92   0x08007e92   0x00000002   PAD
    0x08007e94   0x08007e94   0x00000028   Code   RO         1016    i.HAL_NVIC_SetPriorityGrouping  stm32f7xx_hal_cortex.o
    0x08007ebc   0x08007ebc   0x00000090   Code   RO         2273    i.HAL_PWREx_EnableOverDrive  stm32f7xx_hal_pwr_ex.o
    0x08007f4c   0x08007f4c   0x00000194   Code   RO         2360    i.HAL_RCC_ClockConfig  stm32f7xx_hal_rcc.o
    0x080080e0   0x080080e0   0x0000000c   Code   RO         2365    i.HAL_RCC_GetHCLKFreq  stm32f7xx_hal_rcc.o
    0x080080ec   0x080080ec   0x00000020   Code   RO         2367    i.HAL_RCC_GetPCLK1Freq  stm32f7xx_hal_rcc.o
    0x0800810c   0x0800810c   0x00000020   Code   RO         2368    i.HAL_RCC_GetPCLK2Freq  stm32f7xx_hal_rcc.o
    0x0800812c   0x0800812c   0x000000b0   Code   RO         2369    i.HAL_RCC_GetSysClockFreq  stm32f7xx_hal_rcc.o
    0x080081dc   0x080081dc   0x00000514   Code   RO         2372    i.HAL_RCC_OscConfig  stm32f7xx_hal_rcc.o
    0x080086f0   0x080086f0   0x00000086   Code   RO         2523    i.HAL_RNG_GenerateRandomNumber  stm32f7xx_hal_rng.o
    0x08008776   0x08008776   0x00000018   Code   RO         2526    i.HAL_RNG_GetRandomNumber  stm32f7xx_hal_rng.o
    0x0800878e   0x0800878e   0x00000034   Code   RO         2530    i.HAL_RNG_Init      stm32f7xx_hal_rng.o
    0x080087c2   0x080087c2   0x00000002   PAD
    0x080087c4   0x080087c4   0x00000024   Code   RO         4618    i.HAL_RNG_MspInit   rng.o
    0x080087e8   0x080087e8   0x00000028   Code   RO         1018    i.HAL_SYSTICK_CLKSourceConfig  stm32f7xx_hal_cortex.o
    0x08008810   0x08008810   0x00000034   Code   RO         1020    i.HAL_SYSTICK_Config  stm32f7xx_hal_cortex.o
    0x08008844   0x08008844   0x00000002   Code   RO         3350    i.HAL_TIMEx_Break2Callback  stm32f7xx_hal_tim_ex.o
    0x08008846   0x08008846   0x00000002   Code   RO         3351    i.HAL_TIMEx_BreakCallback  stm32f7xx_hal_tim_ex.o
    0x08008848   0x08008848   0x00000002   Code   RO         3352    i.HAL_TIMEx_CommutCallback  stm32f7xx_hal_tim_ex.o
    0x0800884a   0x0800884a   0x0000006e   Code   RO         2625    i.HAL_TIM_Base_Init  stm32f7xx_hal_tim.o
    0x080088b8   0x080088b8   0x0000012c   Code   RO         4664    i.HAL_TIM_Base_MspInit  btim.o
    0x080089e4   0x080089e4   0x000000b4   Code   RO         2630    i.HAL_TIM_Base_Start_IT  stm32f7xx_hal_tim.o
    0x08008a98   0x08008a98   0x00000002   Code   RO         2659    i.HAL_TIM_IC_CaptureCallback  stm32f7xx_hal_tim.o
    0x08008a9a   0x08008a9a   0x000001b8   Code   RO         2673    i.HAL_TIM_IRQHandler  stm32f7xx_hal_tim.o
    0x08008c52   0x08008c52   0x00000002   Code   RO         2676    i.HAL_TIM_OC_DelayElapsedCallback  stm32f7xx_hal_tim.o
    0x08008c54   0x08008c54   0x00000002   Code   RO         2703    i.HAL_TIM_PWM_PulseFinishedCallback  stm32f7xx_hal_tim.o
    0x08008c56   0x08008c56   0x00000002   PAD
    0x08008c58   0x08008c58   0x000001d8   Code   RO         4665    i.HAL_TIM_PeriodElapsedCallback  btim.o
    0x08008e30   0x08008e30   0x00000002   Code   RO         2716    i.HAL_TIM_TriggerCallback  stm32f7xx_hal_tim.o
    0x08008e32   0x08008e32   0x00000002   Code   RO         3644    i.HAL_UARTEx_RxEventCallback  stm32f7xx_hal_uart.o
    0x08008e34   0x08008e34   0x00000002   Code   RO         3645    i.HAL_UARTEx_WakeupCallback  stm32f7xx_hal_uart.o
    0x08008e36   0x08008e36   0x00000002   Code   RO         3661    i.HAL_UART_ErrorCallback  stm32f7xx_hal_uart.o
    0x08008e38   0x08008e38   0x0000000e   Code   RO         3663    i.HAL_UART_GetState  stm32f7xx_hal_uart.o
    0x08008e46   0x08008e46   0x00000002   PAD
    0x08008e48   0x08008e48   0x00000350   Code   RO         3664    i.HAL_UART_IRQHandler  stm32f7xx_hal_uart.o
    0x08009198   0x08009198   0x00000074   Code   RO         3665    i.HAL_UART_Init     stm32f7xx_hal_uart.o
    0x0800920c   0x0800920c   0x00000002   Code   RO          511    i.HAL_UART_MspInit  stm32f7xx_hal_msp.o
    0x0800920e   0x0800920e   0x00000050   Code   RO         3670    i.HAL_UART_Receive_IT  stm32f7xx_hal_uart.o
    0x0800925e   0x0800925e   0x00000002   PAD
    0x08009260   0x08009260   0x00000088   Code   RO          909    i.HAL_UART_RxCpltCallback  usart.o
    0x080092e8   0x080092e8   0x000000b2   Code   RO         3674    i.HAL_UART_Transmit  stm32f7xx_hal_uart.o
    0x0800939a   0x0800939a   0x00000002   Code   RO         3677    i.HAL_UART_TxCpltCallback  stm32f7xx_hal_uart.o
    0x0800939c   0x0800939c   0x0000007a   Code   RO         9216    i.HASH256_hash      hash.o
    0x08009416   0x08009416   0x00000002   PAD
    0x08009418   0x08009418   0x00000064   Code   RO         9217    i.HASH256_init      hash.o
    0x0800947c   0x0800947c   0x00000052   Code   RO         9218    i.HASH256_process   hash.o
    0x080094ce   0x080094ce   0x00000002   PAD
    0x080094d0   0x080094d0   0x000001f8   Code   RO         9219    i.HASH256_transform  hash.o
    0x080096c8   0x080096c8   0x00000004   Code   RO          548    i.HardFault_Handler  stm32f7xx_it.o
    0x080096cc   0x080096cc   0x00000058   Code   RO         4588    i.LED_Init          led.o
    0x08009724   0x08009724   0x00000284   Code   RO         6075    i.LoRa_Init         mw1268_app.o
    0x080099a8   0x080099a8   0x00000028   Code   RO         6077    i.LoRa_SendData     mw1268_app.o
    0x080099d0   0x080099d0   0x0000021c   Code   RO         6078    i.LoRa_Set          mw1268_app.o
    0x08009bec   0x08009bec   0x0000004e   Code   RO          680    i.MPU_Config        utility.o
    0x08009c3a   0x08009c3a   0x00000004   Code   RO          549    i.MemManage_Handler  stm32f7xx_it.o
    0x08009c3e   0x08009c3e   0x00000002   Code   RO          550    i.NMI_Handler       stm32f7xx_it.o
    0x08009c40   0x08009c40   0x00000010   Code   RO         1022    i.NVIC_GetPriorityGrouping  stm32f7xx_hal_cortex.o
    0x08009c50   0x08009c50   0x00000028   Code   RO         1023    i.NVIC_SetPriority  stm32f7xx_hal_cortex.o
    0x08009c78   0x08009c78   0x00002a1c   Code   RO           17    i.PACKET_handler    main.o
    0x0800c694   0x0800c694   0x000000c4   Code   RO         8501    i.PAIR_BN158_G1mul  pair_bn158.o
    0x0800c758   0x0800c758   0x00000124   Code   RO         8503    i.PAIR_BN158_G2mul  pair_bn158.o
    0x0800c87c   0x0800c87c   0x000000ca   Code   RO         8507    i.PAIR_BN158_add    pair_bn158.o
    0x0800c946   0x0800c946   0x00000002   PAD
    0x0800c948   0x0800c948   0x000001b8   Code   RO         8510    i.PAIR_BN158_ate    pair_bn158.o
    0x0800cb00   0x0800cb00   0x000000bc   Code   RO         8511    i.PAIR_BN158_double  pair_bn158.o
    0x0800cbbc   0x0800cbbc   0x00000300   Code   RO         8512    i.PAIR_BN158_double_ate  pair_bn158.o
    0x0800cebc   0x0800cebc   0x0000020c   Code   RO         8513    i.PAIR_BN158_fexp   pair_bn158.o
    0x0800d0c8   0x0800d0c8   0x0000007c   Code   RO         8515    i.PAIR_BN158_line   pair_bn158.o
    0x0800d144   0x0800d144   0x00000048   Code   RO         8517    i.PAIR_BN158_nbits  pair_bn158.o
    0x0800d18c   0x0800d18c   0x000000c0   Code   RO          681    i.PostSleepProcessing  utility.o
    0x0800d24c   0x0800d24c   0x00000050   Code   RO          682    i.PreSleepProcessing  utility.o
    0x0800d29c   0x0800d29c   0x00000020   Code   RO         9629    i.RAND_byte         rand.o
    0x0800d2bc   0x0800d2bc   0x00000092   Code   RO         9631    i.RAND_seed         rand.o
    0x0800d34e   0x0800d34e   0x00000002   PAD
    0x0800d350   0x0800d350   0x000000e8   Code   RO           19    i.RBC_ECHO_handler  main.o
    0x0800d438   0x0800d438   0x00000110   Code   RO           21    i.RBC_INIT_handler  main.o
    0x0800d548   0x0800d548   0x00000178   Code   RO           22    i.RBC_NACK_handler  main.o
    0x0800d6c0   0x0800d6c0   0x000000e8   Code   RO           23    i.RBC_READY_handler  main.o
    0x0800d7a8   0x0800d7a8   0x00000164   Code   RO           24    i.RBC_init          main.o
    0x0800d90c   0x0800d90c   0x00000010   Code   RO         4619    i.RNG_Get_RandomNum  rng.o
    0x0800d91c   0x0800d91c   0x00000020   Code   RO         4620    i.RNG_Get_RandomRange  rng.o
    0x0800d93c   0x0800d93c   0x00000048   Code   RO         4621    i.RNG_Init          rng.o
    0x0800d984   0x0800d984   0x000000e0   Code   RO           25    i.SIG_handler       main.o
    0x0800da64   0x0800da64   0x0000002a   Code   RO          684    i.Sixteen2Ten       utility.o
    0x0800da8e   0x0800da8e   0x00000002   PAD
    0x0800da90   0x0800da90   0x00000038   Code   RO         5977    i.SysTick_Handler   port.o
    0x0800dac8   0x0800dac8   0x00000070   Code   RO          685    i.SystemClock_Config  utility.o
    0x0800db38   0x0800db38   0x00000014   Code   RO         6183    i.SystemInit        system_stm32f7xx.o
    0x0800db4c   0x0800db4c   0x00000010   Code   RO         4667    i.TIM1_BRK_TIM9_IRQHandler  btim.o
    0x0800db5c   0x0800db5c   0x00000010   Code   RO         4668    i.TIM1_UP_TIM10_IRQHandler  btim.o
    0x0800db6c   0x0800db6c   0x00000010   Code   RO         4669    i.TIM2_IRQHandler   btim.o
    0x0800db7c   0x0800db7c   0x00000010   Code   RO         4671    i.TIM5_IRQHandler   btim.o
    0x0800db8c   0x0800db8c   0x00000010   Code   RO         4672    i.TIM7_IRQHandler   btim.o
    0x0800db9c   0x0800db9c   0x000000d8   Code   RO         2718    i.TIM_Base_SetConfig  stm32f7xx_hal_tim.o
    0x0800dc74   0x0800dc74   0x00000168   Code   RO         6918    i.Tx_PK_combine_share  thres_enc.o
    0x0800dddc   0x0800dddc   0x0000018c   Code   RO         6919    i.Tx_PK_encrypt     thres_enc.o
    0x0800df68   0x0800df68   0x000000c4   Code   RO         6921    i.Tx_PK_verify_share  thres_enc.o
    0x0800e02c   0x0800e02c   0x000000d8   Code   RO         6922    i.Tx_SK_decrypt_share  thres_enc.o
    0x0800e104   0x0800e104   0x00000078   Code   RO           26    i.Tx_decrypt        main.o
    0x0800e17c   0x0800e17c   0x00000088   Code   RO           27    i.Tx_encrypt        main.o
    0x0800e204   0x0800e204   0x00000138   Code   RO           28    i.Tx_init           main.o
    0x0800e33c   0x0800e33c   0x000000f8   Code   RO         3679    i.UART_AdvFeatureConfig  stm32f7xx_hal_uart.o
    0x0800e434   0x0800e434   0x00000076   Code   RO         3680    i.UART_CheckIdleState  stm32f7xx_hal_uart.o
    0x0800e4aa   0x0800e4aa   0x00000018   Code   RO         3681    i.UART_DMAAbortOnError  stm32f7xx_hal_uart.o
    0x0800e4c2   0x0800e4c2   0x00000066   Code   RO         3691    i.UART_EndRxTransfer  stm32f7xx_hal_uart.o
    0x0800e528   0x0800e528   0x0000002e   Code   RO         3692    i.UART_EndTransmit_IT  stm32f7xx_hal_uart.o
    0x0800e556   0x0800e556   0x000000d4   Code   RO         3694    i.UART_RxISR_16BIT  stm32f7xx_hal_uart.o
    0x0800e62a   0x0800e62a   0x000000d0   Code   RO         3695    i.UART_RxISR_8BIT   stm32f7xx_hal_uart.o
    0x0800e6fa   0x0800e6fa   0x00000002   PAD
    0x0800e6fc   0x0800e6fc   0x0000033c   Code   RO         3696    i.UART_SetConfig    stm32f7xx_hal_uart.o
    0x0800ea38   0x0800ea38   0x000000f4   Code   RO         3698    i.UART_Start_Receive_IT  stm32f7xx_hal_uart.o
    0x0800eb2c   0x0800eb2c   0x000000fc   Code   RO         3701    i.UART_WaitOnFlagUntilTimeout  stm32f7xx_hal_uart.o
    0x0800ec28   0x0800ec28   0x00000050   Code   RO          910    i.USART1_IRQHandler  usart.o
    0x0800ec78   0x0800ec78   0x0000007c   Code   RO         4873    i.USART3_IRQHandler  usart3.o
    0x0800ecf4   0x0800ecf4   0x00000004   Code   RO          551    i.UsageFault_Handler  stm32f7xx_it.o
    0x0800ecf8   0x0800ecf8   0x0000007c   Code   RO         6080    i.User_GpioInit     mw1268_app.o
    0x0800ed74   0x0800ed74   0x00000060   Code   RO         6325    i._Z12regularize_kPKjPjS1_PK12uECC_Curve_t  uecc.o
    0x0800edd4   0x0800edd4   0x00000040   Code   RO         6326    i._Z12uECC_vli_addPjPKjS1_a  uecc.o
    0x0800ee14   0x0800ee14   0x00000042   Code   RO         6327    i._Z12uECC_vli_cmpPKjS0_a  uecc.o
    0x0800ee56   0x0800ee56   0x0000001a   Code   RO         6328    i._Z12uECC_vli_setPjPKja  uecc.o
    0x0800ee70   0x0800ee70   0x00000042   Code   RO         6329    i._Z12uECC_vli_subPjPKjS1_a  uecc.o
    0x0800eeb2   0x0800eeb2   0x000001ae   Code   RO         6330    i._Z13EccPoint_multPjPKjS1_S1_sPK12uECC_Curve_t  uecc.o
    0x0800f060   0x0800f060   0x00000142   Code   RO         6331    i._Z13uECC_vli_mmodPjS_PKja  uecc.o
    0x0800f1a2   0x0800f1a2   0x000000ae   Code   RO         6332    i._Z13uECC_vli_multPjPKjS1_a  uecc.o
    0x0800f250   0x0800f250   0x00000020   Code   RO         6333    i._Z13vli_numDigitsPKja  uecc.o
    0x0800f270   0x0800f270   0x00000016   Code   RO         6334    i._Z14uECC_vli_clearPja  uecc.o
    0x0800f286   0x0800f286   0x0000002c   Code   RO         6335    i._Z14uECC_vli_equalPKjS0_a  uecc.o
    0x0800f2b2   0x0800f2b2   0x00000002   PAD
    0x0800f2b4   0x0800f2b4   0x00000058   Code   RO         6336    i._Z14x_side_defaultPjPKjPK12uECC_Curve_t  uecc.o
    0x0800f30c   0x0800f30c   0x00000024   Code   RO         6337    i._Z15uECC_vli_isZeroPKja  uecc.o
    0x0800f330   0x0800f330   0x00000040   Code   RO         6338    i._Z15uECC_vli_modAddPjPKjS1_S1_a  uecc.o
    0x0800f370   0x0800f370   0x00000132   Code   RO         6339    i._Z15uECC_vli_modInvPjPKjS1_a  uecc.o
    0x0800f4a2   0x0800f4a2   0x00000034   Code   RO         6340    i._Z15uECC_vli_modSubPjPKjS1_S1_a  uecc.o
    0x0800f4d6   0x0800f4d6   0x00000002   PAD
    0x0800f4d8   0x0800f4d8   0x00000080   Code   RO         6341    i._Z16mod_sqrt_defaultPjPK12uECC_Curve_t  uecc.o
    0x0800f558   0x0800f558   0x0000018c   Code   RO         6342    i._Z16uECC_sign_with_kPKhS0_jPjPhPK12uECC_Curve_t  uecc.o
    0x0800f6e4   0x0800f6e4   0x00000030   Code   RO         6344    i._Z16uECC_vli_modMultPjPKjS1_S1_a  uecc.o
    0x0800f714   0x0800f714   0x00000036   Code   RO         6345    i._Z16uECC_vli_numBitsPKja  uecc.o
    0x0800f74a   0x0800f74a   0x00000022   Code   RO         6346    i._Z16uECC_vli_rshift1Pja  uecc.o
    0x0800f76c   0x0800f76c   0x00000016   Code   RO         6347    i._Z16uECC_vli_testBitPKjs  uecc.o
    0x0800f782   0x0800f782   0x00000032   Code   RO         6348    i._Z16x_side_secp256k1PjPKjPK12uECC_Curve_t  uecc.o
    0x0800f7b4   0x0800f7b4   0x00000040   Code   RO         6349    i._Z17vli_modInv_updatePjPKja  uecc.o
    0x0800f7f4   0x0800f7f4   0x00000098   Code   RO         6350    i._Z18mod_sqrt_secp224r1PjPK12uECC_Curve_t  uecc.o
    0x0800f88c   0x0800f88c   0x00000074   Code   RO         6351    i._Z19XYcZ_initial_doublePjS_S_S_PKjPK12uECC_Curve_t  uecc.o
    0x0800f900   0x0800f900   0x0000003a   Code   RO         6352    i._Z19uECC_vli_cmp_unsafePKjS0_a  uecc.o
    0x0800f93a   0x0800f93a   0x0000004e   Code   RO         6353    i._Z20omega_mult_secp160r1PjPKj  uecc.o
    0x0800f988   0x0800f988   0x00000044   Code   RO         6354    i._Z20omega_mult_secp256k1PjPKj  uecc.o
    0x0800f9cc   0x0800f9cc   0x000000c4   Code   RO         6355    i._Z21mod_sqrt_secp224r1_rmPjS_S_PKjS1_S1_S1_S1_  uecc.o
    0x0800fa90   0x0800fa90   0x000000b4   Code   RO         6356    i._Z21mod_sqrt_secp224r1_rpPjS_S_PKjS1_  uecc.o
    0x0800fb44   0x0800fb44   0x00000088   Code   RO         6357    i._Z21mod_sqrt_secp224r1_rsPjS_S_PKjS1_S1_  uecc.o
    0x0800fbcc   0x0800fbcc   0x00000028   Code   RO         6358    i._Z21uECC_vli_modMult_fastPjPKjS1_PK12uECC_Curve_t  uecc.o
    0x0800fbf4   0x0800fbf4   0x00000058   Code   RO         6359    i._Z22mod_sqrt_secp224r1_rssPjS_S_PKjS1_S1_s  uecc.o
    0x0800fc4c   0x0800fc4c   0x0000004a   Code   RO         6360    i._Z22uECC_vli_bytesToNativePjPKhi  uecc.o
    0x0800fc96   0x0800fc96   0x00000024   Code   RO         6361    i._Z22uECC_vli_nativeToBytesPhiPKj  uecc.o
    0x0800fcba   0x0800fcba   0x00000154   Code   RO         6362    i._Z23double_jacobian_defaultPjS_S_PK12uECC_Curve_t  uecc.o
    0x0800fe0e   0x0800fe0e   0x00000016   Code   RO         6363    i._Z23uECC_vli_modSquare_fastPjPKjPK12uECC_Curve_t  uecc.o
    0x0800fe24   0x0800fe24   0x00000084   Code   RO         6364    i._Z23vli_mmod_fast_secp160r1PjS_  uecc.o
    0x0800fea8   0x0800fea8   0x0000009c   Code   RO         6365    i._Z23vli_mmod_fast_secp192r1PjS_  uecc.o
    0x0800ff44   0x0800ff44   0x000000e8   Code   RO         6366    i._Z23vli_mmod_fast_secp224r1PjS_  uecc.o
    0x0801002c   0x0801002c   0x00000084   Code   RO         6367    i._Z23vli_mmod_fast_secp256k1PjS_  uecc.o
    0x080100b0   0x080100b0   0x000001c8   Code   RO         6368    i._Z23vli_mmod_fast_secp256r1PjS_  uecc.o
    0x08010278   0x08010278   0x00000078   Code   RO         6369    i._Z24uECC_generate_random_intPjPKja  uecc.o
    0x080102f0   0x080102f0   0x00000100   Code   RO         6370    i._Z25double_jacobian_secp256k1PjS_S_PK12uECC_Curve_t  uecc.o
    0x080103f0   0x080103f0   0x0000000e   Code   RO         6372    i._Z4smaxss         uecc.o
    0x080103fe   0x080103fe   0x0000004e   Code   RO         6373    i._Z6muladdjjPjS_S_  uecc.o
    0x0801044c   0x0801044c   0x0000003e   Code   RO         6374    i._Z7apply_zPjS_PKjPK12uECC_Curve_t  uecc.o
    0x0801048a   0x0801048a   0x000000ca   Code   RO         6375    i._Z8XYcZ_addPjS_S_S_PK12uECC_Curve_t  uecc.o
    0x08010554   0x08010554   0x000000a8   Code   RO         6376    i._Z8bits2intPjPKhjPK12uECC_Curve_t  uecc.o
    0x080105fc   0x080105fc   0x00000118   Code   RO         6379    i._Z9XYcZ_addCPjS_S_S_PK12uECC_Curve_t  uecc.o
    0x08010714   0x08010714   0x00000020   Code   RO        10750    i.__0printf         mc_w.l(printfa.o)
    0x08010734   0x08010734   0x00000028   Code   RO        10752    i.__0sprintf        mc_w.l(printfa.o)
    0x0801075c   0x0801075c   0x00000024   Code   RO        10756    i.__0vsprintf       mc_w.l(printfa.o)
    0x08010780   0x08010780   0x0000000e   Code   RO        10828    i.__scatterload_copy  mc_w.l(handlers.o)
    0x0801078e   0x0801078e   0x00000002   Code   RO        10829    i.__scatterload_null  mc_w.l(handlers.o)
    0x08010790   0x08010790   0x0000000e   Code   RO        10830    i.__scatterload_zeroinit  mc_w.l(handlers.o)
    0x0801079e   0x0801079e   0x00000002   PAD
    0x080107a0   0x080107a0   0x00000184   Code   RO        10757    i._fp_digits        mc_w.l(printfa.o)
    0x08010924   0x08010924   0x000006b4   Code   RO        10758    i._printf_core      mc_w.l(printfa.o)
    0x08010fd8   0x08010fd8   0x00000024   Code   RO        10759    i._printf_post_padding  mc_w.l(printfa.o)
    0x08010ffc   0x08010ffc   0x0000002e   Code   RO        10760    i._printf_pre_padding  mc_w.l(printfa.o)
    0x0801102a   0x0801102a   0x0000000a   Code   RO        10762    i._sputc            mc_w.l(printfa.o)
    0x08011034   0x08011034   0x0000002c   Code   RO         4680    i.btim_tim2_int_init  btim.o
    0x08011060   0x08011060   0x00000034   Code   RO         4683    i.btim_tim5_enable  btim.o
    0x08011094   0x08011094   0x0000002c   Code   RO         4684    i.btim_tim5_int_init  btim.o
    0x080110c0   0x080110c0   0x0000000c   Code   RO         4690    i.btim_timx_counterset  btim.o
    0x080110cc   0x080110cc   0x00000034   Code   RO         4691    i.btim_timx_enable  btim.o
    0x08011100   0x08011100   0x0000002c   Code   RO         4692    i.btim_timx_int_init  btim.o
    0x0801112c   0x0801112c   0x00000044   Code   RO          766    i.delay_init        delay.o
    0x08011170   0x08011170   0x00000040   Code   RO          767    i.delay_ms          delay.o
    0x080111b0   0x080111b0   0x00000048   Code   RO          768    i.delay_us          delay.o
    0x080111f8   0x080111f8   0x0000003c   Code   RO         5378    i.eTaskConfirmSleepModeStatus  tasks.o
    0x08011234   0x08011234   0x00000098   Code   RO           30    i.eventgroup_task   main.o
    0x080112cc   0x080112cc   0x00000028   Code   RO           31    i.eventsetbit_task  main.o
    0x080112f4   0x080112f4   0x00000038   Code   RO         9632    i.fill_pool         rand.o
    0x0801132c   0x0801132c   0x0000001c   Code   RO          912    i.fputc             usart.o
    0x08011348   0x08011348   0x000000f4   Code   RO           32    i.global_consensus_init  main.o
    0x0801143c   0x0801143c   0x000000f4   Code   RO         8521    i.glv               pair_bn158.o
    0x08011530   0x08011530   0x000000f4   Code   RO         8522    i.gs                pair_bn158.o
    0x08011624   0x08011624   0x00000034   Code   RO           33    i.init              main.o
    0x08011658   0x08011658   0x000000e4   Code   RO          687    i.init_public_key   utility.o
    0x0801173c   0x0801173c   0x000002b0   Code   RO         6923    i.init_thres_enc    thres_enc.o
    0x080119ec   0x080119ec   0x00000254   Code   RO         6831    i.init_thres_sig    thres_prf.o
    0x08011c40   0x08011c40   0x00000120   Code   RO         6832    i.lagrange          thres_prf.o
    0x08011d60   0x08011d60   0x00000042   Code   RO         7539    i.logb2             fp_bn158.o
    0x08011da2   0x08011da2   0x00000002   PAD
    0x08011da4   0x08011da4   0x00000034   Code   RO         6152    i.lora_check_cmd    mw1268_uart.o
    0x08011dd8   0x08011dd8   0x00000080   Code   RO         6153    i.lora_send_cmd     mw1268_uart.o
    0x08011e58   0x08011e58   0x0000004c   Code   RO           34    i.main              main.o
    0x08011ea4   0x08011ea4   0x000000d4   Code   RO         9720    i.mbedtls_aes_crypt_cbc  aes_1.o
    0x08011f78   0x08011f78   0x0000003a   Code   RO         9721    i.mbedtls_aes_crypt_ecb  aes_1.o
    0x08011fb2   0x08011fb2   0x00000016   Code   RO         9722    i.mbedtls_aes_free  aes_1.o
    0x08011fc8   0x08011fc8   0x00000014   Code   RO         9723    i.mbedtls_aes_init  aes_1.o
    0x08011fdc   0x08011fdc   0x000000e8   Code   RO         9724    i.mbedtls_aes_setkey_dec  aes_1.o
    0x080120c4   0x080120c4   0x00000200   Code   RO         9725    i.mbedtls_aes_setkey_enc  aes_1.o
    0x080122c4   0x080122c4   0x0000048c   Code   RO         9726    i.mbedtls_internal_aes_decrypt  aes_1.o
    0x08012750   0x08012750   0x0000048c   Code   RO         9727    i.mbedtls_internal_aes_encrypt  aes_1.o
    0x08012bdc   0x08012bdc   0x00000020   Code   RO        10097    i.mbedtls_platform_zeroize  platform_util.o
    0x08012bfc   0x08012bfc   0x0000002e   Code   RO         8714    i.muladd_160_28     big_160_28.o
    0x08012c2a   0x08012c2a   0x00000044   Code   RO          688    i.my_RNG            utility.o
    0x08012c6e   0x08012c6e   0x00000018   Code   RO         9633    i.pack              rand.o
    0x08012c86   0x08012c86   0x00000002   PAD
    0x08012c88   0x08012c88   0x00000098   Code   RO         5381    i.prvAddCurrentTaskToDelayedList  tasks.o
    0x08012d20   0x08012d20   0x000000b8   Code   RO         5382    i.prvAddNewTaskToReadyList  tasks.o
    0x08012dd8   0x08012dd8   0x00000064   Code   RO         5773    i.prvCheckForValidListAndQueue  timers.o
    0x08012e3c   0x08012e3c   0x00000064   Code   RO         5383    i.prvCheckTasksWaitingTermination  tasks.o
    0x08012ea0   0x08012ea0   0x0000002a   Code   RO         5132    i.prvCopyDataFromQueue  queue.o
    0x08012eca   0x08012eca   0x0000007c   Code   RO         5133    i.prvCopyDataToQueue  queue.o
    0x08012f46   0x08012f46   0x00000012   Code   RO         5384    i.prvDeleteTCB      tasks.o
    0x08012f58   0x08012f58   0x0000004c   Code   RO         5385    i.prvGetExpectedIdleTime  tasks.o
    0x08012fa4   0x08012fa4   0x00000028   Code   RO         5774    i.prvGetNextExpireTime  timers.o
    0x08012fcc   0x08012fcc   0x0000007c   Code   RO         5915    i.prvHeapInit       heap_4.o
    0x08013048   0x08013048   0x00000098   Code   RO         5386    i.prvIdleTask       tasks.o
    0x080130e0   0x080130e0   0x0000002e   Code   RO         5135    i.prvInitialiseNewQueue  queue.o
    0x0801310e   0x0801310e   0x00000002   PAD
    0x08013110   0x08013110   0x000000d0   Code   RO         5387    i.prvInitialiseNewTask  tasks.o
    0x080131e0   0x080131e0   0x00000068   Code   RO         5388    i.prvInitialiseTaskLists  tasks.o
    0x08013248   0x08013248   0x00000068   Code   RO         5916    i.prvInsertBlockIntoFreeList  heap_4.o
    0x080132b0   0x080132b0   0x00000058   Code   RO         5776    i.prvInsertTimerInActiveList  timers.o
    0x08013308   0x08013308   0x0000001a   Code   RO         5136    i.prvIsQueueEmpty   queue.o
    0x08013322   0x08013322   0x0000001e   Code   RO         5137    i.prvIsQueueFull    queue.o
    0x08013340   0x08013340   0x000000a0   Code   RO         5138    i.prvNotifyQueueSetContainer  queue.o
    0x080133e0   0x080133e0   0x00000080   Code   RO         5777    i.prvProcessExpiredTimer  timers.o
    0x08013460   0x08013460   0x0000012c   Code   RO         5778    i.prvProcessReceivedCommands  timers.o
    0x0801358c   0x0801358c   0x00000074   Code   RO         5779    i.prvProcessTimerOrBlockTask  timers.o
    0x08013600   0x08013600   0x00000034   Code   RO         5390    i.prvResetNextTaskUnblockTime  tasks.o
    0x08013634   0x08013634   0x0000002c   Code   RO         5780    i.prvSampleTimeNow  timers.o
    0x08013660   0x08013660   0x000000bc   Code   RO         5781    i.prvSwitchTimerLists  timers.o
    0x0801371c   0x0801371c   0x0000007c   Code   RO         5978    i.prvTaskExitError  port.o
    0x08013798   0x08013798   0x0000001a   Code   RO         5782    i.prvTimerTask      timers.o
    0x080137b2   0x080137b2   0x00000092   Code   RO         5139    i.prvUnlockQueue    queue.o
    0x08013844   0x08013844   0x00000154   Code   RO         5917    i.pvPortMalloc      heap_4.o
    0x08013998   0x08013998   0x00000020   Code   RO         5394    i.pvTaskIncrementMutexHeldCount  tasks.o
    0x080139b8   0x080139b8   0x0000002c   Code   RO         5979    i.pxPortInitialiseStack  port.o
    0x080139e4   0x080139e4   0x0000003e   Code   RO         7540    i.quo               fp_bn158.o
    0x08013a22   0x08013a22   0x00000056   Code   RO         9634    i.sbrand            rand.o
    0x08013a78   0x08013a78   0x00000054   Code   RO         6833    i.sign_data         thres_prf.o
    0x08013acc   0x08013acc   0x0000005a   Code   RO         9635    i.sirand            rand.o
    0x08013b26   0x08013b26   0x00000002   PAD
    0x08013b28   0x08013b28   0x000000c8   Code   RO           35    i.start_task        main.o
    0x08013bf0   0x08013bf0   0x00000114   Code   RO           36    i.subset_or_not     main.o
    0x08013d04   0x08013d04   0x00000010   Code   RO         7178    i.teq               ecp_bn158.o
    0x08013d14   0x08013d14   0x00000010   Code   RO         7356    i.teq               ecp2_bn158.o
    0x08013d24   0x08013d24   0x00000008   Code   RO         6387    i.uECC_secp160r1    uecc.o
    0x08013d2c   0x08013d2c   0x00000008   Code   RO         6388    i.uECC_secp192r1    uecc.o
    0x08013d34   0x08013d34   0x0000000c   Code   RO         6392    i.uECC_set_rng      uecc.o
    0x08013d40   0x08013d40   0x0000005a   Code   RO         6394    i.uECC_sign         uecc.o
    0x08013d9a   0x08013d9a   0x000002d0   Code   RO         6397    i.uECC_verify       uecc.o
    0x0801406a   0x0801406a   0x00000002   PAD
    0x0801406c   0x0801406c   0x000000c0   Code   RO         4874    i.usart3_bpsset     usart3.o
    0x0801412c   0x0801412c   0x00000078   Code   RO         4875    i.usart3_gpioinit   usart3.o
    0x080141a4   0x080141a4   0x00000068   Code   RO         4876    i.usart3_init       usart3.o
    0x0801420c   0x0801420c   0x00000044   Code   RO         4877    i.usart3_rx         usart3.o
    0x08014250   0x08014250   0x0000003c   Code   RO         4878    i.usart3_sendData   usart3.o
    0x0801428c   0x0801428c   0x00000028   Code   RO         5083    i.uxListRemove      list.o
    0x080142b4   0x080142b4   0x0000001a   Code   RO         5084    i.vListInitialise   list.o
    0x080142ce   0x080142ce   0x00000006   Code   RO         5085    i.vListInitialiseItem  list.o
    0x080142d4   0x080142d4   0x00000034   Code   RO         5086    i.vListInsert       list.o
    0x08014308   0x08014308   0x00000018   Code   RO         5087    i.vListInsertEnd    list.o
    0x08014320   0x08014320   0x00000090   Code   RO         5981    i.vPortEnterCritical  port.o
    0x080143b0   0x080143b0   0x00000074   Code   RO         5982    i.vPortExitCritical  port.o
    0x08014424   0x08014424   0x000000b8   Code   RO         5918    i.vPortFree         heap_4.o
    0x080144dc   0x080144dc   0x0000005c   Code   RO         5983    i.vPortSetupTimerInterrupt  port.o
    0x08014538   0x08014538   0x000001bc   Code   RO         5984    i.vPortSuppressTicksAndSleep  port.o
    0x080146f4   0x080146f4   0x000000a4   Code   RO         5985    i.vPortValidateInterruptPriority  port.o
    0x08014798   0x08014798   0x0000002c   Code   RO         5145    i.vQueueAddToRegistry  queue.o
    0x080147c4   0x080147c4   0x0000004a   Code   RO         5149    i.vQueueWaitForMessageRestricted  queue.o
    0x0801480e   0x0801480e   0x00000002   PAD
    0x08014810   0x08014810   0x00000074   Code   RO         5402    i.vTaskDelay        tasks.o
    0x08014884   0x08014884   0x0000010c   Code   RO         5404    i.vTaskDelete       tasks.o
    0x08014990   0x08014990   0x0000000c   Code   RO         5408    i.vTaskMissedYield  tasks.o
    0x0801499c   0x0801499c   0x00000054   Code   RO         5410    i.vTaskPlaceOnEventList  tasks.o
    0x080149f0   0x080149f0   0x0000005c   Code   RO         5411    i.vTaskPlaceOnEventListRestricted  tasks.o
    0x08014a4c   0x08014a4c   0x000000b0   Code   RO         5413    i.vTaskPriorityInherit  tasks.o
    0x08014afc   0x08014afc   0x0000004c   Code   RO         5417    i.vTaskSetTimeOutState  tasks.o
    0x08014b48   0x08014b48   0x000000b0   Code   RO         5418    i.vTaskStartScheduler  tasks.o
    0x08014bf8   0x08014bf8   0x00000060   Code   RO         5419    i.vTaskStepTick     tasks.o
    0x08014c58   0x08014c58   0x00000010   Code   RO         5421    i.vTaskSuspendAll   tasks.o
    0x08014c68   0x08014c68   0x000000a8   Code   RO         5422    i.vTaskSwitchContext  tasks.o
    0x08014d10   0x08014d10   0x00000118   Code   RO         5986    i.xPortStartScheduler  port.o
    0x08014e28   0x08014e28   0x00000074   Code   RO         5154    i.xQueueGenericCreate  queue.o
    0x08014e9c   0x08014e9c   0x000001c8   Code   RO         5155    i.xQueueGenericReceive  queue.o
    0x08015064   0x08015064   0x000000b0   Code   RO         5156    i.xQueueGenericReset  queue.o
    0x08015114   0x08015114   0x000001c4   Code   RO         5157    i.xQueueGenericSend  queue.o
    0x080152d8   0x080152d8   0x00000114   Code   RO         5158    i.xQueueGenericSendFromISR  queue.o
    0x080153ec   0x080153ec   0x000000a0   Code   RO         5423    i.xTaskCheckForTimeOut  tasks.o
    0x0801548c   0x0801548c   0x00000060   Code   RO         5424    i.xTaskCreate       tasks.o
    0x080154ec   0x080154ec   0x00000118   Code   RO         5425    i.xTaskGenericNotify  tasks.o
    0x08015604   0x08015604   0x00000158   Code   RO         5426    i.xTaskGenericNotifyFromISR  tasks.o
    0x0801575c   0x0801575c   0x00000020   Code   RO         5428    i.xTaskGetSchedulerState  tasks.o
    0x0801577c   0x0801577c   0x0000000c   Code   RO         5429    i.xTaskGetTickCount  tasks.o
    0x08015788   0x08015788   0x00000160   Code   RO         5431    i.xTaskIncrementTick  tasks.o
    0x080158e8   0x080158e8   0x000000a0   Code   RO         5433    i.xTaskNotifyWait   tasks.o
    0x08015988   0x08015988   0x000000d8   Code   RO         5434    i.xTaskPriorityDisinherit  tasks.o
    0x08015a60   0x08015a60   0x000000b8   Code   RO         5435    i.xTaskRemoveFromEventList  tasks.o
    0x08015b18   0x08015b18   0x00000120   Code   RO         5437    i.xTaskResumeAll    tasks.o
    0x08015c38   0x08015c38   0x00000074   Code   RO         5786    i.xTimerCreateTimerTask  timers.o
    0x08015cac   0x08015cac   0x000000a4   Code   RO         5787    i.xTimerGenericCommand  timers.o
    0x08015d50   0x08015d50   0x00000018   Data   RO         6184    .constdata          system_stm32f7xx.o
    0x08015d68   0x08015d68   0x00000394   Data   RO         6473    .constdata          uecc.o
    0x080160fc   0x080160fc   0x0000000c   Data   RO         6836    .constdata          thres_prf.o
    0x08016108   0x08016108   0x00000018   Data   RO         6926    .constdata          thres_enc.o
    0x08016120   0x08016120   0x00000440   Data   RO         9237    .constdata          hash.o
    0x08016560   0x08016560   0x00000380   Data   RO         9694    .constdata          rom_curve_bn158.o
    0x080168e0   0x080168e0   0x000000ac   Data   RO         9707    .constdata          rom_field_bn158.o
    0x0801698c   0x0801698c   0x00002228   Data   RO         9728    .constdata          aes_1.o
    0x08018bb4   0x08018bb4   0x00000040   Data   RO        10826    Region$$Table       anon$$obj.o


    Execution Region RW_IRAM2 (Exec base: 0x20000000, Load base: 0x08018dfc, Size: 0x00005c48, Max: 0x00020000, ABSOLUTE, COMPRESSED[0x00000ed0])

    Exec Addr    Load Addr    Size         Type   Attr      Idx    E Section Name        Object

    0x20000000   COMPRESSED   0x000000a8   Data   RW           38    .data               main.o
    0x200000a8   COMPRESSED   0x00001200   Data   RW          690    .data               utility.o
    0x200012a8   COMPRESSED   0x00000006   Data   RW          770    .data               delay.o
    0x200012ae   COMPRESSED   0x00000002   PAD
    0x200012b0   COMPRESSED   0x00000014   Data   RW         4694    .data               btim.o
    0x200012c4   COMPRESSED   0x00000008   Data   RW         4880    .data               usart3.o
    0x200012cc   COMPRESSED   0x0000003c   Data   RW         5440    .data               tasks.o
    0x20001308   COMPRESSED   0x00000014   Data   RW         5795    .data               timers.o
    0x2000131c   COMPRESSED   0x00000020   Data   RW         5987    .data               port.o
    0x2000133c   COMPRESSED   0x00000004   Data   RW         6185    .data               system_stm32f7xx.o
    0x20001340   COMPRESSED   0x00000010   Data   RW         6221    .data               tendermint2.o
    0x20001350   COMPRESSED   0x0000087e   Data   RW         6927    .data               thres_enc.o
    0x20001bce   COMPRESSED   0x00000002   PAD
    0x20001bd0   COMPRESSED   0x00000004   Data   RW        10098    .data               platform_util.o
    0x20001bd4        -       0x00000888   Zero   RW         4879    .bss                usart3.o
    0x2000245c        -       0x000002e4   Zero   RW         5439    .bss                tasks.o
    0x20002740        -       0x00000366   Zero   RW         6081    .bss                mw1268_app.o
    0x20002aa6   COMPRESSED   0x00000002   PAD
    0x20002aa8        -       0x00000334   Zero   RW         6220    .bss                tendermint2.o
    0x20002ddc        -       0x00002e6c   Zero   RW         6925    .bss                thres_enc.o


    Execution Region RW_IRAM1 (Exec base: 0x20020000, Load base: 0x08018bf4, Size: 0x00045c50, Max: 0x00060000, ABSOLUTE, COMPRESSED[0x00000208])

    Exec Addr    Load Addr    Size         Type   Attr      Idx    E Section Name        Object

    0x20020000   COMPRESSED   0x00000007   Data   RW          915    .data               usart.o
    0x20020007   COMPRESSED   0x00000001   PAD
    0x20020008   COMPRESSED   0x00000009   Data   RW         4340    .data               stm32f7xx_hal.o
    0x20020011   COMPRESSED   0x00000003   PAD
    0x20020014   COMPRESSED   0x00000012   Data   RW         4531    .data               dma.o
    0x20020026   COMPRESSED   0x00000003   Data   RW         4589    .data               led.o
    0x20020029   COMPRESSED   0x00000003   PAD
    0x2002002c   COMPRESSED   0x00000018   Data   RW         5923    .data               heap_4.o
    0x20020044   COMPRESSED   0x00000016   Data   RW         6082    .data               mw1268_app.o
    0x2002005a   COMPRESSED   0x00000002   PAD
    0x2002005c   COMPRESSED   0x00000004   Data   RW         6474    .data               uecc.o
    0x20020060   COMPRESSED   0x00000314   Data   RW         6837    .data               thres_prf.o
    0x20020374        -       0x00019e4f   Zero   RW           37    .bss                main.o
    0x2003a1c3        -       0x00000660   Zero   RW          689    .bss                utility.o
    0x2003a823   COMPRESSED   0x00000001   PAD
    0x2003a824        -       0x00000150   Zero   RW          914    .bss                usart.o
    0x2003a974        -       0x00007780   Zero   RW         4530    .bss                dma.o
    0x200420f4        -       0x00000010   Zero   RW         4622    .bss                rng.o
    0x20042104        -       0x000001ac   Zero   RW         4693    .bss                btim.o
    0x200422b0        -       0x00000040   Zero   RW         5169    .bss                queue.o
    0x200422f0        -       0x00000028   Zero   RW         5794    .bss                timers.o
    0x20042318        -       0x00011800   Zero   RW         5922    .bss                heap_4.o
    0x20053b18        -       0x00002134   Zero   RW         6835    .bss                thres_prf.o
    0x20055c4c   COMPRESSED   0x00000004   PAD
    0x20055c50        -       0x00010000   Zero   RW         4516    STACK               startup_stm32f767xx.o


==============================================================================

Image component sizes


      Code (inc. data)   RO Data    RW Data    ZI Data      Debug   Object Name

      3384         74       8744          0          0      19086   aes_1.o
      5818          0          0          0          0      38195   big_160_28.o
      1100        156          0         20        428      41440   btim.o
       204         18          0          6          0       1987   delay.o
       716         40          0         18      30592       2567   dma.o
         0          0          0          0          0       3151   ecdh_bn158.o
      2530         30          0          0          0      14125   ecp2_bn158.o
      2706         24          0          0          0      13928   ecp_bn158.o
         0          0          0          0          0      11744   event_groups.o
      3030          0          0          0          0      11809   fp12_bn158.o
      1574          4          0          0          0      19109   fp2_bn158.o
      1014          0          0          0          0      13644   fp4_bn158.o
      2054         50          0          0          0      20635   fp_bn158.o
       808         40       1088          0          0       4416   hash.o
       752        176          0         24      71680       3927   heap_4.o
        88          8          0          3          0       1125   led.o
       148          0          0          0          0       3166   list.o
     18440       1792          0        168     106063     959940   main.o
      1740        448          0         22        870       7409   mw1268_app.o
       180         26          0          0          0       1781   mw1268_uart.o
      3294         88          0          0          0       9980   pair_bn158.o
        32          6          0          4          0       1395   platform_util.o
      1650        460          0         32          0      12406   port.o
      2168        238          0          0         64      15693   queue.o
       434          0          0          0          0       4168   rand.o
        18          0          0          0          0        828   randapi.o
       156         22          0          0         16       2801   rng.o
         0          0        896          0          0       1506   rom_curve_bn158.o
         0          0        172          0          0        855   rom_field_bn158.o
         0          0          0          0          0        392   sha2.o
        36          8        504          0      65536        824   startup_stm32f767xx.o
       138         22          0          9          0       8525   stm32f7xx_hal.o
       566         44          0          0          0      39201   stm32f7xx_hal_cortex.o
       212          0          0          0          0       1967   stm32f7xx_hal_dma.o
       552         52          0          0          0       2807   stm32f7xx_hal_gpio.o
         2          0          0          0          0        735   stm32f7xx_hal_msp.o
       144          8          0          0          0       1268   stm32f7xx_hal_pwr_ex.o
      1956         74          0          0          0       5596   stm32f7xx_hal_rcc.o
       210          0          0          0          0       2652   stm32f7xx_hal_rng.o
       954         80          0          0          0       5967   stm32f7xx_hal_tim.o
         6          0          0          0          0       2188   stm32f7xx_hal_tim_ex.o
      3526         86          0          0          0      16629   stm32f7xx_hal_uart.o
        20          0          0          0          0       2665   stm32f7xx_it.o
        16          0          0          0          0        839   sys.o
        20          6         24          4          0       1359   system_stm32f7xx.o
      4542       1146          0         60        740      34252   tasks.o
         0          0          0         16        820       1119   tendermint2.o
      3804        416         24       2174      11884      15176   thres_enc.o
      3780        312         12        788       8500      12799   thres_prf.o
      1310        312          0         20         40       8727   timers.o
      7394         80        916          4          0      52543   uecc.o
       244         36          0          7        336       3670   usart.o
       668         74          0          8       2184       5094   usart3.o
       800         36          0       4608       1632       5155   utility.o

    ----------------------------------------------------------------------
     85000       6492      12444       8008     301392    1474965   Object Totals
         0          0         64          0          0          0   (incl. Generated)
        62          0          0         13          7          0   (incl. Padding)

    ----------------------------------------------------------------------

      Code (inc. data)   RO Data    RW Data    ZI Data      Debug   Library Member Name

        94          0          0          0          0          0   __dclz77c.o
         0          0          0          0          0          0   entry.o
         0          0          0          0          0          0   entry10a.o
         0          0          0          0          0          0   entry11a.o
         4          0          0          0          0          0   entry12b.o
         8          4          0          0          0          0   entry2.o
         4          0          0          0          0          0   entry5.o
         0          0          0          0          0          0   entry7b.o
         0          0          0          0          0          0   entry8b.o
         8          4          0          0          0          0   entry9a.o
        30          0          0          0          0          0   handlers.o
        36          8          0          0          0         68   init.o
         0          0          0          0          0          0   iusefp.o
        30          0          0          0          0         68   llshl.o
        36          0          0          0          0         68   llsshr.o
        32          0          0          0          0         68   llushr.o
        36          0          0          0          0         68   memcpya.o
        36          0          0          0          0        108   memseta.o
      2304        102          0          0          0        696   printfa.o
        14          0          0          0          0         68   strlen.o
        36          0          0          0          0         80   strstr.o
        44          0          0          0          0         80   uidiv.o
        98          0          0          0          0         92   uldiv.o
        48          0          0          0          0         68   cdrcmple.o
       334          0          0          0          0        148   dadd.o
       222          0          0          0          0        100   ddiv.o
       186          0          0          0          0        176   depilogue.o
        48          0          0          0          0         68   dfixul.o
       228          0          0          0          0         96   dmul.o

    ----------------------------------------------------------------------
      3920        118          0          0          0       2120   Library Totals
         4          0          0          0          0          0   (incl. Padding)

    ----------------------------------------------------------------------

      Code (inc. data)   RO Data    RW Data    ZI Data      Debug   Library Name

      2850        118          0          0          0       1464   mc_w.l
      1066          0          0          0          0        656   mf_w.l

    ----------------------------------------------------------------------
      3920        118          0          0          0       2120   Library Totals

    ----------------------------------------------------------------------

==============================================================================


      Code (inc. data)   RO Data    RW Data    ZI Data      Debug   

     88920       6610      12444       8008     301392    1425277   Grand Totals
     88920       6610      12444       4312     301392    1425277   ELF Image Totals (compressed)
     88920       6610      12444       4312          0          0   ROM Totals

==============================================================================

    Total RO  Size (Code + RO Data)               101364 (  98.99kB)
    Total RW  Size (RW Data + ZI Data)            309400 ( 302.15kB)
    Total ROM Size (Code + RO Data + RW Data)     105676 ( 103.20kB)

==============================================================================

